<?xml version="1.0"?>
<link_info>
   <banner>TMS320C2000 Linker PC v16.9.6.LTS</banner>
   <copyright>Copyright (c) 1996-2017 Texas Instruments Incorporated</copyright>
   <link_time>0x5a6ad919</link_time>
   <link_errors>0x0</link_errors>
   <output_file>PM_Sensorless_DRV8301_F2806x.out</output_file>
   <entry_point>
      <name>_c_int00</name>
      <address>0x11595</address>
   </entry_point>
   <input_file_list>
      <input_file id="fl-5">
         <path>.\</path>
         <kind>object</kind>
         <file>DLOG4CHC.obj</file>
         <name>DLOG4CHC.obj</name>
      </input_file>
      <input_file id="fl-6">
         <path>.\</path>
         <kind>object</kind>
         <file>DRV8301_SPI.obj</file>
         <name>DRV8301_SPI.obj</name>
      </input_file>
      <input_file id="fl-7">
         <path>.\</path>
         <kind>object</kind>
         <file>F2806x_CodeStartBranch.obj</file>
         <name>F2806x_CodeStartBranch.obj</name>
      </input_file>
      <input_file id="fl-8">
         <path>.\</path>
         <kind>object</kind>
         <file>F2806x_GlobalVariableDefs.obj</file>
         <name>F2806x_GlobalVariableDefs.obj</name>
      </input_file>
      <input_file id="fl-9">
         <path>.\</path>
         <kind>object</kind>
         <file>F2806x_usDelay.obj</file>
         <name>F2806x_usDelay.obj</name>
      </input_file>
      <input_file id="fl-a">
         <path>.\</path>
         <kind>object</kind>
         <file>PM_Sensorless-DevInit_F2806x.obj</file>
         <name>PM_Sensorless-DevInit_F2806x.obj</name>
      </input_file>
      <input_file id="fl-b">
         <path>.\</path>
         <kind>object</kind>
         <file>PM_Sensorless.obj</file>
         <name>PM_Sensorless.obj</name>
      </input_file>
      <input_file id="fl-c">
         <path>.\</path>
         <kind>object</kind>
         <file>F2806x_CpuTimers.obj</file>
         <name>F2806x_CpuTimers.obj</name>
      </input_file>
      <input_file id="fl-10">
         <path>C:\Program Files (x86)\Texas Instruments\ccsv7\tools\compiler\ti-cgt-c2000_16.9.6.LTS\lib\</path>
         <kind>archive</kind>
         <file>rts2800_fpu32.lib</file>
         <name>boot28.obj</name>
      </input_file>
      <input_file id="fl-12">
         <kind>object</kind>
         <file>&lt;internal&gt;</file>
         <name>&lt;internal&gt;</name>
      </input_file>
      <input_file id="fl-13">
         <path>C:\Program Files (x86)\Texas Instruments\ccsv7\tools\compiler\ti-cgt-c2000_16.9.6.LTS\lib\</path>
         <kind>archive</kind>
         <file>rts2800_fpu32.lib</file>
         <name>cpy_tbl.obj</name>
      </input_file>
      <input_file id="fl-14">
         <path>C:\Program Files (x86)\Texas Instruments\ccsv7\tools\compiler\ti-cgt-c2000_16.9.6.LTS\lib\</path>
         <kind>archive</kind>
         <file>rts2800_fpu32.lib</file>
         <name>exit.obj</name>
      </input_file>
      <input_file id="fl-15">
         <path>C:\Program Files (x86)\Texas Instruments\ccsv7\tools\compiler\ti-cgt-c2000_16.9.6.LTS\lib\</path>
         <kind>archive</kind>
         <file>rts2800_fpu32.lib</file>
         <name>memcpy.obj</name>
      </input_file>
      <input_file id="fl-16">
         <path>C:\Program Files (x86)\Texas Instruments\ccsv7\tools\compiler\ti-cgt-c2000_16.9.6.LTS\lib\</path>
         <kind>archive</kind>
         <file>rts2800_fpu32.lib</file>
         <name>pre_init.obj</name>
      </input_file>
      <input_file id="fl-17">
         <path>C:\Program Files (x86)\Texas Instruments\ccsv7\tools\compiler\ti-cgt-c2000_16.9.6.LTS\lib\</path>
         <kind>archive</kind>
         <file>rts2800_fpu32.lib</file>
         <name>startup.obj</name>
      </input_file>
      <input_file id="fl-18">
         <path>C:\Program Files (x86)\Texas Instruments\ccsv7\tools\compiler\ti-cgt-c2000_16.9.6.LTS\lib\</path>
         <kind>archive</kind>
         <file>rts2800_fpu32.lib</file>
         <name>_lock.obj</name>
      </input_file>
      <input_file id="fl-19">
         <path>C:\Program Files (x86)\Texas Instruments\ccsv7\tools\compiler\ti-cgt-c2000_16.9.6.LTS\lib\</path>
         <kind>archive</kind>
         <file>rts2800_fpu32.lib</file>
         <name>args_main.obj</name>
      </input_file>
      <input_file id="fl-1a">
         <path>..\</path>
         <kind>archive</kind>
         <file>rts2800_fpu32_fast_supplement.lib</file>
         <name>sin_f32.obj</name>
      </input_file>
      <input_file id="fl-1b">
         <path>..\</path>
         <kind>archive</kind>
         <file>rts2800_fpu32_fast_supplement.lib</file>
         <name>div_f32.obj</name>
      </input_file>
      <input_file id="fl-1c">
         <path>..\</path>
         <kind>archive</kind>
         <file>rts2800_fpu32_fast_supplement.lib</file>
         <name>cos_f32.obj</name>
      </input_file>
      <input_file id="fl-1d">
         <path>..\</path>
         <kind>archive</kind>
         <file>rts2800_fpu32_fast_supplement.lib</file>
         <name>FPUmathTables.obj</name>
      </input_file>
      <input_file id="fl-1e">
         <path>C:\Program Files (x86)\Texas Instruments\ccsv7\tools\compiler\ti-cgt-c2000_16.9.6.LTS\lib\</path>
         <kind>archive</kind>
         <file>rts2800_fpu32.lib</file>
         <name>e_expf.obj</name>
      </input_file>
      <input_file id="fl-1f">
         <path>C:\Program Files (x86)\Texas Instruments\ccsv7\tools\compiler\ti-cgt-c2000_16.9.6.LTS\lib\</path>
         <kind>archive</kind>
         <file>rts2800_fpu32.lib</file>
         <name>errno.obj</name>
      </input_file>
      <input_file id="fl-20">
         <path>C:\Program Files (x86)\Texas Instruments\ccsv7\tools\compiler\ti-cgt-c2000_16.9.6.LTS\lib\</path>
         <kind>archive</kind>
         <file>rts2800_fpu32.lib</file>
         <name>memset.obj</name>
      </input_file>
      <input_file id="fl-21">
         <path>C:\Program Files (x86)\Texas Instruments\ccsv7\tools\compiler\ti-cgt-c2000_16.9.6.LTS\lib\</path>
         <kind>archive</kind>
         <file>rts2800_fpu32.lib</file>
         <name>printf.obj</name>
      </input_file>
      <input_file id="fl-22">
         <path>C:\Program Files (x86)\Texas Instruments\ccsv7\tools\compiler\ti-cgt-c2000_16.9.6.LTS\lib\</path>
         <kind>archive</kind>
         <file>rts2800_fpu32.lib</file>
         <name>_printfi.obj</name>
      </input_file>
      <input_file id="fl-23">
         <path>C:\Program Files (x86)\Texas Instruments\ccsv7\tools\compiler\ti-cgt-c2000_16.9.6.LTS\lib\</path>
         <kind>archive</kind>
         <file>rts2800_fpu32.lib</file>
         <name>atoi.obj</name>
      </input_file>
      <input_file id="fl-24">
         <path>C:\Program Files (x86)\Texas Instruments\ccsv7\tools\compiler\ti-cgt-c2000_16.9.6.LTS\lib\</path>
         <kind>archive</kind>
         <file>rts2800_fpu32.lib</file>
         <name>ctype.obj</name>
      </input_file>
      <input_file id="fl-25">
         <path>C:\Program Files (x86)\Texas Instruments\ccsv7\tools\compiler\ti-cgt-c2000_16.9.6.LTS\lib\</path>
         <kind>archive</kind>
         <file>rts2800_fpu32.lib</file>
         <name>defs.obj</name>
      </input_file>
      <input_file id="fl-26">
         <path>C:\Program Files (x86)\Texas Instruments\ccsv7\tools\compiler\ti-cgt-c2000_16.9.6.LTS\lib\</path>
         <kind>archive</kind>
         <file>rts2800_fpu32.lib</file>
         <name>fd_cmp28.obj</name>
      </input_file>
      <input_file id="fl-27">
         <path>C:\Program Files (x86)\Texas Instruments\ccsv7\tools\compiler\ti-cgt-c2000_16.9.6.LTS\lib\</path>
         <kind>archive</kind>
         <file>rts2800_fpu32.lib</file>
         <name>fd_div28.obj</name>
      </input_file>
      <input_file id="fl-28">
         <path>C:\Program Files (x86)\Texas Instruments\ccsv7\tools\compiler\ti-cgt-c2000_16.9.6.LTS\lib\</path>
         <kind>archive</kind>
         <file>rts2800_fpu32.lib</file>
         <name>fd_mpy28.obj</name>
      </input_file>
      <input_file id="fl-29">
         <path>C:\Program Files (x86)\Texas Instruments\ccsv7\tools\compiler\ti-cgt-c2000_16.9.6.LTS\lib\</path>
         <kind>archive</kind>
         <file>rts2800_fpu32.lib</file>
         <name>fd_neg28.obj</name>
      </input_file>
      <input_file id="fl-2a">
         <path>C:\Program Files (x86)\Texas Instruments\ccsv7\tools\compiler\ti-cgt-c2000_16.9.6.LTS\lib\</path>
         <kind>archive</kind>
         <file>rts2800_fpu32.lib</file>
         <name>fd_sub28.obj</name>
      </input_file>
      <input_file id="fl-2b">
         <path>C:\Program Files (x86)\Texas Instruments\ccsv7\tools\compiler\ti-cgt-c2000_16.9.6.LTS\lib\</path>
         <kind>archive</kind>
         <file>rts2800_fpu32.lib</file>
         <name>fd_toi28.obj</name>
      </input_file>
      <input_file id="fl-2c">
         <path>C:\Program Files (x86)\Texas Instruments\ccsv7\tools\compiler\ti-cgt-c2000_16.9.6.LTS\lib\</path>
         <kind>archive</kind>
         <file>rts2800_fpu32.lib</file>
         <name>fd_tol28.obj</name>
      </input_file>
      <input_file id="fl-2d">
         <path>C:\Program Files (x86)\Texas Instruments\ccsv7\tools\compiler\ti-cgt-c2000_16.9.6.LTS\lib\</path>
         <kind>archive</kind>
         <file>rts2800_fpu32.lib</file>
         <name>fputc.obj</name>
      </input_file>
      <input_file id="fl-2e">
         <path>C:\Program Files (x86)\Texas Instruments\ccsv7\tools\compiler\ti-cgt-c2000_16.9.6.LTS\lib\</path>
         <kind>archive</kind>
         <file>rts2800_fpu32.lib</file>
         <name>fputs.obj</name>
      </input_file>
      <input_file id="fl-2f">
         <path>C:\Program Files (x86)\Texas Instruments\ccsv7\tools\compiler\ti-cgt-c2000_16.9.6.LTS\lib\</path>
         <kind>archive</kind>
         <file>rts2800_fpu32.lib</file>
         <name>fs_tofdfpu32.obj</name>
      </input_file>
      <input_file id="fl-30">
         <path>C:\Program Files (x86)\Texas Instruments\ccsv7\tools\compiler\ti-cgt-c2000_16.9.6.LTS\lib\</path>
         <kind>archive</kind>
         <file>rts2800_fpu32.lib</file>
         <name>i_tofd28.obj</name>
      </input_file>
      <input_file id="fl-31">
         <path>C:\Program Files (x86)\Texas Instruments\ccsv7\tools\compiler\ti-cgt-c2000_16.9.6.LTS\lib\</path>
         <kind>archive</kind>
         <file>rts2800_fpu32.lib</file>
         <name>l_tofd28.obj</name>
      </input_file>
      <input_file id="fl-32">
         <path>C:\Program Files (x86)\Texas Instruments\ccsv7\tools\compiler\ti-cgt-c2000_16.9.6.LTS\lib\</path>
         <kind>archive</kind>
         <file>rts2800_fpu32.lib</file>
         <name>ll_aox28.obj</name>
      </input_file>
      <input_file id="fl-33">
         <path>C:\Program Files (x86)\Texas Instruments\ccsv7\tools\compiler\ti-cgt-c2000_16.9.6.LTS\lib\</path>
         <kind>archive</kind>
         <file>rts2800_fpu32.lib</file>
         <name>ll_cmp28.obj</name>
      </input_file>
      <input_file id="fl-34">
         <path>C:\Program Files (x86)\Texas Instruments\ccsv7\tools\compiler\ti-cgt-c2000_16.9.6.LTS\lib\</path>
         <kind>archive</kind>
         <file>rts2800_fpu32.lib</file>
         <name>ll_div28.obj</name>
      </input_file>
      <input_file id="fl-35">
         <path>C:\Program Files (x86)\Texas Instruments\ccsv7\tools\compiler\ti-cgt-c2000_16.9.6.LTS\lib\</path>
         <kind>archive</kind>
         <file>rts2800_fpu32.lib</file>
         <name>ltoa.obj</name>
      </input_file>
      <input_file id="fl-36">
         <path>C:\Program Files (x86)\Texas Instruments\ccsv7\tools\compiler\ti-cgt-c2000_16.9.6.LTS\lib\</path>
         <kind>archive</kind>
         <file>rts2800_fpu32.lib</file>
         <name>memccpy.obj</name>
      </input_file>
      <input_file id="fl-37">
         <path>C:\Program Files (x86)\Texas Instruments\ccsv7\tools\compiler\ti-cgt-c2000_16.9.6.LTS\lib\</path>
         <kind>archive</kind>
         <file>rts2800_fpu32.lib</file>
         <name>memchr.obj</name>
      </input_file>
      <input_file id="fl-38">
         <path>C:\Program Files (x86)\Texas Instruments\ccsv7\tools\compiler\ti-cgt-c2000_16.9.6.LTS\lib\</path>
         <kind>archive</kind>
         <file>rts2800_fpu32.lib</file>
         <name>s_frexp.obj</name>
      </input_file>
      <input_file id="fl-39">
         <path>C:\Program Files (x86)\Texas Instruments\ccsv7\tools\compiler\ti-cgt-c2000_16.9.6.LTS\lib\</path>
         <kind>archive</kind>
         <file>rts2800_fpu32.lib</file>
         <name>s_scalbn.obj</name>
      </input_file>
      <input_file id="fl-3a">
         <path>C:\Program Files (x86)\Texas Instruments\ccsv7\tools\compiler\ti-cgt-c2000_16.9.6.LTS\lib\</path>
         <kind>archive</kind>
         <file>rts2800_fpu32.lib</file>
         <name>strchr.obj</name>
      </input_file>
      <input_file id="fl-3b">
         <path>C:\Program Files (x86)\Texas Instruments\ccsv7\tools\compiler\ti-cgt-c2000_16.9.6.LTS\lib\</path>
         <kind>archive</kind>
         <file>rts2800_fpu32.lib</file>
         <name>strcpy.obj</name>
      </input_file>
      <input_file id="fl-3c">
         <path>C:\Program Files (x86)\Texas Instruments\ccsv7\tools\compiler\ti-cgt-c2000_16.9.6.LTS\lib\</path>
         <kind>archive</kind>
         <file>rts2800_fpu32.lib</file>
         <name>strlen.obj</name>
      </input_file>
      <input_file id="fl-3d">
         <path>C:\Program Files (x86)\Texas Instruments\ccsv7\tools\compiler\ti-cgt-c2000_16.9.6.LTS\lib\</path>
         <kind>archive</kind>
         <file>rts2800_fpu32.lib</file>
         <name>write.obj</name>
      </input_file>
      <input_file id="fl-3e">
         <path>C:\Program Files (x86)\Texas Instruments\ccsv7\tools\compiler\ti-cgt-c2000_16.9.6.LTS\lib\</path>
         <kind>archive</kind>
         <file>rts2800_fpu32.lib</file>
         <name>_io_perm.obj</name>
      </input_file>
      <input_file id="fl-3f">
         <path>C:\Program Files (x86)\Texas Instruments\ccsv7\tools\compiler\ti-cgt-c2000_16.9.6.LTS\lib\</path>
         <kind>archive</kind>
         <file>rts2800_fpu32.lib</file>
         <name>fd_add28.obj</name>
      </input_file>
      <input_file id="fl-40">
         <path>C:\Program Files (x86)\Texas Instruments\ccsv7\tools\compiler\ti-cgt-c2000_16.9.6.LTS\lib\</path>
         <kind>archive</kind>
         <file>rts2800_fpu32.lib</file>
         <name>fflush.obj</name>
      </input_file>
      <input_file id="fl-41">
         <path>C:\Program Files (x86)\Texas Instruments\ccsv7\tools\compiler\ti-cgt-c2000_16.9.6.LTS\lib\</path>
         <kind>archive</kind>
         <file>rts2800_fpu32.lib</file>
         <name>fseek.obj</name>
      </input_file>
      <input_file id="fl-42">
         <path>C:\Program Files (x86)\Texas Instruments\ccsv7\tools\compiler\ti-cgt-c2000_16.9.6.LTS\lib\</path>
         <kind>archive</kind>
         <file>rts2800_fpu32.lib</file>
         <name>hostclose.obj</name>
      </input_file>
      <input_file id="fl-43">
         <path>C:\Program Files (x86)\Texas Instruments\ccsv7\tools\compiler\ti-cgt-c2000_16.9.6.LTS\lib\</path>
         <kind>archive</kind>
         <file>rts2800_fpu32.lib</file>
         <name>hostlseek.obj</name>
      </input_file>
      <input_file id="fl-44">
         <path>C:\Program Files (x86)\Texas Instruments\ccsv7\tools\compiler\ti-cgt-c2000_16.9.6.LTS\lib\</path>
         <kind>archive</kind>
         <file>rts2800_fpu32.lib</file>
         <name>hostopen.obj</name>
      </input_file>
      <input_file id="fl-45">
         <path>C:\Program Files (x86)\Texas Instruments\ccsv7\tools\compiler\ti-cgt-c2000_16.9.6.LTS\lib\</path>
         <kind>archive</kind>
         <file>rts2800_fpu32.lib</file>
         <name>hostread.obj</name>
      </input_file>
      <input_file id="fl-46">
         <path>C:\Program Files (x86)\Texas Instruments\ccsv7\tools\compiler\ti-cgt-c2000_16.9.6.LTS\lib\</path>
         <kind>archive</kind>
         <file>rts2800_fpu32.lib</file>
         <name>hostrename.obj</name>
      </input_file>
      <input_file id="fl-47">
         <path>C:\Program Files (x86)\Texas Instruments\ccsv7\tools\compiler\ti-cgt-c2000_16.9.6.LTS\lib\</path>
         <kind>archive</kind>
         <file>rts2800_fpu32.lib</file>
         <name>hostunlink.obj</name>
      </input_file>
      <input_file id="fl-48">
         <path>C:\Program Files (x86)\Texas Instruments\ccsv7\tools\compiler\ti-cgt-c2000_16.9.6.LTS\lib\</path>
         <kind>archive</kind>
         <file>rts2800_fpu32.lib</file>
         <name>hostwrite.obj</name>
      </input_file>
      <input_file id="fl-49">
         <path>C:\Program Files (x86)\Texas Instruments\ccsv7\tools\compiler\ti-cgt-c2000_16.9.6.LTS\lib\</path>
         <kind>archive</kind>
         <file>rts2800_fpu32.lib</file>
         <name>l_div28.obj</name>
      </input_file>
      <input_file id="fl-4a">
         <path>C:\Program Files (x86)\Texas Instruments\ccsv7\tools\compiler\ti-cgt-c2000_16.9.6.LTS\lib\</path>
         <kind>archive</kind>
         <file>rts2800_fpu32.lib</file>
         <name>lseek.obj</name>
      </input_file>
      <input_file id="fl-4b">
         <path>C:\Program Files (x86)\Texas Instruments\ccsv7\tools\compiler\ti-cgt-c2000_16.9.6.LTS\lib\</path>
         <kind>archive</kind>
         <file>rts2800_fpu32.lib</file>
         <name>s_copysign.obj</name>
      </input_file>
      <input_file id="fl-4c">
         <path>C:\Program Files (x86)\Texas Instruments\ccsv7\tools\compiler\ti-cgt-c2000_16.9.6.LTS\lib\</path>
         <kind>archive</kind>
         <file>rts2800_fpu32.lib</file>
         <name>setvbuf.obj</name>
      </input_file>
      <input_file id="fl-4d">
         <path>C:\Program Files (x86)\Texas Instruments\ccsv7\tools\compiler\ti-cgt-c2000_16.9.6.LTS\lib\</path>
         <kind>archive</kind>
         <file>rts2800_fpu32.lib</file>
         <name>trgmsg.obj</name>
      </input_file>
      <input_file id="fl-4e">
         <path>C:\Program Files (x86)\Texas Instruments\ccsv7\tools\compiler\ti-cgt-c2000_16.9.6.LTS\lib\</path>
         <kind>archive</kind>
         <file>rts2800_fpu32.lib</file>
         <name>fopen.obj</name>
      </input_file>
      <input_file id="fl-4f">
         <path>C:\Program Files (x86)\Texas Instruments\ccsv7\tools\compiler\ti-cgt-c2000_16.9.6.LTS\lib\</path>
         <kind>archive</kind>
         <file>rts2800_fpu32.lib</file>
         <name>memory.obj</name>
      </input_file>
      <input_file id="fl-50">
         <path>C:\Program Files (x86)\Texas Instruments\ccsv7\tools\compiler\ti-cgt-c2000_16.9.6.LTS\lib\</path>
         <kind>archive</kind>
         <file>rts2800_fpu32.lib</file>
         <name>open.obj</name>
      </input_file>
      <input_file id="fl-51">
         <path>C:\Program Files (x86)\Texas Instruments\ccsv7\tools\compiler\ti-cgt-c2000_16.9.6.LTS\lib\</path>
         <kind>archive</kind>
         <file>rts2800_fpu32.lib</file>
         <name>fclose.obj</name>
      </input_file>
      <input_file id="fl-52">
         <path>C:\Program Files (x86)\Texas Instruments\ccsv7\tools\compiler\ti-cgt-c2000_16.9.6.LTS\lib\</path>
         <kind>archive</kind>
         <file>rts2800_fpu32.lib</file>
         <name>getdevice.obj</name>
      </input_file>
      <input_file id="fl-53">
         <path>C:\Program Files (x86)\Texas Instruments\ccsv7\tools\compiler\ti-cgt-c2000_16.9.6.LTS\lib\</path>
         <kind>archive</kind>
         <file>rts2800_fpu32.lib</file>
         <name>remove.obj</name>
      </input_file>
      <input_file id="fl-54">
         <path>C:\Program Files (x86)\Texas Instruments\ccsv7\tools\compiler\ti-cgt-c2000_16.9.6.LTS\lib\</path>
         <kind>archive</kind>
         <file>rts2800_fpu32.lib</file>
         <name>strcmp.obj</name>
      </input_file>
      <input_file id="fl-55">
         <path>C:\Program Files (x86)\Texas Instruments\ccsv7\tools\compiler\ti-cgt-c2000_16.9.6.LTS\lib\</path>
         <kind>archive</kind>
         <file>rts2800_fpu32.lib</file>
         <name>strncpy.obj</name>
      </input_file>
      <input_file id="fl-56">
         <path>C:\Program Files (x86)\Texas Instruments\ccsv7\tools\compiler\ti-cgt-c2000_16.9.6.LTS\lib\</path>
         <kind>archive</kind>
         <file>rts2800_fpu32.lib</file>
         <name>unlink.obj</name>
      </input_file>
      <input_file id="fl-57">
         <path>C:\Program Files (x86)\Texas Instruments\ccsv7\tools\compiler\ti-cgt-c2000_16.9.6.LTS\lib\</path>
         <kind>archive</kind>
         <file>rts2800_fpu32.lib</file>
         <name>close.obj</name>
      </input_file>
   </input_file_list>
   <object_component_list>
      <object_component id="oc-97">
         <name>PieVectTableFile</name>
         <uninitialized>true</uninitialized>
         <run_address>0xd00</run_address>
         <size>0x100</size>
         <input_file_ref idref="fl-8"/>
      </object_component>
      <object_component id="oc-62">
         <name>EmuKeyVar</name>
         <uninitialized>true</uninitialized>
         <run_address>0xd00</run_address>
         <size>0x1</size>
         <input_file_ref idref="fl-8"/>
      </object_component>
      <object_component id="oc-63">
         <name>EmuBModeVar</name>
         <uninitialized>true</uninitialized>
         <run_address>0xd01</run_address>
         <size>0x1</size>
         <input_file_ref idref="fl-8"/>
      </object_component>
      <object_component id="oc-64">
         <name>FlashCallbackVar</name>
         <uninitialized>true</uninitialized>
         <run_address>0xd02</run_address>
         <size>0x2</size>
         <input_file_ref idref="fl-8"/>
      </object_component>
      <object_component id="oc-65">
         <name>FlashScalingVar</name>
         <uninitialized>true</uninitialized>
         <run_address>0xd04</run_address>
         <size>0x2</size>
         <input_file_ref idref="fl-8"/>
      </object_component>
      <object_component id="oc-67">
         <name>DevEmuRegsFile</name>
         <uninitialized>true</uninitialized>
         <run_address>0x880</run_address>
         <size>0x4</size>
         <input_file_ref idref="fl-8"/>
      </object_component>
      <object_component id="oc-66">
         <name>SysPwrCtrlRegsFile</name>
         <uninitialized>true</uninitialized>
         <run_address>0x985</run_address>
         <size>0x3</size>
         <input_file_ref idref="fl-8"/>
      </object_component>
      <object_component id="oc-6f">
         <name>FlashRegsFile</name>
         <uninitialized>true</uninitialized>
         <run_address>0xa80</run_address>
         <size>0x8</size>
         <input_file_ref idref="fl-8"/>
      </object_component>
      <object_component id="oc-74">
         <name>CsmRegsFile</name>
         <uninitialized>true</uninitialized>
         <run_address>0xae0</run_address>
         <size>0x10</size>
         <input_file_ref idref="fl-8"/>
      </object_component>
      <object_component id="oc-77">
         <name>AdcResultFile</name>
         <uninitialized>true</uninitialized>
         <run_address>0xb00</run_address>
         <size>0x10</size>
         <input_file_ref idref="fl-8"/>
      </object_component>
      <object_component id="oc-6c">
         <name>CpuTimer0RegsFile</name>
         <uninitialized>true</uninitialized>
         <run_address>0xc00</run_address>
         <size>0x8</size>
         <input_file_ref idref="fl-8"/>
      </object_component>
      <object_component id="oc-6b">
         <name>CpuTimer1RegsFile</name>
         <uninitialized>true</uninitialized>
         <run_address>0xc08</run_address>
         <size>0x8</size>
         <input_file_ref idref="fl-8"/>
      </object_component>
      <object_component id="oc-6e">
         <name>CpuTimer2RegsFile</name>
         <uninitialized>true</uninitialized>
         <run_address>0xc10</run_address>
         <size>0x8</size>
         <input_file_ref idref="fl-8"/>
      </object_component>
      <object_component id="oc-78">
         <name>PieCtrlRegsFile</name>
         <uninitialized>true</uninitialized>
         <run_address>0xce0</run_address>
         <size>0x1a</size>
         <input_file_ref idref="fl-8"/>
      </object_component>
      <object_component id="oc-8d">
         <name>Cla1RegsFile</name>
         <uninitialized>true</uninitialized>
         <run_address>0x1400</run_address>
         <size>0x40</size>
         <input_file_ref idref="fl-8"/>
      </object_component>
      <object_component id="oc-96">
         <name>DmaRegsFile</name>
         <uninitialized>true</uninitialized>
         <run_address>0x1000</run_address>
         <size>0xe0</size>
         <input_file_ref idref="fl-8"/>
      </object_component>
      <object_component id="oc-87">
         <name>ECanaRegsFile</name>
         <uninitialized>true</uninitialized>
         <run_address>0x6000</run_address>
         <size>0x34</size>
         <input_file_ref idref="fl-8"/>
      </object_component>
      <object_component id="oc-8b">
         <name>ECanaLAMRegsFile</name>
         <uninitialized>true</uninitialized>
         <run_address>0x6040</run_address>
         <size>0x40</size>
         <input_file_ref idref="fl-8"/>
      </object_component>
      <object_component id="oc-98">
         <name>ECanaMboxesFile</name>
         <uninitialized>true</uninitialized>
         <run_address>0x6100</run_address>
         <size>0x100</size>
         <input_file_ref idref="fl-8"/>
      </object_component>
      <object_component id="oc-8c">
         <name>ECanaMOTSRegsFile</name>
         <uninitialized>true</uninitialized>
         <run_address>0x6080</run_address>
         <size>0x40</size>
         <input_file_ref idref="fl-8"/>
      </object_component>
      <object_component id="oc-88">
         <name>ECanaMOTORegsFile</name>
         <uninitialized>true</uninitialized>
         <run_address>0x60c0</run_address>
         <size>0x40</size>
         <input_file_ref idref="fl-8"/>
      </object_component>
      <object_component id="oc-80">
         <name>ECap1RegsFile</name>
         <uninitialized>true</uninitialized>
         <run_address>0x6a00</run_address>
         <size>0x20</size>
         <input_file_ref idref="fl-8"/>
      </object_component>
      <object_component id="oc-7f">
         <name>ECap2RegsFile</name>
         <uninitialized>true</uninitialized>
         <run_address>0x6a20</run_address>
         <size>0x20</size>
         <input_file_ref idref="fl-8"/>
      </object_component>
      <object_component id="oc-81">
         <name>ECap3RegsFile</name>
         <uninitialized>true</uninitialized>
         <run_address>0x6a40</run_address>
         <size>0x20</size>
         <input_file_ref idref="fl-8"/>
      </object_component>
      <object_component id="oc-84">
         <name>EQep1RegsFile</name>
         <uninitialized>true</uninitialized>
         <run_address>0x6b00</run_address>
         <size>0x22</size>
         <input_file_ref idref="fl-8"/>
      </object_component>
      <object_component id="oc-82">
         <name>EQep2RegsFile</name>
         <uninitialized>true</uninitialized>
         <run_address>0x6b40</run_address>
         <size>0x22</size>
         <input_file_ref idref="fl-8"/>
      </object_component>
      <object_component id="oc-90">
         <name>GpioCtrlRegsFile</name>
         <uninitialized>true</uninitialized>
         <run_address>0x6f80</run_address>
         <size>0x40</size>
         <input_file_ref idref="fl-8"/>
      </object_component>
      <object_component id="oc-7e">
         <name>GpioDataRegsFile</name>
         <uninitialized>true</uninitialized>
         <run_address>0x6fc0</run_address>
         <size>0x20</size>
         <input_file_ref idref="fl-8"/>
      </object_component>
      <object_component id="oc-7d">
         <name>GpioIntRegsFile</name>
         <uninitialized>true</uninitialized>
         <run_address>0x6fe0</run_address>
         <size>0x20</size>
         <input_file_ref idref="fl-8"/>
      </object_component>
      <object_component id="oc-7b">
         <name>HRCap1RegsFile</name>
         <uninitialized>true</uninitialized>
         <run_address>0x6ac0</run_address>
         <size>0x1f</size>
         <input_file_ref idref="fl-8"/>
      </object_component>
      <object_component id="oc-79">
         <name>HRCap2RegsFile</name>
         <uninitialized>true</uninitialized>
         <run_address>0x6ae0</run_address>
         <size>0x1f</size>
         <input_file_ref idref="fl-8"/>
      </object_component>
      <object_component id="oc-7a">
         <name>HRCap3RegsFile</name>
         <uninitialized>true</uninitialized>
         <run_address>0x6c80</run_address>
         <size>0x1f</size>
         <input_file_ref idref="fl-8"/>
      </object_component>
      <object_component id="oc-7c">
         <name>HRCap4RegsFile</name>
         <uninitialized>true</uninitialized>
         <run_address>0x6ca0</run_address>
         <size>0x1f</size>
         <input_file_ref idref="fl-8"/>
      </object_component>
      <object_component id="oc-86">
         <name>SysCtrlRegsFile</name>
         <uninitialized>true</uninitialized>
         <run_address>0x7010</run_address>
         <size>0x30</size>
         <input_file_ref idref="fl-8"/>
      </object_component>
      <object_component id="oc-76">
         <name>SpiaRegsFile</name>
         <uninitialized>true</uninitialized>
         <run_address>0x7040</run_address>
         <size>0x10</size>
         <input_file_ref idref="fl-8"/>
      </object_component>
      <object_component id="oc-75">
         <name>SpibRegsFile</name>
         <uninitialized>true</uninitialized>
         <run_address>0x7740</run_address>
         <size>0x10</size>
         <input_file_ref idref="fl-8"/>
      </object_component>
      <object_component id="oc-71">
         <name>SciaRegsFile</name>
         <uninitialized>true</uninitialized>
         <run_address>0x7050</run_address>
         <size>0x10</size>
         <input_file_ref idref="fl-8"/>
      </object_component>
      <object_component id="oc-70">
         <name>ScibRegsFile</name>
         <uninitialized>true</uninitialized>
         <run_address>0x7750</run_address>
         <size>0x10</size>
         <input_file_ref idref="fl-8"/>
      </object_component>
      <object_component id="oc-72">
         <name>NmiIntruptRegsFile</name>
         <uninitialized>true</uninitialized>
         <run_address>0x7060</run_address>
         <size>0x10</size>
         <input_file_ref idref="fl-8"/>
      </object_component>
      <object_component id="oc-73">
         <name>XIntruptRegsFile</name>
         <uninitialized>true</uninitialized>
         <run_address>0x7070</run_address>
         <size>0x10</size>
         <input_file_ref idref="fl-8"/>
      </object_component>
      <object_component id="oc-95">
         <name>AdcRegsFile</name>
         <uninitialized>true</uninitialized>
         <run_address>0x7100</run_address>
         <size>0x50</size>
         <input_file_ref idref="fl-8"/>
      </object_component>
      <object_component id="oc-83">
         <name>I2caRegsFile</name>
         <uninitialized>true</uninitialized>
         <run_address>0x7900</run_address>
         <size>0x22</size>
         <input_file_ref idref="fl-8"/>
      </object_component>
      <object_component id="oc-69">
         <name>Comp1RegsFile</name>
         <uninitialized>true</uninitialized>
         <run_address>0x6400</run_address>
         <size>0x7</size>
         <input_file_ref idref="fl-8"/>
      </object_component>
      <object_component id="oc-6a">
         <name>Comp2RegsFile</name>
         <uninitialized>true</uninitialized>
         <run_address>0x6420</run_address>
         <size>0x7</size>
         <input_file_ref idref="fl-8"/>
      </object_component>
      <object_component id="oc-68">
         <name>Comp3RegsFile</name>
         <uninitialized>true</uninitialized>
         <run_address>0x6440</run_address>
         <size>0x7</size>
         <input_file_ref idref="fl-8"/>
      </object_component>
      <object_component id="oc-8a">
         <name>EPwm1RegsFile</name>
         <uninitialized>true</uninitialized>
         <run_address>0x6800</run_address>
         <size>0x40</size>
         <input_file_ref idref="fl-8"/>
      </object_component>
      <object_component id="oc-89">
         <name>EPwm2RegsFile</name>
         <uninitialized>true</uninitialized>
         <run_address>0x6840</run_address>
         <size>0x40</size>
         <input_file_ref idref="fl-8"/>
      </object_component>
      <object_component id="oc-94">
         <name>EPwm3RegsFile</name>
         <uninitialized>true</uninitialized>
         <run_address>0x6880</run_address>
         <size>0x40</size>
         <input_file_ref idref="fl-8"/>
      </object_component>
      <object_component id="oc-92">
         <name>EPwm4RegsFile</name>
         <uninitialized>true</uninitialized>
         <run_address>0x68c0</run_address>
         <size>0x40</size>
         <input_file_ref idref="fl-8"/>
      </object_component>
      <object_component id="oc-93">
         <name>EPwm5RegsFile</name>
         <uninitialized>true</uninitialized>
         <run_address>0x6900</run_address>
         <size>0x40</size>
         <input_file_ref idref="fl-8"/>
      </object_component>
      <object_component id="oc-8f">
         <name>EPwm6RegsFile</name>
         <uninitialized>true</uninitialized>
         <run_address>0x6940</run_address>
         <size>0x40</size>
         <input_file_ref idref="fl-8"/>
      </object_component>
      <object_component id="oc-8e">
         <name>EPwm7RegsFile</name>
         <uninitialized>true</uninitialized>
         <run_address>0x6980</run_address>
         <size>0x40</size>
         <input_file_ref idref="fl-8"/>
      </object_component>
      <object_component id="oc-91">
         <name>EPwm8RegsFile</name>
         <uninitialized>true</uninitialized>
         <run_address>0x69c0</run_address>
         <size>0x40</size>
         <input_file_ref idref="fl-8"/>
      </object_component>
      <object_component id="oc-85">
         <name>McbspaRegsFile</name>
         <uninitialized>true</uninitialized>
         <run_address>0x5000</run_address>
         <size>0x24</size>
         <input_file_ref idref="fl-8"/>
      </object_component>
      <object_component id="oc-99">
         <name>Usb0RegsFile</name>
         <uninitialized>true</uninitialized>
         <run_address>0x4000</run_address>
         <size>0x454</size>
         <input_file_ref idref="fl-8"/>
      </object_component>
      <object_component id="oc-6d">
         <name>CsmPwlFile</name>
         <uninitialized>true</uninitialized>
         <run_address>0x3f7ff8</run_address>
         <size>0x8</size>
         <input_file_ref idref="fl-8"/>
      </object_component>
      <object_component id="oc-61">
         <name>PartIdRegsFile</name>
         <uninitialized>true</uninitialized>
         <run_address>0x3d7e80</run_address>
         <size>0x1</size>
         <input_file_ref idref="fl-8"/>
      </object_component>
      <object_component id="oc-5b">
         <name>codestart</name>
         <load_address>0x0</load_address>
         <run_address>0x0</run_address>
         <size>0x2</size>
         <input_file_ref idref="fl-7"/>
      </object_component>
      <object_component id="oc-9b">
         <name>ramfuncs</name>
         <load_address>0x8000</load_address>
         <run_address>0x8000</run_address>
         <size>0x4</size>
         <input_file_ref idref="fl-9"/>
      </object_component>
      <object_component id="oc-230">
         <name>.text</name>
         <load_address>0xf040</load_address>
         <run_address>0xf040</run_address>
         <size>0xc16</size>
         <input_file_ref idref="fl-22"/>
      </object_component>
      <object_component id="oc-229">
         <name>.text</name>
         <load_address>0xfc56</load_address>
         <run_address>0xfc56</run_address>
         <size>0x644</size>
         <input_file_ref idref="fl-b"/>
      </object_component>
      <object_component id="oc-a9">
         <name>.text:retain</name>
         <load_address>0x1029a</load_address>
         <run_address>0x1029a</run_address>
         <size>0x483</size>
         <input_file_ref idref="fl-b"/>
      </object_component>
      <object_component id="oc-234">
         <name>.text</name>
         <load_address>0x1071d</load_address>
         <run_address>0x1071d</run_address>
         <size>0x211</size>
         <input_file_ref idref="fl-a"/>
      </object_component>
      <object_component id="oc-24d">
         <name>.text</name>
         <load_address>0x1092e</load_address>
         <run_address>0x1092e</run_address>
         <size>0x1d2</size>
         <input_file_ref idref="fl-4f"/>
      </object_component>
      <object_component id="oc-238">
         <name>.text</name>
         <load_address>0x10b00</load_address>
         <run_address>0x10b00</run_address>
         <size>0x110</size>
         <input_file_ref idref="fl-1e"/>
      </object_component>
      <object_component id="oc-15a">
         <name>.text</name>
         <load_address>0x10c10</load_address>
         <run_address>0x10c10</run_address>
         <size>0x107</size>
         <input_file_ref idref="fl-34"/>
      </object_component>
      <object_component id="oc-24e">
         <name>.text</name>
         <load_address>0x10d17</load_address>
         <run_address>0x10d17</run_address>
         <size>0xf9</size>
         <input_file_ref idref="fl-4e"/>
      </object_component>
      <object_component id="oc-242">
         <name>.text</name>
         <load_address>0x10e10</load_address>
         <run_address>0x10e10</run_address>
         <size>0xbc</size>
         <input_file_ref idref="fl-39"/>
      </object_component>
      <object_component id="oc-22d">
         <name>.text</name>
         <load_address>0x10ecc</load_address>
         <run_address>0x10ecc</run_address>
         <size>0xb0</size>
         <input_file_ref idref="fl-2e"/>
      </object_component>
      <object_component id="oc-195">
         <name>.text</name>
         <load_address>0x10f7c</load_address>
         <run_address>0x10f7c</run_address>
         <size>0x9c</size>
         <input_file_ref idref="fl-3f"/>
      </object_component>
      <object_component id="oc-232">
         <name>.text</name>
         <load_address>0x11018</load_address>
         <run_address>0x11018</run_address>
         <size>0x94</size>
         <input_file_ref idref="fl-4d"/>
      </object_component>
      <object_component id="oc-118">
         <name>.text</name>
         <load_address>0x110ac</load_address>
         <run_address>0x110ac</run_address>
         <size>0x8b</size>
         <input_file_ref idref="fl-27"/>
      </object_component>
      <object_component id="oc-249">
         <name>.text</name>
         <load_address>0x11137</load_address>
         <run_address>0x11137</run_address>
         <size>0x89</size>
         <input_file_ref idref="fl-4c"/>
      </object_component>
      <object_component id="oc-11d">
         <name>.text</name>
         <load_address>0x111c0</load_address>
         <run_address>0x111c0</run_address>
         <size>0x83</size>
         <input_file_ref idref="fl-28"/>
      </object_component>
      <object_component id="oc-235">
         <name>.text</name>
         <load_address>0x11243</load_address>
         <run_address>0x11243</run_address>
         <size>0x7c</size>
         <input_file_ref idref="fl-c"/>
      </object_component>
      <object_component id="oc-23c">
         <name>.text</name>
         <load_address>0x112bf</load_address>
         <run_address>0x112bf</run_address>
         <size>0x73</size>
         <input_file_ref idref="fl-40"/>
      </object_component>
      <object_component id="oc-239">
         <name>.text</name>
         <load_address>0x11332</load_address>
         <run_address>0x11332</run_address>
         <size>0x71</size>
         <input_file_ref idref="fl-6"/>
      </object_component>
      <object_component id="oc-24f">
         <name>.text</name>
         <load_address>0x113a3</load_address>
         <run_address>0x113a3</run_address>
         <size>0x71</size>
         <input_file_ref idref="fl-50"/>
      </object_component>
      <object_component id="oc-23b">
         <name>.text</name>
         <load_address>0x11414</load_address>
         <run_address>0x11414</run_address>
         <size>0x67</size>
         <input_file_ref idref="fl-3e"/>
      </object_component>
      <object_component id="oc-225">
         <name>.text</name>
         <load_address>0x1147b</load_address>
         <run_address>0x1147b</run_address>
         <size>0x61</size>
         <input_file_ref idref="fl-43"/>
      </object_component>
      <object_component id="oc-250">
         <name>.text</name>
         <load_address>0x114dc</load_address>
         <run_address>0x114dc</run_address>
         <size>0x5f</size>
         <input_file_ref idref="fl-51"/>
      </object_component>
      <object_component id="oc-241">
         <name>.text</name>
         <load_address>0x1153b</load_address>
         <run_address>0x1153b</run_address>
         <size>0x5a</size>
         <input_file_ref idref="fl-38"/>
      </object_component>
      <object_component id="oc-4e">
         <name>.text</name>
         <load_address>0x11595</load_address>
         <run_address>0x11595</run_address>
         <size>0x56</size>
         <input_file_ref idref="fl-10"/>
      </object_component>
      <object_component id="oc-22c">
         <name>.text</name>
         <load_address>0x115eb</load_address>
         <run_address>0x115eb</run_address>
         <size>0x53</size>
         <input_file_ref idref="fl-2d"/>
      </object_component>
      <object_component id="oc-251">
         <name>.text</name>
         <load_address>0x1163e</load_address>
         <run_address>0x1163e</run_address>
         <size>0x4e</size>
         <input_file_ref idref="fl-52"/>
      </object_component>
      <object_component id="oc-4f">
         <name>.text</name>
         <load_address>0x1168c</load_address>
         <run_address>0x1168c</run_address>
         <size>0x4b</size>
         <input_file_ref idref="fl-5"/>
      </object_component>
      <object_component id="oc-221">
         <name>.text</name>
         <load_address>0x116d7</load_address>
         <run_address>0x116d7</run_address>
         <size>0x40</size>
         <input_file_ref idref="fl-44"/>
      </object_component>
      <object_component id="oc-223">
         <name>.text</name>
         <load_address>0x11717</load_address>
         <run_address>0x11717</run_address>
         <size>0x3f</size>
         <input_file_ref idref="fl-45"/>
      </object_component>
      <object_component id="oc-227">
         <name>.text</name>
         <load_address>0x11756</load_address>
         <run_address>0x11756</run_address>
         <size>0x3e</size>
         <input_file_ref idref="fl-46"/>
      </object_component>
      <object_component id="oc-248">
         <name>.text</name>
         <load_address>0x11794</load_address>
         <run_address>0x11794</run_address>
         <size>0x3d</size>
         <input_file_ref idref="fl-41"/>
      </object_component>
      <object_component id="oc-224">
         <name>.text</name>
         <load_address>0x117d1</load_address>
         <run_address>0x117d1</run_address>
         <size>0x38</size>
         <input_file_ref idref="fl-48"/>
      </object_component>
      <object_component id="oc-220">
         <name>.text</name>
         <load_address>0x11809</load_address>
         <run_address>0x11809</run_address>
         <size>0x34</size>
         <input_file_ref idref="fl-21"/>
      </object_component>
      <object_component id="oc-e8">
         <name>.text</name>
         <load_address>0x1183d</load_address>
         <run_address>0x1183d</run_address>
         <size>0x34</size>
         <input_file_ref idref="fl-1c"/>
      </object_component>
      <object_component id="oc-e0">
         <name>.text</name>
         <load_address>0x11871</load_address>
         <run_address>0x11871</run_address>
         <size>0x34</size>
         <input_file_ref idref="fl-1a"/>
      </object_component>
      <object_component id="oc-252">
         <name>.text</name>
         <load_address>0x118a5</load_address>
         <run_address>0x118a5</run_address>
         <size>0x33</size>
         <input_file_ref idref="fl-57"/>
      </object_component>
      <object_component id="oc-23f">
         <name>.text</name>
         <load_address>0x118d8</load_address>
         <run_address>0x118d8</run_address>
         <size>0x31</size>
         <input_file_ref idref="fl-23"/>
      </object_component>
      <object_component id="oc-240">
         <name>.text</name>
         <load_address>0x11909</load_address>
         <run_address>0x11909</run_address>
         <size>0x2e</size>
         <input_file_ref idref="fl-35"/>
      </object_component>
      <object_component id="oc-113">
         <name>.text</name>
         <load_address>0x11937</load_address>
         <run_address>0x11937</run_address>
         <size>0x2a</size>
         <input_file_ref idref="fl-26"/>
      </object_component>
      <object_component id="oc-1c8">
         <name>.text</name>
         <load_address>0x11961</load_address>
         <run_address>0x11961</run_address>
         <size>0x2a</size>
         <input_file_ref idref="fl-49"/>
      </object_component>
      <object_component id="oc-21f">
         <name>.text</name>
         <load_address>0x1198b</load_address>
         <run_address>0x1198b</run_address>
         <size>0x29</size>
         <input_file_ref idref="fl-14"/>
      </object_component>
      <object_component id="oc-222">
         <name>.text</name>
         <load_address>0x119b4</load_address>
         <run_address>0x119b4</run_address>
         <size>0x29</size>
         <input_file_ref idref="fl-42"/>
      </object_component>
      <object_component id="oc-21c">
         <name>.text</name>
         <load_address>0x119dd</load_address>
         <run_address>0x119dd</run_address>
         <size>0x24</size>
         <input_file_ref idref="fl-13"/>
      </object_component>
      <object_component id="oc-226">
         <name>.text</name>
         <load_address>0x11a01</load_address>
         <run_address>0x11a01</run_address>
         <size>0x24</size>
         <input_file_ref idref="fl-47"/>
      </object_component>
      <object_component id="oc-24b">
         <name>.text</name>
         <load_address>0x11a25</load_address>
         <run_address>0x11a25</run_address>
         <size>0x24</size>
         <input_file_ref idref="fl-4b"/>
      </object_component>
      <object_component id="oc-12c">
         <name>.text</name>
         <load_address>0x11a49</load_address>
         <run_address>0x11a49</run_address>
         <size>0x21</size>
         <input_file_ref idref="fl-2b"/>
      </object_component>
      <object_component id="oc-131">
         <name>.text</name>
         <load_address>0x11a6a</load_address>
         <run_address>0x11a6a</run_address>
         <size>0x1f</size>
         <input_file_ref idref="fl-2c"/>
      </object_component>
      <object_component id="oc-155">
         <name>.text</name>
         <load_address>0x11a89</load_address>
         <run_address>0x11a89</run_address>
         <size>0x1e</size>
         <input_file_ref idref="fl-33"/>
      </object_component>
      <object_component id="oc-228">
         <name>.text</name>
         <load_address>0x11aa7</load_address>
         <run_address>0x11aa7</run_address>
         <size>0x1e</size>
         <input_file_ref idref="fl-15"/>
      </object_component>
      <object_component id="oc-255">
         <name>.text</name>
         <load_address>0x11ac5</load_address>
         <run_address>0x11ac5</run_address>
         <size>0x1e</size>
         <input_file_ref idref="fl-55"/>
      </object_component>
      <object_component id="oc-146">
         <name>.text</name>
         <load_address>0x11ae3</load_address>
         <run_address>0x11ae3</run_address>
         <size>0x1d</size>
         <input_file_ref idref="fl-30"/>
      </object_component>
      <object_component id="oc-141">
         <name>.text</name>
         <load_address>0x11b00</load_address>
         <run_address>0x11b00</run_address>
         <size>0x1c</size>
         <input_file_ref idref="fl-2f"/>
      </object_component>
      <object_component id="oc-14b">
         <name>.text</name>
         <load_address>0x11b1c</load_address>
         <run_address>0x11b1c</run_address>
         <size>0x1c</size>
         <input_file_ref idref="fl-31"/>
      </object_component>
      <object_component id="oc-21e">
         <name>.text</name>
         <load_address>0x11b38</load_address>
         <run_address>0x11b38</run_address>
         <size>0x19</size>
         <input_file_ref idref="fl-19"/>
      </object_component>
      <object_component id="oc-256">
         <name>.text</name>
         <load_address>0x11b51</load_address>
         <run_address>0x11b51</run_address>
         <size>0x19</size>
         <input_file_ref idref="fl-56"/>
      </object_component>
      <object_component id="oc-23d">
         <name>.text</name>
         <load_address>0x11b6a</load_address>
         <run_address>0x11b6a</run_address>
         <size>0x19</size>
         <input_file_ref idref="fl-3d"/>
      </object_component>
      <object_component id="oc-e4">
         <name>.text</name>
         <load_address>0x11b83</load_address>
         <run_address>0x11b83</run_address>
         <size>0x19</size>
         <input_file_ref idref="fl-1b"/>
      </object_component>
      <object_component id="oc-150">
         <name>.text</name>
         <load_address>0x11b9c</load_address>
         <run_address>0x11b9c</run_address>
         <size>0x18</size>
         <input_file_ref idref="fl-32"/>
      </object_component>
      <object_component id="oc-24c">
         <name>.text</name>
         <load_address>0x11bb4</load_address>
         <run_address>0x11bb4</run_address>
         <size>0x18</size>
         <input_file_ref idref="fl-4a"/>
      </object_component>
      <object_component id="oc-23e">
         <name>.text</name>
         <load_address>0x11bcc</load_address>
         <run_address>0x11bcc</run_address>
         <size>0x10</size>
         <input_file_ref idref="fl-37"/>
      </object_component>
      <object_component id="oc-127">
         <name>.text</name>
         <load_address>0x11bdc</load_address>
         <run_address>0x11bdc</run_address>
         <size>0xe</size>
         <input_file_ref idref="fl-2a"/>
      </object_component>
      <object_component id="oc-244">
         <name>.text</name>
         <load_address>0x11bea</load_address>
         <run_address>0x11bea</run_address>
         <size>0xd</size>
         <input_file_ref idref="fl-36"/>
      </object_component>
      <object_component id="oc-237">
         <name>.text</name>
         <load_address>0x11bf7</load_address>
         <run_address>0x11bf7</run_address>
         <size>0xc</size>
         <input_file_ref idref="fl-20"/>
      </object_component>
      <object_component id="oc-243">
         <name>.text</name>
         <load_address>0x11c03</load_address>
         <run_address>0x11c03</run_address>
         <size>0xc</size>
         <input_file_ref idref="fl-3a"/>
      </object_component>
      <object_component id="oc-a1">
         <name>.text:retain</name>
         <load_address>0x11c0f</load_address>
         <run_address>0x11c0f</run_address>
         <size>0xa</size>
         <input_file_ref idref="fl-a"/>
      </object_component>
      <object_component id="oc-254">
         <name>.text</name>
         <load_address>0x11c19</load_address>
         <run_address>0x11c19</run_address>
         <size>0xa</size>
         <input_file_ref idref="fl-54"/>
      </object_component>
      <object_component id="oc-23a">
         <name>.text</name>
         <load_address>0x11c23</load_address>
         <run_address>0x11c23</run_address>
         <size>0x9</size>
         <input_file_ref idref="fl-18"/>
      </object_component>
      <object_component id="oc-122">
         <name>.text</name>
         <load_address>0x11c2c</load_address>
         <run_address>0x11c2c</run_address>
         <size>0x9</size>
         <input_file_ref idref="fl-29"/>
      </object_component>
      <object_component id="oc-5a">
         <name>.text</name>
         <load_address>0x11c35</load_address>
         <run_address>0x11c35</run_address>
         <size>0x8</size>
         <input_file_ref idref="fl-7"/>
      </object_component>
      <object_component id="oc-231">
         <name>.text</name>
         <load_address>0x11c3d</load_address>
         <run_address>0x11c3d</run_address>
         <size>0x8</size>
         <input_file_ref idref="fl-3c"/>
      </object_component>
      <object_component id="oc-233">
         <name>.text</name>
         <load_address>0x11c45</load_address>
         <run_address>0x11c45</run_address>
         <size>0x5</size>
         <input_file_ref idref="fl-3b"/>
      </object_component>
      <object_component id="oc-253">
         <name>.text</name>
         <load_address>0x11c4a</load_address>
         <run_address>0x11c4a</run_address>
         <size>0x3</size>
         <input_file_ref idref="fl-53"/>
      </object_component>
      <object_component id="oc-21b">
         <name>.text</name>
         <load_address>0x11c4d</load_address>
         <run_address>0x11c4d</run_address>
         <size>0x2</size>
         <input_file_ref idref="fl-16"/>
      </object_component>
      <object_component id="oc-21d">
         <name>.text</name>
         <load_address>0x11c4f</load_address>
         <run_address>0x11c4f</run_address>
         <size>0x1</size>
         <input_file_ref idref="fl-17"/>
      </object_component>
      <object_component id="oc-a7">
         <name>.cinit</name>
         <load_address>0x50</load_address>
         <run_address>0x50</run_address>
         <size>0x213</size>
         <input_file_ref idref="fl-b"/>
      </object_component>
      <object_component id="oc-110">
         <name>.cinit</name>
         <load_address>0x263</load_address>
         <run_address>0x263</run_address>
         <size>0x2a</size>
         <input_file_ref idref="fl-25"/>
      </object_component>
      <object_component id="oc-18a">
         <name>.cinit</name>
         <load_address>0x28d</load_address>
         <run_address>0x28d</run_address>
         <size>0x29</size>
         <input_file_ref idref="fl-3d"/>
      </object_component>
      <object_component id="oc-c1">
         <name>.cinit</name>
         <load_address>0x2b6</load_address>
         <run_address>0x2b6</run_address>
         <size>0xe</size>
         <input_file_ref idref="fl-14"/>
      </object_component>
      <object_component id="oc-22b">
         <name>.cinit:__lock</name>
         <load_address>0x2c4</load_address>
         <run_address>0x2c4</run_address>
         <size>0x5</size>
         <input_file_ref idref="fl-18"/>
      </object_component>
      <object_component id="oc-22f">
         <name>.cinit:__unlock</name>
         <load_address>0x2c9</load_address>
         <run_address>0x2c9</run_address>
         <size>0x5</size>
         <input_file_ref idref="fl-18"/>
      </object_component>
      <object_component id="oc-f4">
         <name>.cinit</name>
         <load_address>0x2ce</load_address>
         <run_address>0x2ce</run_address>
         <size>0x4</size>
         <input_file_ref idref="fl-1f"/>
      </object_component>
      <object_component id="oc-1e3">
         <name>.cinit</name>
         <load_address>0x2d2</load_address>
         <run_address>0x2d2</run_address>
         <size>0x4</size>
         <input_file_ref idref="fl-4e"/>
      </object_component>
      <object_component id="oc-1ea">
         <name>.cinit</name>
         <load_address>0x2d6</load_address>
         <run_address>0x2d6</run_address>
         <size>0x4</size>
         <input_file_ref idref="fl-4f"/>
      </object_component>
      <object_component id="oc-1f2">
         <name>.cinit</name>
         <load_address>0x2da</load_address>
         <run_address>0x2da</run_address>
         <size>0x4</size>
         <input_file_ref idref="fl-50"/>
      </object_component>
      <object_component id="oc-b6">
         <name>.reset</name>
         <load_address>0x3fffc0</load_address>
         <run_address>0x3fffc0</run_address>
         <size>0x2</size>
         <input_file_ref idref="fl-10"/>
      </object_component>
      <object_component id="oc-b5">
         <name>.stack</name>
         <uninitialized>true</uninitialized>
         <run_address>0xa820</run_address>
         <size>0x0</size>
         <input_file_ref idref="fl-10"/>
      </object_component>
      <object_component id="oc-2ac">
         <name>.stack</name>
         <uninitialized>true</uninitialized>
         <run_address>0xa820</run_address>
         <size>0x0</size>
      </object_component>
      <object_component id="oc-a8">
         <name>.ebss</name>
         <uninitialized>true</uninitialized>
         <run_address>0x9800</run_address>
         <size>0x228</size>
         <input_file_ref idref="fl-b"/>
      </object_component>
      <object_component id="oc-b0">
         <name>.ebss</name>
         <uninitialized>true</uninitialized>
         <run_address>0x9a28</run_address>
         <size>0x18</size>
         <input_file_ref idref="fl-c"/>
      </object_component>
      <object_component id="oc-c2">
         <name>.ebss</name>
         <uninitialized>true</uninitialized>
         <run_address>0x9bb0</run_address>
         <size>0x6</size>
         <input_file_ref idref="fl-14"/>
      </object_component>
      <object_component id="oc-22e">
         <name>.ebss:__unlock</name>
         <uninitialized>true</uninitialized>
         <run_address>0x9bb8</run_address>
         <size>0x2</size>
         <input_file_ref idref="fl-18"/>
      </object_component>
      <object_component id="oc-22a">
         <name>.ebss:__lock</name>
         <uninitialized>true</uninitialized>
         <run_address>0x9bb6</run_address>
         <size>0x2</size>
         <input_file_ref idref="fl-18"/>
      </object_component>
      <object_component id="oc-f5">
         <name>.ebss</name>
         <uninitialized>true</uninitialized>
         <run_address>0x9bba</run_address>
         <size>0x1</size>
         <input_file_ref idref="fl-1f"/>
      </object_component>
      <object_component id="oc-111">
         <name>.ebss</name>
         <uninitialized>true</uninitialized>
         <run_address>0x9a40</run_address>
         <size>0x160</size>
         <input_file_ref idref="fl-25"/>
      </object_component>
      <object_component id="oc-18b">
         <name>.ebss</name>
         <uninitialized>true</uninitialized>
         <run_address>0x9bc0</run_address>
         <size>0x88</size>
         <input_file_ref idref="fl-3d"/>
      </object_component>
      <object_component id="oc-1af">
         <name>.ebss</name>
         <uninitialized>true</uninitialized>
         <run_address>0x9ba0</run_address>
         <size>0x8</size>
         <input_file_ref idref="fl-44"/>
      </object_component>
      <object_component id="oc-1e4">
         <name>.ebss</name>
         <uninitialized>true</uninitialized>
         <run_address>0x9bbb</run_address>
         <size>0x1</size>
         <input_file_ref idref="fl-4e"/>
      </object_component>
      <object_component id="oc-1ec">
         <name>.ebss</name>
         <uninitialized>true</uninitialized>
         <run_address>0x9ba8</run_address>
         <size>0x8</size>
         <input_file_ref idref="fl-4f"/>
      </object_component>
      <object_component id="oc-1f3">
         <name>.ebss</name>
         <uninitialized>true</uninitialized>
         <run_address>0x9bbc</run_address>
         <size>0x1</size>
         <input_file_ref idref="fl-50"/>
      </object_component>
      <object_component id="oc-24a">
         <name>.econst:.string:__ctypes_</name>
         <load_address>0x9f68</load_address>
         <run_address>0x9f68</run_address>
         <size>0x101</size>
         <input_file_ref idref="fl-24"/>
      </object_component>
      <object_component id="oc-aa">
         <name>.econst:.string</name>
         <load_address>0xa06a</load_address>
         <run_address>0xa06a</run_address>
         <size>0x63</size>
         <input_file_ref idref="fl-b"/>
      </object_component>
      <object_component id="oc-103">
         <name>.econst:.string</name>
         <load_address>0xa0ce</load_address>
         <run_address>0xa0ce</run_address>
         <size>0x26</size>
         <input_file_ref idref="fl-22"/>
      </object_component>
      <object_component id="oc-236">
         <name>.econst:.string:_$P$T0$1</name>
         <load_address>0xa0f4</load_address>
         <run_address>0xa0f4</run_address>
         <size>0x20</size>
         <input_file_ref idref="fl-b"/>
      </object_component>
      <object_component id="oc-102">
         <name>.econst</name>
         <load_address>0xa114</load_address>
         <run_address>0xa114</run_address>
         <size>0x1c</size>
         <input_file_ref idref="fl-22"/>
      </object_component>
      <object_component id="oc-175">
         <name>.econst</name>
         <load_address>0xa130</load_address>
         <run_address>0xa130</run_address>
         <size>0x1c</size>
         <input_file_ref idref="fl-39"/>
      </object_component>
      <object_component id="oc-ee">
         <name>.econst</name>
         <load_address>0xa14c</load_address>
         <run_address>0xa14c</run_address>
         <size>0x10</size>
         <input_file_ref idref="fl-1e"/>
      </object_component>
      <object_component id="oc-16f">
         <name>.econst</name>
         <load_address>0xa15c</load_address>
         <run_address>0xa15c</run_address>
         <size>0x8</size>
         <input_file_ref idref="fl-38"/>
      </object_component>
      <object_component id="oc-245">
         <name>.econst:_halF</name>
         <load_address>0xa164</load_address>
         <run_address>0xa164</run_address>
         <size>0x4</size>
         <input_file_ref idref="fl-1e"/>
      </object_component>
      <object_component id="oc-246">
         <name>.econst:_ln2HI</name>
         <load_address>0xa168</load_address>
         <run_address>0xa168</run_address>
         <size>0x4</size>
         <input_file_ref idref="fl-1e"/>
      </object_component>
      <object_component id="oc-247">
         <name>.econst:_ln2LO</name>
         <load_address>0xa16c</load_address>
         <run_address>0xa16c</run_address>
         <size>0x4</size>
         <input_file_ref idref="fl-1e"/>
      </object_component>
      <object_component id="oc-13c">
         <name>.econst:.string</name>
         <load_address>0xa170</load_address>
         <run_address>0xa170</run_address>
         <size>0x2</size>
         <input_file_ref idref="fl-2e"/>
      </object_component>
      <object_component id="oc-1eb">
         <name>.esysmem</name>
         <uninitialized>true</uninitialized>
         <run_address>0xeb40</run_address>
         <size>0x1</size>
         <input_file_ref idref="fl-4f"/>
      </object_component>
      <object_component id="oc-2ad">
         <name>.esysmem</name>
         <uninitialized>true</uninitialized>
         <run_address>0xeb40</run_address>
         <size>0x0</size>
      </object_component>
      <object_component id="oc-1dd">
         <name>.cio</name>
         <uninitialized>true</uninitialized>
         <run_address>0x480</run_address>
         <size>0x120</size>
         <input_file_ref idref="fl-4d"/>
      </object_component>
      <object_component id="oc-ec">
         <name>FPUmathTables</name>
         <load_address>0x3fd860</load_address>
         <run_address>0x3fd860</run_address>
         <size>0x6a0</size>
         <input_file_ref idref="fl-1d"/>
      </object_component>
      <object_component id="oc-50">
         <name>DLOG</name>
         <uninitialized>true</uninitialized>
         <run_address>0x9c48</run_address>
         <size>0x320</size>
         <input_file_ref idref="fl-5"/>
      </object_component>
      <object_component id="oc-51">
         <name>.debug_info</name>
         <load_address>0x0</load_address>
         <run_address>0x0</run_address>
         <size>0x100</size>
         <input_file_ref idref="fl-5"/>
      </object_component>
      <object_component id="oc-55">
         <name>.debug_info</name>
         <load_address>0x100</load_address>
         <run_address>0x100</run_address>
         <size>0xecb</size>
         <input_file_ref idref="fl-6"/>
      </object_component>
      <object_component id="oc-5c">
         <name>.debug_info</name>
         <load_address>0xfcb</load_address>
         <run_address>0xfcb</run_address>
         <size>0x128</size>
         <input_file_ref idref="fl-7"/>
      </object_component>
      <object_component id="oc-60">
         <name>.debug_info</name>
         <load_address>0x10f3</load_address>
         <run_address>0x10f3</run_address>
         <size>0x1ad77</size>
         <input_file_ref idref="fl-8"/>
      </object_component>
      <object_component id="oc-9c">
         <name>.debug_info</name>
         <load_address>0x1be6a</load_address>
         <run_address>0x1be6a</run_address>
         <size>0xf3</size>
         <input_file_ref idref="fl-9"/>
      </object_component>
      <object_component id="oc-a0">
         <name>.debug_info</name>
         <load_address>0x1bf5d</load_address>
         <run_address>0x1bf5d</run_address>
         <size>0x59eb</size>
         <input_file_ref idref="fl-a"/>
      </object_component>
      <object_component id="oc-a6">
         <name>.debug_info</name>
         <load_address>0x21948</load_address>
         <run_address>0x21948</run_address>
         <size>0xb844</size>
         <input_file_ref idref="fl-b"/>
      </object_component>
      <object_component id="oc-af">
         <name>.debug_info</name>
         <load_address>0x2d18c</load_address>
         <run_address>0x2d18c</run_address>
         <size>0x9c5</size>
         <input_file_ref idref="fl-c"/>
      </object_component>
      <object_component id="oc-b7">
         <name>.debug_info</name>
         <load_address>0x2db51</load_address>
         <run_address>0x2db51</run_address>
         <size>0x16b</size>
         <input_file_ref idref="fl-10"/>
      </object_component>
      <object_component id="oc-bb">
         <name>.debug_info</name>
         <load_address>0x2dcbc</load_address>
         <run_address>0x2dcbc</run_address>
         <size>0x5c1</size>
         <input_file_ref idref="fl-13"/>
      </object_component>
      <object_component id="oc-c0">
         <name>.debug_info</name>
         <load_address>0x2e27d</load_address>
         <run_address>0x2e27d</run_address>
         <size>0x5ab</size>
         <input_file_ref idref="fl-14"/>
      </object_component>
      <object_component id="oc-c7">
         <name>.debug_info</name>
         <load_address>0x2e828</load_address>
         <run_address>0x2e828</run_address>
         <size>0x46f</size>
         <input_file_ref idref="fl-15"/>
      </object_component>
      <object_component id="oc-cc">
         <name>.debug_info</name>
         <load_address>0x2ec97</load_address>
         <run_address>0x2ec97</run_address>
         <size>0x3e2</size>
         <input_file_ref idref="fl-16"/>
      </object_component>
      <object_component id="oc-d1">
         <name>.debug_info</name>
         <load_address>0x2f079</load_address>
         <run_address>0x2f079</run_address>
         <size>0x3df</size>
         <input_file_ref idref="fl-17"/>
      </object_component>
      <object_component id="oc-d6">
         <name>.debug_info</name>
         <load_address>0x2f458</load_address>
         <run_address>0x2f458</run_address>
         <size>0x501</size>
         <input_file_ref idref="fl-18"/>
      </object_component>
      <object_component id="oc-db">
         <name>.debug_info</name>
         <load_address>0x2f959</load_address>
         <run_address>0x2f959</run_address>
         <size>0x4ce</size>
         <input_file_ref idref="fl-19"/>
      </object_component>
      <object_component id="oc-e1">
         <name>.debug_info</name>
         <load_address>0x2fe27</load_address>
         <run_address>0x2fe27</run_address>
         <size>0x142</size>
         <input_file_ref idref="fl-1a"/>
      </object_component>
      <object_component id="oc-e5">
         <name>.debug_info</name>
         <load_address>0x2ff69</load_address>
         <run_address>0x2ff69</run_address>
         <size>0x142</size>
         <input_file_ref idref="fl-1b"/>
      </object_component>
      <object_component id="oc-e9">
         <name>.debug_info</name>
         <load_address>0x300ab</load_address>
         <run_address>0x300ab</run_address>
         <size>0x142</size>
         <input_file_ref idref="fl-1c"/>
      </object_component>
      <object_component id="oc-ed">
         <name>.debug_info</name>
         <load_address>0x301ed</load_address>
         <run_address>0x301ed</run_address>
         <size>0x645</size>
         <input_file_ref idref="fl-1e"/>
      </object_component>
      <object_component id="oc-f3">
         <name>.debug_info</name>
         <load_address>0x30832</load_address>
         <run_address>0x30832</run_address>
         <size>0x1bb</size>
         <input_file_ref idref="fl-1f"/>
      </object_component>
      <object_component id="oc-f7">
         <name>.debug_info</name>
         <load_address>0x309ed</load_address>
         <run_address>0x309ed</run_address>
         <size>0x527</size>
         <input_file_ref idref="fl-20"/>
      </object_component>
      <object_component id="oc-fc">
         <name>.debug_info</name>
         <load_address>0x30f14</load_address>
         <run_address>0x30f14</run_address>
         <size>0x709</size>
         <input_file_ref idref="fl-21"/>
      </object_component>
      <object_component id="oc-101">
         <name>.debug_info</name>
         <load_address>0x3161d</load_address>
         <run_address>0x3161d</run_address>
         <size>0x2575</size>
         <input_file_ref idref="fl-22"/>
      </object_component>
      <object_component id="oc-108">
         <name>.debug_info</name>
         <load_address>0x33b92</load_address>
         <run_address>0x33b92</run_address>
         <size>0x454</size>
         <input_file_ref idref="fl-23"/>
      </object_component>
      <object_component id="oc-10d">
         <name>.debug_info</name>
         <load_address>0x33fe6</load_address>
         <run_address>0x33fe6</run_address>
         <size>0x1dc</size>
         <input_file_ref idref="fl-24"/>
      </object_component>
      <object_component id="oc-10f">
         <name>.debug_info</name>
         <load_address>0x341c2</load_address>
         <run_address>0x341c2</run_address>
         <size>0x2cf</size>
         <input_file_ref idref="fl-25"/>
      </object_component>
      <object_component id="oc-114">
         <name>.debug_info</name>
         <load_address>0x34491</load_address>
         <run_address>0x34491</run_address>
         <size>0x118</size>
         <input_file_ref idref="fl-26"/>
      </object_component>
      <object_component id="oc-119">
         <name>.debug_info</name>
         <load_address>0x345a9</load_address>
         <run_address>0x345a9</run_address>
         <size>0x10c</size>
         <input_file_ref idref="fl-27"/>
      </object_component>
      <object_component id="oc-11e">
         <name>.debug_info</name>
         <load_address>0x346b5</load_address>
         <run_address>0x346b5</run_address>
         <size>0x10c</size>
         <input_file_ref idref="fl-28"/>
      </object_component>
      <object_component id="oc-123">
         <name>.debug_info</name>
         <load_address>0x347c1</load_address>
         <run_address>0x347c1</run_address>
         <size>0x10c</size>
         <input_file_ref idref="fl-29"/>
      </object_component>
      <object_component id="oc-128">
         <name>.debug_info</name>
         <load_address>0x348cd</load_address>
         <run_address>0x348cd</run_address>
         <size>0x11a</size>
         <input_file_ref idref="fl-2a"/>
      </object_component>
      <object_component id="oc-12d">
         <name>.debug_info</name>
         <load_address>0x349e7</load_address>
         <run_address>0x349e7</run_address>
         <size>0x10c</size>
         <input_file_ref idref="fl-2b"/>
      </object_component>
      <object_component id="oc-132">
         <name>.debug_info</name>
         <load_address>0x34af3</load_address>
         <run_address>0x34af3</run_address>
         <size>0x10c</size>
         <input_file_ref idref="fl-2c"/>
      </object_component>
      <object_component id="oc-136">
         <name>.debug_info</name>
         <load_address>0x34bff</load_address>
         <run_address>0x34bff</run_address>
         <size>0x66e</size>
         <input_file_ref idref="fl-2d"/>
      </object_component>
      <object_component id="oc-13b">
         <name>.debug_info</name>
         <load_address>0x3526d</load_address>
         <run_address>0x3526d</run_address>
         <size>0x847</size>
         <input_file_ref idref="fl-2e"/>
      </object_component>
      <object_component id="oc-142">
         <name>.debug_info</name>
         <load_address>0x35ab4</load_address>
         <run_address>0x35ab4</run_address>
         <size>0x112</size>
         <input_file_ref idref="fl-2f"/>
      </object_component>
      <object_component id="oc-147">
         <name>.debug_info</name>
         <load_address>0x35bc6</load_address>
         <run_address>0x35bc6</run_address>
         <size>0x110</size>
         <input_file_ref idref="fl-30"/>
      </object_component>
      <object_component id="oc-14c">
         <name>.debug_info</name>
         <load_address>0x35cd6</load_address>
         <run_address>0x35cd6</run_address>
         <size>0x110</size>
         <input_file_ref idref="fl-31"/>
      </object_component>
      <object_component id="oc-151">
         <name>.debug_info</name>
         <load_address>0x35de6</load_address>
         <run_address>0x35de6</run_address>
         <size>0x16e</size>
         <input_file_ref idref="fl-32"/>
      </object_component>
      <object_component id="oc-156">
         <name>.debug_info</name>
         <load_address>0x35f54</load_address>
         <run_address>0x35f54</run_address>
         <size>0x146</size>
         <input_file_ref idref="fl-33"/>
      </object_component>
      <object_component id="oc-15b">
         <name>.debug_info</name>
         <load_address>0x3609a</load_address>
         <run_address>0x3609a</run_address>
         <size>0x229</size>
         <input_file_ref idref="fl-34"/>
      </object_component>
      <object_component id="oc-15f">
         <name>.debug_info</name>
         <load_address>0x362c3</load_address>
         <run_address>0x362c3</run_address>
         <size>0x4ee</size>
         <input_file_ref idref="fl-35"/>
      </object_component>
      <object_component id="oc-164">
         <name>.debug_info</name>
         <load_address>0x367b1</load_address>
         <run_address>0x367b1</run_address>
         <size>0x46d</size>
         <input_file_ref idref="fl-36"/>
      </object_component>
      <object_component id="oc-169">
         <name>.debug_info</name>
         <load_address>0x36c1e</load_address>
         <run_address>0x36c1e</run_address>
         <size>0x4fb</size>
         <input_file_ref idref="fl-37"/>
      </object_component>
      <object_component id="oc-16e">
         <name>.debug_info</name>
         <load_address>0x37119</load_address>
         <run_address>0x37119</run_address>
         <size>0x537</size>
         <input_file_ref idref="fl-38"/>
      </object_component>
      <object_component id="oc-174">
         <name>.debug_info</name>
         <load_address>0x37650</load_address>
         <run_address>0x37650</run_address>
         <size>0x5e2</size>
         <input_file_ref idref="fl-39"/>
      </object_component>
      <object_component id="oc-17a">
         <name>.debug_info</name>
         <load_address>0x37c32</load_address>
         <run_address>0x37c32</run_address>
         <size>0x516</size>
         <input_file_ref idref="fl-3a"/>
      </object_component>
      <object_component id="oc-17f">
         <name>.debug_info</name>
         <load_address>0x38148</load_address>
         <run_address>0x38148</run_address>
         <size>0x4f0</size>
         <input_file_ref idref="fl-3b"/>
      </object_component>
      <object_component id="oc-184">
         <name>.debug_info</name>
         <load_address>0x38638</load_address>
         <run_address>0x38638</run_address>
         <size>0x4cf</size>
         <input_file_ref idref="fl-3c"/>
      </object_component>
      <object_component id="oc-189">
         <name>.debug_info</name>
         <load_address>0x38b07</load_address>
         <run_address>0x38b07</run_address>
         <size>0x7e0</size>
         <input_file_ref idref="fl-3d"/>
      </object_component>
      <object_component id="oc-190">
         <name>.debug_info</name>
         <load_address>0x392e7</load_address>
         <run_address>0x392e7</run_address>
         <size>0x5d9</size>
         <input_file_ref idref="fl-3e"/>
      </object_component>
      <object_component id="oc-196">
         <name>.debug_info</name>
         <load_address>0x398c0</load_address>
         <run_address>0x398c0</run_address>
         <size>0x10c</size>
         <input_file_ref idref="fl-3f"/>
      </object_component>
      <object_component id="oc-19a">
         <name>.debug_info</name>
         <load_address>0x399cc</load_address>
         <run_address>0x399cc</run_address>
         <size>0x658</size>
         <input_file_ref idref="fl-40"/>
      </object_component>
      <object_component id="oc-19f">
         <name>.debug_info</name>
         <load_address>0x3a024</load_address>
         <run_address>0x3a024</run_address>
         <size>0x5c3</size>
         <input_file_ref idref="fl-41"/>
      </object_component>
      <object_component id="oc-1a4">
         <name>.debug_info</name>
         <load_address>0x3a5e7</load_address>
         <run_address>0x3a5e7</run_address>
         <size>0x563</size>
         <input_file_ref idref="fl-42"/>
      </object_component>
      <object_component id="oc-1a9">
         <name>.debug_info</name>
         <load_address>0x3ab4a</load_address>
         <run_address>0x3ab4a</run_address>
         <size>0x5bb</size>
         <input_file_ref idref="fl-43"/>
      </object_component>
      <object_component id="oc-1ae">
         <name>.debug_info</name>
         <load_address>0x3b105</load_address>
         <run_address>0x3b105</run_address>
         <size>0x600</size>
         <input_file_ref idref="fl-44"/>
      </object_component>
      <object_component id="oc-1b4">
         <name>.debug_info</name>
         <load_address>0x3b705</load_address>
         <run_address>0x3b705</run_address>
         <size>0x596</size>
         <input_file_ref idref="fl-45"/>
      </object_component>
      <object_component id="oc-1b9">
         <name>.debug_info</name>
         <load_address>0x3bc9b</load_address>
         <run_address>0x3bc9b</run_address>
         <size>0x665</size>
         <input_file_ref idref="fl-46"/>
      </object_component>
      <object_component id="oc-1be">
         <name>.debug_info</name>
         <load_address>0x3c300</load_address>
         <run_address>0x3c300</run_address>
         <size>0x5b9</size>
         <input_file_ref idref="fl-47"/>
      </object_component>
      <object_component id="oc-1c3">
         <name>.debug_info</name>
         <load_address>0x3c8b9</load_address>
[...]
         <name>_SerialCommsTimer</name>
         <value>0x9809</value>
         <object_component_ref idref="oc-a8"/>
      </symbol>
      <symbol id="sm-267">
         <name>_T</name>
         <value>0x9826</value>
         <object_component_ref idref="oc-a8"/>
      </symbol>
      <symbol id="sm-275">
         <name>_CpuTimer2</name>
         <value>0x9a30</value>
         <object_component_ref idref="oc-b0"/>
      </symbol>
      <symbol id="sm-276">
         <name>_CpuTimer0</name>
         <value>0x9a38</value>
         <object_component_ref idref="oc-b0"/>
      </symbol>
      <symbol id="sm-277">
         <name>_CpuTimer1</name>
         <value>0x9a28</value>
         <object_component_ref idref="oc-b0"/>
      </symbol>
      <symbol id="sm-278">
         <name>_InitCpuTimers</name>
         <value>0x11243</value>
         <object_component_ref idref="oc-235"/>
      </symbol>
      <symbol id="sm-279">
         <name>_ConfigCpuTimer</name>
         <value>0x1127e</value>
         <object_component_ref idref="oc-235"/>
      </symbol>
      <symbol id="sm-294">
         <name>_c_int00</name>
         <value>0x11595</value>
         <object_component_ref idref="oc-4e"/>
      </symbol>
      <symbol id="sm-295">
         <name>__stack</name>
         <value>0xa820</value>
         <object_component_ref idref="oc-b5"/>
      </symbol>
      <symbol id="sm-2a4">
         <name>_copy_in</name>
         <value>0x119dd</value>
         <object_component_ref idref="oc-21c"/>
      </symbol>
      <symbol id="sm-2b8">
         <name>C$$EXIT</name>
         <value>0x1198b</value>
         <object_component_ref idref="oc-21f"/>
      </symbol>
      <symbol id="sm-2b9">
         <name>_exit</name>
         <value>0x1198d</value>
         <object_component_ref idref="oc-21f"/>
      </symbol>
      <symbol id="sm-2ba">
         <name>___TI_cleanup_ptr</name>
         <value>0x9bb2</value>
         <object_component_ref idref="oc-c2"/>
      </symbol>
      <symbol id="sm-2bb">
         <name>___TI_enable_exit_profile_output</name>
         <value>0x9bb0</value>
         <object_component_ref idref="oc-c2"/>
      </symbol>
      <symbol id="sm-2bc">
         <name>_abort</name>
         <value>0x1198b</value>
         <object_component_ref idref="oc-21f"/>
      </symbol>
      <symbol id="sm-2bd">
         <name>___TI_dtors_ptr</name>
         <value>0x9bb4</value>
         <object_component_ref idref="oc-c2"/>
      </symbol>
      <symbol id="sm-2ce">
         <name>_memcpy</name>
         <value>0x11aa7</value>
         <object_component_ref idref="oc-228"/>
      </symbol>
      <symbol id="sm-2da">
         <name>__system_pre_init</name>
         <value>0x11c4d</value>
         <object_component_ref idref="oc-21b"/>
      </symbol>
      <symbol id="sm-2e6">
         <name>__system_post_cinit</name>
         <value>0x11c4f</value>
         <object_component_ref idref="oc-21d"/>
      </symbol>
      <symbol id="sm-2fa">
         <name>__unlock</name>
         <value>0x9bb8</value>
         <object_component_ref idref="oc-22e"/>
      </symbol>
      <symbol id="sm-2fb">
         <name>__lock</name>
         <value>0x9bb6</value>
         <object_component_ref idref="oc-22a"/>
      </symbol>
      <symbol id="sm-2fc">
         <name>__register_lock</name>
         <value>0x11c27</value>
         <object_component_ref idref="oc-23a"/>
      </symbol>
      <symbol id="sm-2fd">
         <name>__nop</name>
         <value>0x11c2b</value>
         <object_component_ref idref="oc-23a"/>
      </symbol>
      <symbol id="sm-2fe">
         <name>__register_unlock</name>
         <value>0x11c23</value>
         <object_component_ref idref="oc-23a"/>
      </symbol>
      <symbol id="sm-30d">
         <name>__args_main</name>
         <value>0x11b38</value>
         <object_component_ref idref="oc-21e"/>
      </symbol>
      <symbol id="sm-315">
         <name>_sin</name>
         <value>0x11871</value>
         <object_component_ref idref="oc-e0"/>
      </symbol>
      <symbol id="sm-31d">
         <name>FS$$DIV</name>
         <value>0x11b83</value>
         <object_component_ref idref="oc-e4"/>
      </symbol>
      <symbol id="sm-325">
         <name>_cos</name>
         <value>0x1183d</value>
         <object_component_ref idref="oc-e8"/>
      </symbol>
      <symbol id="sm-32d">
         <name>_FPUcosTableEnd</name>
         <value>0x3fdd62</value>
         <object_component_ref idref="oc-ec"/>
      </symbol>
      <symbol id="sm-32e">
         <name>_FPUatan2TableEnd</name>
         <value>0x3fdeec</value>
         <object_component_ref idref="oc-ec"/>
      </symbol>
      <symbol id="sm-32f">
         <name>_FPUatan2Table</name>
         <value>0x3fdd66</value>
         <object_component_ref idref="oc-ec"/>
      </symbol>
      <symbol id="sm-330">
         <name>_FPUsinTable</name>
         <value>0x3fd860</value>
         <object_component_ref idref="oc-ec"/>
      </symbol>
      <symbol id="sm-331">
         <name>_FPUcosTable</name>
         <value>0x3fd960</value>
         <object_component_ref idref="oc-ec"/>
      </symbol>
      <symbol id="sm-332">
         <name>_FPUatan2HalfPITable</name>
         <value>0x3fdd62</value>
         <object_component_ref idref="oc-ec"/>
      </symbol>
      <symbol id="sm-333">
         <name>_FPUsinTableEnd</name>
         <value>0x3fdc60</value>
         <object_component_ref idref="oc-ec"/>
      </symbol>
      <symbol id="sm-361">
         <name>_exp</name>
         <value>0x10b00</value>
         <object_component_ref idref="oc-238"/>
      </symbol>
      <symbol id="sm-362">
         <name>_expf</name>
         <value>0x10b00</value>
         <object_component_ref idref="oc-238"/>
      </symbol>
      <symbol id="sm-36c">
         <name>_errno</name>
         <value>0x9bba</value>
         <object_component_ref idref="oc-f5"/>
      </symbol>
      <symbol id="sm-37a">
         <name>_memset</name>
         <value>0x11bf7</value>
         <object_component_ref idref="oc-237"/>
      </symbol>
      <symbol id="sm-38a">
         <name>_printf</name>
         <value>0x1180f</value>
         <object_component_ref idref="oc-220"/>
      </symbol>
      <symbol id="sm-4b5">
         <name>___TI_printfi</name>
         <value>0xfb23</value>
         <object_component_ref idref="oc-230"/>
      </symbol>
      <symbol id="sm-4c9">
         <name>_atoi</name>
         <value>0x118d8</value>
         <object_component_ref idref="oc-23f"/>
      </symbol>
      <symbol id="sm-4d1">
         <name>__ctypes_</name>
         <value>0x9f68</value>
         <object_component_ref idref="oc-24a"/>
      </symbol>
      <symbol id="sm-4dc">
         <name>___TI_ft_end</name>
         <value>0x9a40</value>
         <object_component_ref idref="oc-111"/>
      </symbol>
      <symbol id="sm-4dd">
         <name>___TI_tmpnams</name>
         <value>0x9b00</value>
         <object_component_ref idref="oc-111"/>
      </symbol>
      <symbol id="sm-4de">
         <name>__ftable</name>
         <value>0x9a80</value>
         <object_component_ref idref="oc-111"/>
      </symbol>
      <symbol id="sm-4ee">
         <name>FD$$CMP</name>
         <value>0x11937</value>
         <object_component_ref idref="oc-113"/>
      </symbol>
      <symbol id="sm-505">
         <name>FD$$DIV</name>
         <value>0x110ac</value>
         <object_component_ref idref="oc-118"/>
      </symbol>
      <symbol id="sm-517">
         <name>FD$$MPY</name>
         <value>0x111c0</value>
         <object_component_ref idref="oc-11d"/>
      </symbol>
      <symbol id="sm-524">
         <name>FD$$NEG</name>
         <value>0x11c2c</value>
         <object_component_ref idref="oc-122"/>
      </symbol>
      <symbol id="sm-530">
         <name>FD$$SUB</name>
         <value>0x11bdc</value>
         <object_component_ref idref="oc-127"/>
      </symbol>
      <symbol id="sm-53f">
         <name>FD$$TOI</name>
         <value>0x11a49</value>
         <object_component_ref idref="oc-12c"/>
      </symbol>
      <symbol id="sm-54e">
         <name>FD$$TOL</name>
         <value>0x11a6a</value>
         <object_component_ref idref="oc-131"/>
      </symbol>
      <symbol id="sm-561">
         <name>_putchar</name>
         <value>0x11639</value>
         <object_component_ref idref="oc-22c"/>
      </symbol>
      <symbol id="sm-562">
         <name>_putc</name>
         <value>0x115eb</value>
         <object_component_ref idref="oc-22c"/>
      </symbol>
      <symbol id="sm-563">
         <name>_fputc</name>
         <value>0x115eb</value>
         <object_component_ref idref="oc-22c"/>
      </symbol>
      <symbol id="sm-580">
         <name>_puts</name>
         <value>0x10f69</value>
         <object_component_ref idref="oc-22d"/>
      </symbol>
      <symbol id="sm-581">
         <name>_fputs</name>
         <value>0x10ecc</value>
         <object_component_ref idref="oc-22d"/>
      </symbol>
      <symbol id="sm-591">
         <name>FS$$TOFD</name>
         <value>0x11b00</value>
         <object_component_ref idref="oc-141"/>
      </symbol>
      <symbol id="sm-5a1">
         <name>I$$TOFD</name>
         <value>0x11ae3</value>
         <object_component_ref idref="oc-146"/>
      </symbol>
      <symbol id="sm-5b1">
         <name>L$$TOFD</name>
         <value>0x11b1c</value>
         <object_component_ref idref="oc-14b"/>
      </symbol>
      <symbol id="sm-5bd">
         <name>LL$$AND</name>
         <value>0x11b9c</value>
         <object_component_ref idref="oc-150"/>
      </symbol>
      <symbol id="sm-5be">
         <name>LL$$OR</name>
         <value>0x11ba4</value>
         <object_component_ref idref="oc-150"/>
      </symbol>
      <symbol id="sm-5bf">
         <name>LL$$XOR</name>
         <value>0x11bac</value>
         <object_component_ref idref="oc-150"/>
      </symbol>
      <symbol id="sm-5cd">
         <name>ULL$$CMP</name>
         <value>0x11a9b</value>
         <object_component_ref idref="oc-155"/>
      </symbol>
      <symbol id="sm-5ce">
         <name>LL$$CMP</name>
         <value>0x11a89</value>
         <object_component_ref idref="oc-155"/>
      </symbol>
      <symbol id="sm-5fa">
         <name>ULL$$MOD</name>
         <value>0x10cb5</value>
         <object_component_ref idref="oc-15a"/>
      </symbol>
      <symbol id="sm-5fb">
         <name>ULL$$DIV</name>
         <value>0x10c86</value>
         <object_component_ref idref="oc-15a"/>
      </symbol>
      <symbol id="sm-5fc">
         <name>LL$$MOD</name>
         <value>0x10c4c</value>
         <object_component_ref idref="oc-15a"/>
      </symbol>
      <symbol id="sm-5fd">
         <name>LL$$DIV</name>
         <value>0x10c10</value>
         <object_component_ref idref="oc-15a"/>
      </symbol>
      <symbol id="sm-60b">
         <name>_ltoa</name>
         <value>0x11909</value>
         <object_component_ref idref="oc-240"/>
      </symbol>
      <symbol id="sm-61a">
         <name>_memccpy</name>
         <value>0x11bea</value>
         <object_component_ref idref="oc-244"/>
      </symbol>
      <symbol id="sm-629">
         <name>_memchr</name>
         <value>0x11bcc</value>
         <object_component_ref idref="oc-23e"/>
      </symbol>
      <symbol id="sm-63c">
         <name>_frexpl</name>
         <value>0x1153b</value>
         <object_component_ref idref="oc-241"/>
      </symbol>
      <symbol id="sm-659">
         <name>_scalbnl</name>
         <value>0x10e10</value>
         <object_component_ref idref="oc-242"/>
      </symbol>
      <symbol id="sm-65a">
         <name>_ldexpl</name>
         <value>0x10e10</value>
         <object_component_ref idref="oc-242"/>
      </symbol>
      <symbol id="sm-669">
         <name>_strchr</name>
         <value>0x11c03</value>
         <object_component_ref idref="oc-243"/>
      </symbol>
      <symbol id="sm-676">
         <name>_strcpy</name>
         <value>0x11c45</value>
         <object_component_ref idref="oc-233"/>
      </symbol>
      <symbol id="sm-683">
         <name>_strlen</name>
         <value>0x11c3d</value>
         <object_component_ref idref="oc-231"/>
      </symbol>
      <symbol id="sm-696">
         <name>__device</name>
         <value>0x9c00</value>
         <object_component_ref idref="oc-18b"/>
      </symbol>
      <symbol id="sm-697">
         <name>__stream</name>
         <value>0x9bc0</value>
         <object_component_ref idref="oc-18b"/>
      </symbol>
      <symbol id="sm-698">
         <name>_write</name>
         <value>0x11b6a</value>
         <object_component_ref idref="oc-23d"/>
      </symbol>
      <symbol id="sm-6af">
         <name>___TI_rd_ok</name>
         <value>0x1144f</value>
         <object_component_ref idref="oc-23b"/>
      </symbol>
      <symbol id="sm-6b0">
         <name>___TI_wrt_ok</name>
         <value>0x11414</value>
         <object_component_ref idref="oc-23b"/>
      </symbol>
      <symbol id="sm-6cb">
         <name>FD$$ADD</name>
         <value>0x10f7c</value>
         <object_component_ref idref="oc-195"/>
      </symbol>
      <symbol id="sm-6e1">
         <name>___TI_doflush</name>
         <value>0x112bf</value>
         <object_component_ref idref="oc-23c"/>
      </symbol>
      <symbol id="sm-6e2">
         <name>_fflush</name>
         <value>0x112ee</value>
         <object_component_ref idref="oc-23c"/>
      </symbol>
      <symbol id="sm-6f2">
         <name>_fseek</name>
         <value>0x11794</value>
         <object_component_ref idref="oc-248"/>
      </symbol>
      <symbol id="sm-6fe">
         <name>_HOSTclose</name>
         <value>0x119b4</value>
         <object_component_ref idref="oc-222"/>
      </symbol>
      <symbol id="sm-70a">
         <name>_HOSTlseek</name>
         <value>0x1147b</value>
         <object_component_ref idref="oc-225"/>
      </symbol>
      <symbol id="sm-719">
         <name>_parmbuf</name>
         <value>0x9ba0</value>
         <object_component_ref idref="oc-1af"/>
      </symbol>
      <symbol id="sm-71a">
         <name>_HOSTopen</name>
         <value>0x116d7</value>
         <object_component_ref idref="oc-221"/>
      </symbol>
      <symbol id="sm-727">
         <name>_HOSTread</name>
         <value>0x11717</value>
         <object_component_ref idref="oc-223"/>
      </symbol>
      <symbol id="sm-733">
         <name>_HOSTrename</name>
         <value>0x11756</value>
         <object_component_ref idref="oc-227"/>
      </symbol>
      <symbol id="sm-73f">
         <name>_HOSTunlink</name>
         <value>0x11a01</value>
         <object_component_ref idref="oc-226"/>
      </symbol>
      <symbol id="sm-74c">
         <name>_HOSTwrite</name>
         <value>0x117d1</value>
         <object_component_ref idref="oc-224"/>
      </symbol>
      <symbol id="sm-758">
         <name>UL$$MOD</name>
         <value>0x11985</value>
         <object_component_ref idref="oc-1c8"/>
      </symbol>
      <symbol id="sm-759">
         <name>L$$MOD</name>
         <value>0x11970</value>
         <object_component_ref idref="oc-1c8"/>
      </symbol>
      <symbol id="sm-75a">
         <name>L$$DIV</name>
         <value>0x11961</value>
         <object_component_ref idref="oc-1c8"/>
      </symbol>
      <symbol id="sm-75b">
         <name>UL$$DIV</name>
         <value>0x1197e</value>
         <object_component_ref idref="oc-1c8"/>
      </symbol>
      <symbol id="sm-768">
         <name>_lseek</name>
         <value>0x11bb4</value>
         <object_component_ref idref="oc-24c"/>
      </symbol>
      <symbol id="sm-775">
         <name>_copysignl</name>
         <value>0x11a25</value>
         <object_component_ref idref="oc-24b"/>
      </symbol>
      <symbol id="sm-78b">
         <name>_setvbuf</name>
         <value>0x11137</value>
         <object_component_ref idref="oc-249"/>
      </symbol>
      <symbol id="sm-7a4">
         <name>___TI_readmsg</name>
         <value>0x11070</value>
         <object_component_ref idref="oc-232"/>
      </symbol>
      <symbol id="sm-7a5">
         <name>C$$IO$$</name>
         <value>0x1106b</value>
         <object_component_ref idref="oc-232"/>
      </symbol>
      <symbol id="sm-7a6">
         <name>__CIOBUF_</name>
         <value>0x480</value>
         <object_component_ref idref="oc-1dd"/>
      </symbol>
      <symbol id="sm-7a7">
         <name>___TI_writemsg</name>
         <value>0x11018</value>
         <object_component_ref idref="oc-232"/>
      </symbol>
      <symbol id="sm-7dc">
         <name>_fopen</name>
         <value>0x10dca</value>
         <object_component_ref idref="oc-24e"/>
      </symbol>
      <symbol id="sm-7dd">
         <name>___TI_cleanup</name>
         <value>0x10d8f</value>
         <object_component_ref idref="oc-24e"/>
      </symbol>
      <symbol id="sm-7de">
         <name>_freopen</name>
         <value>0x10dac</value>
         <object_component_ref idref="oc-24e"/>
      </symbol>
      <symbol id="sm-825">
         <name>__sys_memory</name>
         <value>0xeb40</value>
         <object_component_ref idref="oc-1eb"/>
      </symbol>
      <symbol id="sm-826">
         <name>_chkheap</name>
         <value>0x10ae7</value>
         <object_component_ref idref="oc-24d"/>
      </symbol>
      <symbol id="sm-827">
         <name>_realloc</name>
         <value>0x109f5</value>
         <object_component_ref idref="oc-24d"/>
      </symbol>
      <symbol id="sm-828">
         <name>_free_memory</name>
         <value>0x10ac9</value>
         <object_component_ref idref="oc-24d"/>
      </symbol>
      <symbol id="sm-829">
         <name>_max_free</name>
         <value>0x10aa7</value>
         <object_component_ref idref="oc-24d"/>
      </symbol>
      <symbol id="sm-82a">
         <name>_free</name>
         <value>0x1092e</value>
         <object_component_ref idref="oc-24d"/>
      </symbol>
      <symbol id="sm-82b">
         <name>_calloc</name>
         <value>0x10ae9</value>
         <object_component_ref idref="oc-24d"/>
      </symbol>
      <symbol id="sm-82c">
         <name>_malloc</name>
         <value>0x10997</value>
         <object_component_ref idref="oc-24d"/>
      </symbol>
      <symbol id="sm-82d">
         <name>_minit</name>
         <value>0x10972</value>
         <object_component_ref idref="oc-24d"/>
      </symbol>
      <symbol id="sm-848">
         <name>_open</name>
         <value>0x113a3</value>
         <object_component_ref idref="oc-24f"/>
      </symbol>
      <symbol id="sm-859">
         <name>___TI_closefile</name>
         <value>0x114dc</value>
         <object_component_ref idref="oc-250"/>
      </symbol>
      <symbol id="sm-85a">
         <name>_fclose</name>
         <value>0x11520</value>
         <object_component_ref idref="oc-250"/>
      </symbol>
      <symbol id="sm-86c">
         <name>_finddevice</name>
         <value>0x1163e</value>
         <object_component_ref idref="oc-251"/>
      </symbol>
      <symbol id="sm-86d">
         <name>_getdevice</name>
         <value>0x1165a</value>
         <object_component_ref idref="oc-251"/>
      </symbol>
      <symbol id="sm-879">
         <name>_remove</name>
         <value>0x11c4a</value>
         <object_component_ref idref="oc-253"/>
      </symbol>
      <symbol id="sm-887">
         <name>_strcmp</name>
         <value>0x11c19</value>
         <object_component_ref idref="oc-254"/>
      </symbol>
      <symbol id="sm-897">
         <name>_strncpy</name>
         <value>0x11ac5</value>
         <object_component_ref idref="oc-255"/>
      </symbol>
      <symbol id="sm-8a3">
         <name>_unlink</name>
         <value>0x11b51</value>
         <object_component_ref idref="oc-256"/>
      </symbol>
      <symbol id="sm-8b3">
         <name>_close</name>
         <value>0x118a5</value>
         <object_component_ref idref="oc-252"/>
      </symbol>
   </symbol_table>
   <title>Link successful</title>
</link_info>
