******************************************************************************
             TMS320C2000 Linker PC v16.9.6                     
******************************************************************************
>> Linked Tue Mar 27 20:09:07 2018

OUTPUT FILE NAME:   <PM_Sensorless_DRV8301_F2806x.out>
ENTRY POINT SYMBOL: "_c_int00"  address: 000118ec


MEMORY CONFIGURATION

         name            origin    length      used     unused   attr    fill
----------------------  --------  ---------  --------  --------  ----  --------
PAGE 0:
  BEGIN                 00000000   00000002  00000002  00000000  RWIX
  BOOT_RSVD             00000002   0000004e  00000000  0000004e  RWIX
  RAMM0                 00000050   000003b0  00000290  00000120  RWIX
  progRAM               00008000   00001800  00000004  000017fc  RWIX
  textRAM               0000f040   00003000  00002f66  0000009a  RWIX
  FPUTABLES             003fd860   000006a0  000006a0  00000000  RWIX
  IQTABLES              003fdf00   00000b50  00000000  00000b50  RWIX
  IQTABLES2             003fea50   0000008c  00000000  0000008c  RWIX
  IQTABLES3             003feadc   000000aa  00000000  000000aa  RWIX
  BOOTROM               003ff3b0   00000c10  00000000  00000c10  RWIX
  RESET                 003fffc0   00000002  00000000  00000002  RWIX

PAGE 1:
  RAMM1                 00000480   00000380  00000120  00000260  RWIX
  DEV_EMU               00000880   00000105  00000004  00000101  RWIX
  SYS_PWR_CTL           00000985   00000003  00000003  00000000  RWIX
  FLASH_REGS            00000a80   00000060  00000008  00000058  RWIX
  CSM                   00000ae0   00000020  00000010  00000010  RWIX
  ADC_RESULT            00000b00   00000020  00000010  00000010  RWIX
  CPU_TIMER0            00000c00   00000008  00000008  00000000  RWIX
  CPU_TIMER1            00000c08   00000008  00000008  00000000  RWIX
  CPU_TIMER2            00000c10   00000008  00000008  00000000  RWIX
  PIE_CTRL              00000ce0   00000020  0000001a  00000006  RWIX
  PIE_VECT              00000d00   00000100  00000100  00000000  RWIX
  DMA                   00001000   00000200  000000e0  00000120  RWIX
  CLA1                  00001400   00000080  00000040  00000040  RWIX
  USB0                  00004000   00001000  00000454  00000bac  RWIX
  McBSPA                00005000   00000040  00000024  0000001c  RWIX
  ECANA                 00006000   00000040  00000034  0000000c  RWIX
  ECANA_LAM             00006040   00000040  00000040  00000000  RWIX
  ECANA_MOTS            00006080   00000040  00000040  00000000  RWIX
  ECANA_MOTO            000060c0   00000040  00000040  00000000  RWIX
  ECANA_MBOX            00006100   00000100  00000100  00000000  RWIX
  COMP1                 00006400   00000020  00000007  00000019  RWIX
  COMP2                 00006420   00000020  00000007  00000019  RWIX
  COMP3                 00006440   00000020  00000007  00000019  RWIX
  EPWM1                 00006800   00000040  00000040  00000000  RWIX
  EPWM2                 00006840   00000040  00000040  00000000  RWIX
  EPWM3                 00006880   00000040  00000040  00000000  RWIX
  EPWM4                 000068c0   00000040  00000040  00000000  RWIX
  EPWM5                 00006900   00000040  00000040  00000000  RWIX
  EPWM6                 00006940   00000040  00000040  00000000  RWIX
  EPWM7                 00006980   00000040  00000040  00000000  RWIX
  EPWM8                 000069c0   00000040  00000040  00000000  RWIX
  ECAP1                 00006a00   00000020  00000020  00000000  RWIX
  ECAP2                 00006a20   00000020  00000020  00000000  RWIX
  ECAP3                 00006a40   00000020  00000020  00000000  RWIX
  HRCAP1                00006ac0   00000020  0000001f  00000001  RWIX
  HRCAP2                00006ae0   00000020  0000001f  00000001  RWIX
  EQEP1                 00006b00   00000040  00000022  0000001e  RWIX
  EQEP2                 00006b40   00000040  00000022  0000001e  RWIX
  HRCAP3                00006c80   00000020  0000001f  00000001  RWIX
  HRCAP4                00006ca0   00000020  0000001f  00000001  RWIX
  GPIOCTRL              00006f80   00000040  00000040  00000000  RWIX
  GPIODAT               00006fc0   00000020  00000020  00000000  RWIX
  GPIOINT               00006fe0   00000020  00000020  00000000  RWIX
  SYSTEM                00007010   00000030  00000030  00000000  RWIX
  SPIA                  00007040   00000010  00000010  00000000  RWIX
  SCIA                  00007050   00000010  00000010  00000000  RWIX
  NMIINTRUPT            00007060   00000010  00000010  00000000  RWIX
  XINTRUPT              00007070   00000010  00000010  00000000  RWIX
  ADC                   00007100   00000080  00000050  00000030  RWIX
  SPIB                  00007740   00000010  00000010  00000000  RWIX
  SCIB                  00007750   00000010  00000010  00000000  RWIX
  I2CA                  00007900   00000040  00000022  0000001e  RWIX
  dataRAM               00009800   00001000  00000972  0000068e  RWIX
  RAMM2                 0000a820   00004100  00001980  00002780  RWIX
  RAMM3                 0000eb40   00000400  00000400  00000000  RWIX
  PARTID                003d7e80   00000001  00000001  00000000  RWIX
  CSM_PWL               003f7ff8   00000008  00000008  00000000  RWIX


SECTION ALLOCATION MAP

 output                                  attributes/
section   page    origin      length       input sections
--------  ----  ----------  ----------   ----------------
codestart 
*          0    00000000    00000002     
                  00000000    00000002     F2806x_CodeStartBranch.obj (codestart)

.cinit     0    00000050    00000290     
                  00000050    00000213     PM_Sensorless.obj (.cinit)
                  00000263    0000002a     rts2800_fpu32.lib : defs.obj (.cinit)
                  0000028d    00000029                       : write.obj (.cinit)
                  000002b6    0000000e                       : exit.obj (.cinit)
                  000002c4    00000005                       : _lock.obj (.cinit:__lock)
                  000002c9    00000005                       : _lock.obj (.cinit:__unlock)
                  000002ce    00000004                       : errno.obj (.cinit)
                  000002d2    00000004                       : fopen.obj (.cinit)
                  000002d6    00000004                       : memory.obj (.cinit)
                  000002da    00000004                       : open.obj (.cinit)
                  000002de    00000002     --HOLE-- [fill = 0]

ramfuncs   0    00008000    00000004     
                  00008000    00000004     F2806x_usDelay.obj (ramfuncs)

.text      0    0000f040    00002f66     
                  0000f040    00000c16     rts2800_fpu32.lib : _printfi.obj (.text)
                  0000fc56    00000970     PM_Sensorless.obj (.text)
                  000105c6    0000049c     PM_Sensorless.obj (.text:retain)
                  00010a62    00000221     PM_Sensorless-DevInit_F2806x.obj (.text)
                  00010c83    000001d2     rts2800_fpu32.lib : memory.obj (.text)
                  00010e55    00000110                       : e_expf.obj (.text)
                  00010f65    00000107                       : ll_div28.obj (.text)
                  0001106c    000000f9                       : fopen.obj (.text)
                  00011165    000000bc                       : s_scalbn.obj (.text)
                  00011221    000000b0                       : fputs.obj (.text)
                  000112d1    0000009c                       : fd_add28.obj (.text)
                  0001136d    00000001                       : startup.obj (.text)
                  0001136e    00000094                       : trgmsg.obj (.text)
                  00011402    0000008b                       : fd_div28.obj (.text)
                  0001148d    00000089                       : setvbuf.obj (.text)
                  00011516    00000083                       : fd_mpy28.obj (.text)
                  00011599    0000007c     F2806x_CpuTimers.obj (.text)
                  00011615    00000073     rts2800_fpu32.lib : fflush.obj (.text)
                  00011688    00000072     DRV8301_SPI.obj (.text)
                  000116fa    00000071     rts2800_fpu32.lib : open.obj (.text)
                  0001176b    00000067                       : _io_perm.obj (.text)
                  000117d2    00000061                       : hostlseek.obj (.text)
                  00011833    0000005f                       : fclose.obj (.text)
                  00011892    0000005a                       : s_frexp.obj (.text)
                  000118ec    00000056                       : boot28.obj (.text)
                  00011942    00000053                       : fputc.obj (.text)
                  00011995    0000004e                       : getdevice.obj (.text)
                  000119e3    0000004b     DLOG4CHC.obj (.text)
                  00011a2e    00000040     rts2800_fpu32.lib : hostopen.obj (.text)
                  00011a6e    0000003f                       : hostread.obj (.text)
                  00011aad    0000003e                       : hostrename.obj (.text)
                  00011aeb    0000003d                       : fseek.obj (.text)
                  00011b28    00000038                       : hostwrite.obj (.text)
                  00011b60    00000034                       : printf.obj (.text)
                  00011b94    00000034     rts2800_fpu32_fast_supplement.lib : cos_f32.obj (.text)
                  00011bc8    00000034                                       : sin_f32.obj (.text)
                  00011bfc    00000033     rts2800_fpu32.lib : close.obj (.text)
                  00011c2f    00000031                       : atoi.obj (.text)
                  00011c60    0000002e                       : ltoa.obj (.text)
                  00011c8e    0000002a                       : fd_cmp28.obj (.text)
                  00011cb8    0000002a                       : l_div28.obj (.text)
                  00011ce2    00000029                       : exit.obj (.text)
                  00011d0b    00000029                       : hostclose.obj (.text)
                  00011d34    00000024                       : cpy_tbl.obj (.text)
                  00011d58    00000024                       : hostunlink.obj (.text)
                  00011d7c    00000024                       : s_copysign.obj (.text)
                  00011da0    00000021                       : fd_toi28.obj (.text)
                  00011dc1    0000001f                       : fd_tol28.obj (.text)
                  00011de0    0000001e                       : ll_cmp28.obj (.text)
                  00011dfe    0000001e                       : memcpy.obj (.text)
                  00011e1c    0000001e                       : strncpy.obj (.text)
                  00011e3a    0000001d                       : i_tofd28.obj (.text)
                  00011e57    0000001c                       : fs_tofdfpu32.obj (.text)
                  00011e73    0000001c                       : l_tofd28.obj (.text)
                  00011e8f    00000019                       : args_main.obj (.text)
                  00011ea8    00000019                       : unlink.obj (.text)
                  00011ec1    00000019                       : write.obj (.text)
                  00011eda    00000019     rts2800_fpu32_fast_supplement.lib : div_f32.obj (.text)
                  00011ef3    00000018     rts2800_fpu32.lib : ll_aox28.obj (.text)
                  00011f0b    00000018                       : lseek.obj (.text)
                  00011f23    00000010                       : memchr.obj (.text)
                  00011f33    0000000e                       : fd_sub28.obj (.text)
                  00011f41    0000000d                       : memccpy.obj (.text)
                  00011f4e    0000000c                       : memset.obj (.text)
                  00011f5a    0000000c                       : strchr.obj (.text)
                  00011f66    0000000a     PM_Sensorless-DevInit_F2806x.obj (.text:retain)
                  00011f70    0000000a     rts2800_fpu32.lib : strcmp.obj (.text)
                  00011f7a    00000009                       : _lock.obj (.text)
                  00011f83    00000009                       : fd_neg28.obj (.text)
                  00011f8c    00000008     F2806x_CodeStartBranch.obj (.text)
                  00011f94    00000008     rts2800_fpu32.lib : strlen.obj (.text)
                  00011f9c    00000005                       : strcpy.obj (.text)
                  00011fa1    00000003                       : remove.obj (.text)
                  00011fa4    00000002                       : pre_init.obj (.text)

FPUmathTables 
*          0    003fd860    000006a0     NOLOAD SECTION
                  003fd860    000006a0     rts2800_fpu32_fast_supplement.lib : FPUmathTables.obj (FPUmathTables)

.cio       1    00000480    00000120     UNINITIALIZED
                  00000480    00000120     rts2800_fpu32.lib : trgmsg.obj (.cio)

DevEmuRegsFile 
*          1    00000880    00000004     UNINITIALIZED
                  00000880    00000004     F2806x_GlobalVariableDefs.obj (DevEmuRegsFile)

SysPwrCtrlRegsFile 
*          1    00000985    00000003     UNINITIALIZED
                  00000985    00000003     F2806x_GlobalVariableDefs.obj (SysPwrCtrlRegsFile)

FlashRegsFile 
*          1    00000a80    00000008     UNINITIALIZED
                  00000a80    00000008     F2806x_GlobalVariableDefs.obj (FlashRegsFile)

CsmRegsFile 
*          1    00000ae0    00000010     UNINITIALIZED
                  00000ae0    00000010     F2806x_GlobalVariableDefs.obj (CsmRegsFile)

AdcResultFile 
*          1    00000b00    00000010     UNINITIALIZED
                  00000b00    00000010     F2806x_GlobalVariableDefs.obj (AdcResultFile)

CpuTimer0RegsFile 
*          1    00000c00    00000008     UNINITIALIZED
                  00000c00    00000008     F2806x_GlobalVariableDefs.obj (CpuTimer0RegsFile)

CpuTimer1RegsFile 
*          1    00000c08    00000008     UNINITIALIZED
                  00000c08    00000008     F2806x_GlobalVariableDefs.obj (CpuTimer1RegsFile)

CpuTimer2RegsFile 
*          1    00000c10    00000008     UNINITIALIZED
                  00000c10    00000008     F2806x_GlobalVariableDefs.obj (CpuTimer2RegsFile)

PieCtrlRegsFile 
*          1    00000ce0    0000001a     UNINITIALIZED
                  00000ce0    0000001a     F2806x_GlobalVariableDefs.obj (PieCtrlRegsFile)

PieVectTableFile 
*          1    00000d00    00000100     UNINITIALIZED
                  00000d00    00000100     F2806x_GlobalVariableDefs.obj (PieVectTableFile)

EmuKeyVar 
*          1    00000d00    00000001     UNINITIALIZED
                  00000d00    00000001     F2806x_GlobalVariableDefs.obj (EmuKeyVar)

EmuBModeVar 
*          1    00000d01    00000001     UNINITIALIZED
                  00000d01    00000001     F2806x_GlobalVariableDefs.obj (EmuBModeVar)

FlashCallbackVar 
*          1    00000d02    00000002     UNINITIALIZED
                  00000d02    00000002     F2806x_GlobalVariableDefs.obj (FlashCallbackVar)

FlashScalingVar 
*          1    00000d04    00000002     UNINITIALIZED
                  00000d04    00000002     F2806x_GlobalVariableDefs.obj (FlashScalingVar)

DmaRegsFile 
*          1    00001000    000000e0     UNINITIALIZED
                  00001000    000000e0     F2806x_GlobalVariableDefs.obj (DmaRegsFile)

Cla1RegsFile 
*          1    00001400    00000040     UNINITIALIZED
                  00001400    00000040     F2806x_GlobalVariableDefs.obj (Cla1RegsFile)

Usb0RegsFile 
*          1    00004000    00000454     UNINITIALIZED
                  00004000    00000454     F2806x_GlobalVariableDefs.obj (Usb0RegsFile)

McbspaRegsFile 
*          1    00005000    00000024     UNINITIALIZED
                  00005000    00000024     F2806x_GlobalVariableDefs.obj (McbspaRegsFile)

ECanaRegsFile 
*          1    00006000    00000034     UNINITIALIZED
                  00006000    00000034     F2806x_GlobalVariableDefs.obj (ECanaRegsFile)

ECanaLAMRegsFile 
*          1    00006040    00000040     UNINITIALIZED
                  00006040    00000040     F2806x_GlobalVariableDefs.obj (ECanaLAMRegsFile)

ECanaMOTSRegsFile 
*          1    00006080    00000040     UNINITIALIZED
                  00006080    00000040     F2806x_GlobalVariableDefs.obj (ECanaMOTSRegsFile)

ECanaMOTORegsFile 
*          1    000060c0    00000040     UNINITIALIZED
                  000060c0    00000040     F2806x_GlobalVariableDefs.obj (ECanaMOTORegsFile)

ECanaMboxesFile 
*          1    00006100    00000100     UNINITIALIZED
                  00006100    00000100     F2806x_GlobalVariableDefs.obj (ECanaMboxesFile)

Comp1RegsFile 
*          1    00006400    00000007     UNINITIALIZED
                  00006400    00000007     F2806x_GlobalVariableDefs.obj (Comp1RegsFile)

Comp2RegsFile 
*          1    00006420    00000007     UNINITIALIZED
                  00006420    00000007     F2806x_GlobalVariableDefs.obj (Comp2RegsFile)

Comp3RegsFile 
*          1    00006440    00000007     UNINITIALIZED
                  00006440    00000007     F2806x_GlobalVariableDefs.obj (Comp3RegsFile)

EPwm1RegsFile 
*          1    00006800    00000040     UNINITIALIZED
                  00006800    00000040     F2806x_GlobalVariableDefs.obj (EPwm1RegsFile)

EPwm2RegsFile 
*          1    00006840    00000040     UNINITIALIZED
                  00006840    00000040     F2806x_GlobalVariableDefs.obj (EPwm2RegsFile)

EPwm3RegsFile 
*          1    00006880    00000040     UNINITIALIZED
                  00006880    00000040     F2806x_GlobalVariableDefs.obj (EPwm3RegsFile)

EPwm4RegsFile 
*          1    000068c0    00000040     UNINITIALIZED
                  000068c0    00000040     F2806x_GlobalVariableDefs.obj (EPwm4RegsFile)

EPwm5RegsFile 
*          1    00006900    00000040     UNINITIALIZED
                  00006900    00000040     F2806x_GlobalVariableDefs.obj (EPwm5RegsFile)

EPwm6RegsFile 
*          1    00006940    00000040     UNINITIALIZED
                  00006940    00000040     F2806x_GlobalVariableDefs.obj (EPwm6RegsFile)

EPwm7RegsFile 
*          1    00006980    00000040     UNINITIALIZED
                  00006980    00000040     F2806x_GlobalVariableDefs.obj (EPwm7RegsFile)

EPwm8RegsFile 
*          1    000069c0    00000040     UNINITIALIZED
                  000069c0    00000040     F2806x_GlobalVariableDefs.obj (EPwm8RegsFile)

ECap1RegsFile 
*          1    00006a00    00000020     UNINITIALIZED
                  00006a00    00000020     F2806x_GlobalVariableDefs.obj (ECap1RegsFile)

ECap2RegsFile 
*          1    00006a20    00000020     UNINITIALIZED
                  00006a20    00000020     F2806x_GlobalVariableDefs.obj (ECap2RegsFile)

ECap3RegsFile 
*          1    00006a40    00000020     UNINITIALIZED
                  00006a40    00000020     F2806x_GlobalVariableDefs.obj (ECap3RegsFile)

HRCap1RegsFile 
*          1    00006ac0    0000001f     UNINITIALIZED
                  00006ac0    0000001f     F2806x_GlobalVariableDefs.obj (HRCap1RegsFile)

HRCap2RegsFile 
*          1    00006ae0    0000001f     UNINITIALIZED
                  00006ae0    0000001f     F2806x_GlobalVariableDefs.obj (HRCap2RegsFile)

EQep1RegsFile 
*          1    00006b00    00000022     UNINITIALIZED
                  00006b00    00000022     F2806x_GlobalVariableDefs.obj (EQep1RegsFile)

EQep2RegsFile 
*          1    00006b40    00000022     UNINITIALIZED
                  00006b40    00000022     F2806x_GlobalVariableDefs.obj (EQep2RegsFile)

HRCap3RegsFile 
*          1    00006c80    0000001f     UNINITIALIZED
                  00006c80    0000001f     F2806x_GlobalVariableDefs.obj (HRCap3RegsFile)

HRCap4RegsFile 
*          1    00006ca0    0000001f     UNINITIALIZED
                  00006ca0    0000001f     F2806x_GlobalVariableDefs.obj (HRCap4RegsFile)

GpioCtrlRegsFile 
*          1    00006f80    00000040     UNINITIALIZED
                  00006f80    00000040     F2806x_GlobalVariableDefs.obj (GpioCtrlRegsFile)

GpioDataRegsFile 
*          1    00006fc0    00000020     UNINITIALIZED
                  00006fc0    00000020     F2806x_GlobalVariableDefs.obj (GpioDataRegsFile)

GpioIntRegsFile 
*          1    00006fe0    00000020     UNINITIALIZED
                  00006fe0    00000020     F2806x_GlobalVariableDefs.obj (GpioIntRegsFile)

SysCtrlRegsFile 
*          1    00007010    00000030     UNINITIALIZED
                  00007010    00000030     F2806x_GlobalVariableDefs.obj (SysCtrlRegsFile)

SpiaRegsFile 
*          1    00007040    00000010     UNINITIALIZED
                  00007040    00000010     F2806x_GlobalVariableDefs.obj (SpiaRegsFile)

SciaRegsFile 
*          1    00007050    00000010     UNINITIALIZED
                  00007050    00000010     F2806x_GlobalVariableDefs.obj (SciaRegsFile)

NmiIntruptRegsFile 
*          1    00007060    00000010     UNINITIALIZED
                  00007060    00000010     F2806x_GlobalVariableDefs.obj (NmiIntruptRegsFile)

XIntruptRegsFile 
*          1    00007070    00000010     UNINITIALIZED
                  00007070    00000010     F2806x_GlobalVariableDefs.obj (XIntruptRegsFile)

AdcRegsFile 
*          1    00007100    00000050     UNINITIALIZED
                  00007100    00000050     F2806x_GlobalVariableDefs.obj (AdcRegsFile)

SpibRegsFile 
*          1    00007740    00000010     UNINITIALIZED
                  00007740    00000010     F2806x_GlobalVariableDefs.obj (SpibRegsFile)

ScibRegsFile 
*          1    00007750    00000010     UNINITIALIZED
                  00007750    00000010     F2806x_GlobalVariableDefs.obj (ScibRegsFile)

I2caRegsFile 
*          1    00007900    00000022     UNINITIALIZED
                  00007900    00000022     F2806x_GlobalVariableDefs.obj (I2caRegsFile)

.ebss      1    00009800    00000448     UNINITIALIZED
                  00009800    00000228     PM_Sensorless.obj (.ebss)
                  00009a28    00000018     F2806x_CpuTimers.obj (.ebss)
                  00009a40    00000160     rts2800_fpu32.lib : defs.obj (.ebss)
                  00009ba0    00000008                       : hostopen.obj (.ebss)
                  00009ba8    00000008                       : memory.obj (.ebss)
                  00009bb0    00000006                       : exit.obj (.ebss)
                  00009bb6    00000002                       : _lock.obj (.ebss:__lock)
                  00009bb8    00000002                       : _lock.obj (.ebss:__unlock)
                  00009bba    00000001                       : errno.obj (.ebss)
                  00009bbb    00000001                       : fopen.obj (.ebss)
                  00009bbc    00000001                       : open.obj (.ebss)
                  00009bbd    00000003     --HOLE--
                  00009bc0    00000088                       : write.obj (.ebss)

DLOG       1    00009c48    00000320     UNINITIALIZED
                  00009c48    00000320     DLOG4CHC.obj (DLOG)

.econst    1    00009f68    0000020a     
                  00009f68    00000101     rts2800_fpu32.lib : ctype.obj (.econst:.string:__ctypes_)
                  0000a069    00000001     --HOLE-- [fill = 0]
                  0000a06a    00000063     PM_Sensorless.obj (.econst:.string)
                  0000a0cd    00000001     --HOLE-- [fill = 0]
                  0000a0ce    00000026     rts2800_fpu32.lib : _printfi.obj (.econst:.string)
                  0000a0f4    00000020     PM_Sensorless.obj (.econst:.string:_$P$T0$1)
                  0000a114    0000001c     rts2800_fpu32.lib : _printfi.obj (.econst)
                  0000a130    0000001c                       : s_scalbn.obj (.econst)
                  0000a14c    00000010                       : e_expf.obj (.econst)
                  0000a15c    00000008                       : s_frexp.obj (.econst)
                  0000a164    00000004                       : e_expf.obj (.econst:_halF)
                  0000a168    00000004                       : e_expf.obj (.econst:_ln2HI)
                  0000a16c    00000004                       : e_expf.obj (.econst:_ln2LO)
                  0000a170    00000002                       : fputs.obj (.econst:.string)

.stack     1    0000a820    00001980     UNINITIALIZED
                  0000a820    00001980     --HOLE--

.esysmem   1    0000eb40    00000400     UNINITIALIZED
                  0000eb40    00000001     rts2800_fpu32.lib : memory.obj (.esysmem)
                  0000eb41    000003ff     --HOLE--

PartIdRegsFile 
*          1    003d7e80    00000001     UNINITIALIZED
                  003d7e80    00000001     F2806x_GlobalVariableDefs.obj (PartIdRegsFile)

CsmPwlFile 
*          1    003f7ff8    00000008     UNINITIALIZED
                  003f7ff8    00000008     F2806x_GlobalVariableDefs.obj (CsmPwlFile)

.pinit     0    00000050    00000000     UNINITIALIZED

.reset     0    003fffc0    00000002     DSECT
                  003fffc0    00000002     rts2800_fpu32.lib : boot28.obj (.reset)

MODULE SUMMARY

       Module                             code    initialized data   uninitialized data
       ------                             ----    ----------------   ------------------
    .\
       PM_Sensorless.obj                  3596    662                552               
       F2806x_GlobalVariableDefs.obj      0       0                  3507              
       DLOG4CHC.obj                       75      0                  800               
       PM_Sensorless-DevInit_F2806x.obj   555     0                  0                 
       F2806x_CpuTimers.obj               124     0                  24                
       DRV8301_SPI.obj                    114     0                  0                 
       F2806x_CodeStartBranch.obj         10      0                  0                 
       F2806x_usDelay.obj                 4       0                  0                 
    +--+----------------------------------+-------+------------------+--------------------+
       Total:                             4478    662                4883              
                                                                                       
    ../rts2800_fpu32_fast_supplement.lib
       FPUmathTables.obj                  0       1696               0                 
       cos_f32.obj                        52      0                  0                 
       sin_f32.obj                        52      0                  0                 
       div_f32.obj                        25      0                  0                 
    +--+----------------------------------+-------+------------------+--------------------+
       Total:                             129     1696               0                 
                                                                                       
    C:/Program Files (x86)/Texas Instruments/ccsv7/tools/compiler/ti-cgt-c2000_16.9.6.LTS/lib/rts2800_fpu32.lib
       _printfi.obj                       3094    66                 0                 
       memory.obj                         466     4                  8                 
       trgmsg.obj                         148     0                  288               
       defs.obj                           0       42                 352               
       e_expf.obj                         272     28                 0                 
       ll_div28.obj                       263     0                  0                 
       ctype.obj                          0       257                0                 
       fopen.obj                          249     4                  1                 
       s_scalbn.obj                       188     28                 0                 
       write.obj                          25      41                 136               
       fputs.obj                          176     2                  0                 
       fd_add28.obj                       156     0                  0                 
       fd_div28.obj                       139     0                  0                 
       setvbuf.obj                        137     0                  0                 
       fd_mpy28.obj                       131     0                  0                 
       open.obj                           113     4                  1                 
       fflush.obj                         115     0                  0                 
       _io_perm.obj                       103     0                  0                 
       s_frexp.obj                        90      8                  0                 
       hostlseek.obj                      97      0                  0                 
       fclose.obj                         95      0                  0                 
       boot28.obj                         86      0                  0                 
       fputc.obj                          83      0                  0                 
       getdevice.obj                      78      0                  0                 
       hostopen.obj                       64      0                  8                 
       hostread.obj                       63      0                  0                 
       hostrename.obj                     62      0                  0                 
       exit.obj                           41      14                 6                 
       fseek.obj                          61      0                  0                 
       hostwrite.obj                      56      0                  0                 
       printf.obj                         52      0                  0                 
       close.obj                          51      0                  0                 
       atoi.obj                           49      0                  0                 
       ltoa.obj                           46      0                  0                 
       fd_cmp28.obj                       42      0                  0                 
       l_div28.obj                        42      0                  0                 
       hostclose.obj                      41      0                  0                 
       cpy_tbl.obj                        36      0                  0                 
       hostunlink.obj                     36      0                  0                 
       s_copysign.obj                     36      0                  0                 
       fd_toi28.obj                       33      0                  0                 
       fd_tol28.obj                       31      0                  0                 
       ll_cmp28.obj                       30      0                  0                 
       memcpy.obj                         30      0                  0                 
       strncpy.obj                        30      0                  0                 
       i_tofd28.obj                       29      0                  0                 
       fs_tofdfpu32.obj                   28      0                  0                 
       l_tofd28.obj                       28      0                  0                 
       args_main.obj                      25      0                  0                 
       unlink.obj                         25      0                  0                 
       ll_aox28.obj                       24      0                  0                 
       lseek.obj                          24      0                  0                 
       _lock.obj                          9       10                 4                 
       memchr.obj                         16      0                  0                 
       fd_sub28.obj                       14      0                  0                 
       memccpy.obj                        13      0                  0                 
       memset.obj                         12      0                  0                 
       strchr.obj                         12      0                  0                 
       strcmp.obj                         10      0                  0                 
       fd_neg28.obj                       9       0                  0                 
       strlen.obj                         8       0                  0                 
       errno.obj                          0       4                  1                 
       strcpy.obj                         5       0                  0                 
       remove.obj                         3       0                  0                 
       pre_init.obj                       2       0                  0                 
       startup.obj                        1       0                  0                 
    +--+----------------------------------+-------+------------------+--------------------+
       Total:                             7533    512                805               
                                                                                       
       Heap:                              0       0                  1024              
       Stack:                             0       0                  6528              
    +--+----------------------------------+-------+------------------+--------------------+
       Grand Total:                       12140   2870               13240             


GLOBAL DATA SYMBOLS: SORTED BY DATA PAGE

address     data page           name
--------    ----------------    ----
00000480      12 (00000480)     __CIOBUF_

00000880      22 (00000880)     _DevEmuRegs

00000985      26 (00000980)     _SysPwrCtrlRegs

00000a80      2a (00000a80)     _FlashRegs

00000ae0      2b (00000ac0)     _CsmRegs

00000b00      2c (00000b00)     _AdcResult

00000c00      30 (00000c00)     _CpuTimer0Regs
00000c08      30 (00000c00)     _CpuTimer1Regs
00000c10      30 (00000c00)     _CpuTimer2Regs

00000ce0      33 (00000cc0)     _PieCtrlRegs

00000d00      34 (00000d00)     _EmuKey
00000d00      34 (00000d00)     _PieVectTable
00000d01      34 (00000d00)     _EmuBMode
00000d02      34 (00000d00)     _Flash_CallbackPtr
00000d04      34 (00000d00)     _Flash_CPUScaleFactor

00001000      40 (00001000)     _DmaRegs

00001400      50 (00001400)     _Cla1Regs

00004000     100 (00004000)     _Usb0Regs

00005000     140 (00005000)     _McbspaRegs

00006000     180 (00006000)     _ECanaRegs

00006040     181 (00006040)     _ECanaLAMRegs

00006080     182 (00006080)     _ECanaMOTSRegs

000060c0     183 (000060c0)     _ECanaMOTORegs

00006100     184 (00006100)     _ECanaMboxes

00006400     190 (00006400)     _Comp1Regs
00006420     190 (00006400)     _Comp2Regs

00006440     191 (00006440)     _Comp3Regs

00006800     1a0 (00006800)     _EPwm1Regs

00006840     1a1 (00006840)     _EPwm2Regs

00006880     1a2 (00006880)     _EPwm3Regs

000068c0     1a3 (000068c0)     _EPwm4Regs

00006900     1a4 (00006900)     _EPwm5Regs

00006940     1a5 (00006940)     _EPwm6Regs

00006980     1a6 (00006980)     _EPwm7Regs

000069c0     1a7 (000069c0)     _EPwm8Regs

00006a00     1a8 (00006a00)     _ECap1Regs
00006a20     1a8 (00006a00)     _ECap2Regs

00006a40     1a9 (00006a40)     _ECap3Regs

00006ac0     1ab (00006ac0)     _HRCap1Regs
00006ae0     1ab (00006ac0)     _HRCap2Regs

00006b00     1ac (00006b00)     _EQep1Regs

00006b40     1ad (00006b40)     _EQep2Regs

00006c80     1b2 (00006c80)     _HRCap3Regs
00006ca0     1b2 (00006c80)     _HRCap4Regs

00006f80     1be (00006f80)     _GpioCtrlRegs

00006fc0     1bf (00006fc0)     _GpioDataRegs
00006fe0     1bf (00006fc0)     _GpioIntRegs

00007010     1c0 (00007000)     _SysCtrlRegs

00007040     1c1 (00007040)     _SpiaRegs
00007050     1c1 (00007040)     _SciaRegs
00007060     1c1 (00007040)     _NmiIntruptRegs
00007070     1c1 (00007040)     _XIntruptRegs

00007100     1c4 (00007100)     _AdcRegs

00007740     1dd (00007740)     _SpibRegs
00007750     1dd (00007740)     _ScibRegs

00007900     1e4 (00007900)     _I2caRegs

00009800     260 (00009800)     _PwmDacCh1
00009801     260 (00009800)     _PwmDacCh2
00009802     260 (00009800)     _lsw
00009803     260 (00009800)     _SerialCommsTimer
00009804     260 (00009800)     _BackTicker
00009805     260 (00009800)     _MPeriod
00009806     260 (00009800)     _Sector
00009807     260 (00009800)     _DRV8301_stat_reg2
00009808     260 (00009800)     _DRV8301_cntrl_reg2
00009809     260 (00009800)     _read_drv_status
0000980a     260 (00009800)     _DRV8301_stat_reg1
0000980b     260 (00009800)     _DRV8301_cntrl_reg1
0000980c     260 (00009800)     _LockRotorFlag
0000980d     260 (00009800)     _RunMotor
0000980e     260 (00009800)     _EnableFlag
0000980f     260 (00009800)     _DlogCh4
00009810     260 (00009800)     _DRV_RESET
00009811     260 (00009800)     _DlogCh3
00009812     260 (00009800)     _PwmDacCh4
00009813     260 (00009800)     _PwmDacCh3
00009814     260 (00009800)     _DlogCh1
00009815     260 (00009800)     _SpeedLoopCount
00009816     260 (00009800)     _DlogCh2
00009817     260 (00009800)     _SpeedLoopPrescaler
00009818     260 (00009800)     _VqTesting
0000981a     260 (00009800)     _cal_offset_A
0000981c     260 (00009800)     _IqRef
0000981e     260 (00009800)     _SpeedRef
00009820     260 (00009800)     _A_Task_Ptr
00009822     260 (00009800)     _Alpha_State_Ptr
00009824     260 (00009800)     _B_Task_Ptr
00009826     260 (00009800)     _VdTesting
00009828     260 (00009800)     _C_Task_Ptr
0000982a     260 (00009800)     _cal_offset_B
0000982c     260 (00009800)     _IdRef
0000982e     260 (00009800)     _T
00009830     260 (00009800)     _cal_filt_gain
00009832     260 (00009800)     _IsrTicker
00009834     260 (00009800)     _temp_sv1
00009836     260 (00009800)     _t2
00009838     260 (00009800)     _temp_sv2
0000983a     260 (00009800)     _Temp1
0000983c     260 (00009800)     _rc_tmp
0000983e     260 (00009800)     _Tmp_fr

00009840     261 (00009840)     _invE0
00009842     261 (00009840)     _E0
00009844     261 (00009840)     _Va
00009846     261 (00009840)     _Vc
00009848     261 (00009840)     _Vb
0000984a     261 (00009840)     _t1
0000984c     261 (00009840)     _Tmp
0000984e     261 (00009840)     _TmpD
00009850     261 (00009840)     _VTimer0
00009854     261 (00009840)     _VTimer1
00009858     261 (00009840)     _VTimer2
0000985c     261 (00009840)     _pwm1
00009864     261 (00009840)     _clarke1
0000986c     261 (00009840)     _svgen_dq1
00009876     261 (00009840)     _pwmdac1

00009880     262 (00009880)     _rg1
0000988c     262 (00009880)     _smo1_const
0000989a     262 (00009880)     _ipark1
000098a8     262 (00009880)     _rc1

000098c0     263 (000098c0)     _park1
000098ce     263 (000098c0)     _speed3
000098de     263 (000098c0)     _qep1

00009900     264 (00009900)     _speed1
00009912     264 (00009900)     _volt1
00009926     264 (00009900)     _dlog

00009940     265 (00009940)     _smo1

00009980     266 (00009980)     _pid1_spd

000099c0     267 (000099c0)     _pid1_id

00009a00     268 (00009a00)     _pid1_iq
00009a28     268 (00009a00)     _CpuTimer1
00009a30     268 (00009a00)     _CpuTimer2
00009a38     268 (00009a00)     _CpuTimer0

00009a40     269 (00009a40)     ___TI_ft_end

00009a80     26a (00009a80)     __ftable

00009b00     26c (00009b00)     ___TI_tmpnams

00009ba0     26e (00009b80)     _parmbuf
00009bb0     26e (00009b80)     ___TI_enable_exit_profile_output
00009bb2     26e (00009b80)     ___TI_cleanup_ptr
00009bb4     26e (00009b80)     ___TI_dtors_ptr
00009bb6     26e (00009b80)     __lock
00009bb8     26e (00009b80)     __unlock
00009bba     26e (00009b80)     _errno

00009bc0     26f (00009bc0)     __stream

00009c00     270 (00009c00)     __device

00009f68     27d (00009f40)     __ctypes_

0000a820     2a0 (0000a800)     __stack

0000eb40     3ad (0000eb40)     __sys_memory

003d7e80    f5fa (003d7e80)     _PartIdRegs

003f7ff8    fdff (003f7fc0)     _CsmPwl

003fd860    ff61 (003fd840)     _FPUsinTable

003fd960    ff65 (003fd940)     _FPUcosTable

003fdc60    ff71 (003fdc40)     _FPUsinTableEnd

003fdd62    ff75 (003fdd40)     _FPUatan2HalfPITable
003fdd62    ff75 (003fdd40)     _FPUcosTableEnd
003fdd66    ff75 (003fdd40)     _FPUatan2Table

003fdeec    ff7b (003fdec0)     _FPUatan2TableEnd


GLOBAL SYMBOLS: SORTED ALPHABETICALLY BY Name 

page  address   name                            
----  -------   ----                            
0     0000f040  .text                           
0     00011ce2  C$$EXIT                         
0     000113c1  C$$IO$$                         
0     000112d1  FD$$ADD                         
0     00011c8e  FD$$CMP                         
0     00011402  FD$$DIV                         
0     00011516  FD$$MPY                         
0     00011f83  FD$$NEG                         
0     00011f33  FD$$SUB                         
0     00011da0  FD$$TOI                         
0     00011dc1  FD$$TOL                         
0     00011eda  FS$$DIV                         
0     00011e57  FS$$TOFD                        
0     00011e3a  I$$TOFD                         
0     00011cb8  L$$DIV                          
0     00011cc7  L$$MOD                          
0     00011e73  L$$TOFD                         
0     00011ef3  LL$$AND                         
0     00011de0  LL$$CMP                         
0     00010f65  LL$$DIV                         
0     00010fa1  LL$$MOD                         
0     00011efb  LL$$OR                          
0     00011f03  LL$$XOR                         
0     00011cd5  UL$$DIV                         
0     00011cdc  UL$$MOD                         
0     00011df2  ULL$$CMP                        
0     00010fdb  ULL$$DIV                        
0     0001100a  ULL$$MOD                        
0     00010476  _A0                             
0     000104bb  _A1                             
0     00010592  _A2                             
0     00010598  _A3                             
1     00009820  _A_Task_Ptr                     
1     00007100  _AdcRegs                        
1     00000b00  _AdcResult                      
1     00009822  _Alpha_State_Ptr                
0     0001048f  _B0                             
0     0001059e  _B1                             
0     000105a4  _B2                             
0     000105aa  _B3                             
1     00009824  _B_Task_Ptr                     
1     00009804  _BackTicker                     
0     000104a5  _C0                             
0     000105b0  _C1                             
0     000105ba  _C2                             
0     000105c0  _C3                             
1     00009828  _C_Task_Ptr                     
1     00001400  _Cla1Regs                       
1     00006400  _Comp1Regs                      
1     00006420  _Comp2Regs                      
1     00006440  _Comp3Regs                      
0     000115d4  _ConfigCpuTimer                 
1     00009a38  _CpuTimer0                      
1     00000c00  _CpuTimer0Regs                  
1     00009a28  _CpuTimer1                      
1     00000c08  _CpuTimer1Regs                  
1     00009a30  _CpuTimer2                      
1     00000c10  _CpuTimer2Regs                  
1     003f7ff8  _CsmPwl                         
1     00000ae0  _CsmRegs                        
0     000119e3  _DLOG_4CH_init                  
0     000119ee  _DLOG_4CH_update                
0     00011688  _DRV8301_SPI_Init               
0     000116ac  _DRV8301_SPI_Read               
0     000116db  _DRV8301_SPI_Write              
1     0000980b  _DRV8301_cntrl_reg1             
1     00009808  _DRV8301_cntrl_reg2             
1     0000980a  _DRV8301_stat_reg1              
1     00009807  _DRV8301_stat_reg2              
1     00009810  _DRV_RESET                      
0     00008000  _DSP28x_usDelay                 
1     00000880  _DevEmuRegs                     
0     00010a62  _DeviceInit                     
1     00009814  _DlogCh1                        
1     00009816  _DlogCh2                        
1     00009811  _DlogCh3                        
1     0000980f  _DlogCh4                        
1     00001000  _DmaRegs                        
1     00009842  _E0                             
1     00006040  _ECanaLAMRegs                   
1     000060c0  _ECanaMOTORegs                  
1     00006080  _ECanaMOTSRegs                  
1     00006100  _ECanaMboxes                    
1     00006000  _ECanaRegs                      
1     00006a00  _ECap1Regs                      
1     00006a20  _ECap2Regs                      
1     00006a40  _ECap3Regs                      
1     00006800  _EPwm1Regs                      
1     00006840  _EPwm2Regs                      
1     00006880  _EPwm3Regs                      
1     000068c0  _EPwm4Regs                      
1     00006900  _EPwm5Regs                      
1     00006940  _EPwm6Regs                      
1     00006980  _EPwm7Regs                      
1     000069c0  _EPwm8Regs                      
1     00006b00  _EQep1Regs                      
1     00006b40  _EQep2Regs                      
1     00000d01  _EmuBMode                       
1     00000d00  _EmuKey                         
1     0000980e  _EnableFlag                     
0     003fdd62  _FPUatan2HalfPITable            
0     003fdd66  _FPUatan2Table                  
0     003fdeec  _FPUatan2TableEnd               
0     003fd960  _FPUcosTable                    
0     003fdd62  _FPUcosTableEnd                 
0     003fd860  _FPUsinTable                    
0     003fdc60  _FPUsinTableEnd                 
1     00000a80  _FlashRegs                      
1     00000d04  _Flash_CPUScaleFactor           
1     00000d02  _Flash_CallbackPtr              
1     00006f80  _GpioCtrlRegs                   
1     00006fc0  _GpioDataRegs                   
1     00006fe0  _GpioIntRegs                    
0     00011d0b  _HOSTclose                      
0     000117d2  _HOSTlseek                      
0     00011a2e  _HOSTopen                       
0     00011a6e  _HOSTread                       
0     00011aad  _HOSTrename                     
0     00011d58  _HOSTunlink                     
0     00011b28  _HOSTwrite                      
1     00006ac0  _HRCap1Regs                     
1     00006ae0  _HRCap2Regs                     
1     00006c80  _HRCap3Regs                     
1     00006ca0  _HRCap4Regs                     
1     00007900  _I2caRegs                       
0     00011f66  _ISR_ILLEGAL                    
1     0000982c  _IdRef                          
0     00011599  _InitCpuTimers                  
0     00010c68  _InitSci                        
1     0000981c  _IqRef                          
1     00009832  _IsrTicker                      
1     0000980c  _LockRotorFlag                  
1     00009805  _MPeriod                        
0     000105c6  _MainISR                        
1     00005000  _McbspaRegs                     
0     00010c55  _MemCopy                        
1     00007060  _NmiIntruptRegs                 
0     00010be0  _PLLset                         
1     003d7e80  _PartIdRegs                     
0     00010c1a  _PieCntlInit                    
1     00000ce0  _PieCtrlRegs                    
1     00000d00  _PieVectTable                   
0     00010c39  _PieVectTableInit               
1     00009800  _PwmDacCh1                      
1     00009801  _PwmDacCh2                      
1     00009813  _PwmDacCh3                      
1     00009812  _PwmDacCh4                      
1     0000980d  _RunMotor                       
1     00007050  _SciaRegs                       
1     00007750  _ScibRegs                       
1     00009806  _Sector                         
1     00009803  _SerialCommsTimer               
1     00009815  _SpeedLoopCount                 
1     00009817  _SpeedLoopPrescaler             
1     0000981e  _SpeedRef                       
1     00007040  _SpiaRegs                       
1     00007740  _SpibRegs                       
1     00007010  _SysCtrlRegs                    
1     00000985  _SysPwrCtrlRegs                 
1     0000982e  _T                              
1     0000983a  _Temp1                          
1     0000984c  _Tmp                            
1     0000984e  _TmpD                           
1     0000983e  _Tmp_fr                         
1     00004000  _Usb0Regs                       
1     00009850  _VTimer0                        
1     00009854  _VTimer1                        
1     00009858  _VTimer2                        
1     00009844  _Va                             
1     00009848  _Vb                             
1     00009846  _Vc                             
1     00009826  _VdTesting                      
1     00009818  _VqTesting                      
0     00010bd8  _WDogDisable                    
1     00007070  _XIntruptRegs                   
1     00000480  __CIOBUF_                       
1     0000c1a0  __STACK_END                     
abs   00001980  __STACK_SIZE                    
abs   00000400  __SYSMEM_SIZE                   
0     000110e4  ___TI_cleanup                   
1     00009bb2  ___TI_cleanup_ptr               
0     00011833  ___TI_closefile                 
0     00011615  ___TI_doflush                   
1     00009bb4  ___TI_dtors_ptr                 
1     00009bb0  ___TI_enable_exit_profile_output
1     00009a40  ___TI_ft_end                    
abs   ffffffff  ___TI_pprof_out_hndl            
0     0000fb23  ___TI_printfi                   
abs   ffffffff  ___TI_prof_data_size            
abs   ffffffff  ___TI_prof_data_start           
0     000117a6  ___TI_rd_ok                     
0     000113c6  ___TI_readmsg                   
1     00009b00  ___TI_tmpnams                   
0     0001136e  ___TI_writemsg                  
0     0001176b  ___TI_wrt_ok                    
abs   ffffffff  ___binit__                      
abs   ffffffff  ___c_args__                     
0     00000050  ___cinit__                      
0     00011fa6  ___etext__                      
abs   ffffffff  ___pinit__                      
0     0000f040  ___text__                       
0     00011e8f  __args_main                     
1     00009f68  __ctypes_                       
1     00009c00  __device                        
1     00009a80  __ftable                        
1     00009bb6  __lock                          
0     00011f82  __nop                           
0     00011f7e  __register_lock                 
0     00011f7a  __register_unlock               
1     0000a820  __stack                         
1     00009bc0  __stream                        
1     0000eb40  __sys_memory                    
0     0001136d  __system_post_cinit             
0     00011fa4  __system_pre_init               
1     00009bb8  __unlock                        
0     00011ce2  _abort                          
0     00011c2f  _atoi                           
0     000118ec  _c_int00                        
1     00009830  _cal_filt_gain                  
1     0000981a  _cal_offset_A                   
1     0000982a  _cal_offset_B                   
0     00010e3e  _calloc                         
0     00010e3c  _chkheap                        
1     00009864  _clarke1                        
0     00011bfc  _close                          
0     00011d34  _copy_in                        
0     00011d7c  _copysignl                      
0     00011b94  _cos                            
1     00009926  _dlog                           
1     00009bba  _errno                          
0     00011ce4  _exit                           
0     00010e55  _exp                            
0     00010e55  _expf                           
0     00011877  _fclose                         
0     00011644  _fflush                         
0     00011995  _finddevice                     
0     0001111f  _fopen                          
0     00011942  _fputc                          
0     00011221  _fputs                          
0     00010c83  _free                           
0     00010e1e  _free_memory                    
0     00011101  _freopen                        
0     00011892  _frexpl                         
0     00011aeb  _fseek                          
0     000119b1  _getdevice                      
1     00009840  _invE0                          
1     0000989a  _ipark1                         
0     00011165  _ldexpl                         
0     00011f0b  _lseek                          
1     00009802  _lsw                            
0     00011c60  _ltoa                           
0     0000fc56  _main                           
0     00010cec  _malloc                         
0     00010dfc  _max_free                       
0     00011f41  _memccpy                        
0     00011f23  _memchr                         
0     00011dfe  _memcpy                         
0     00011f4e  _memset                         
0     00010cc7  _minit                          
0     000116fa  _open                           
1     000098c0  _park1                          
1     00009ba0  _parmbuf                        
1     000099c0  _pid1_id                        
1     00009a00  _pid1_iq                        
1     00009980  _pid1_spd                       
0     00011b66  _printf                         
0     00011942  _putc                           
0     00011990  _putchar                        
0     000112be  _puts                           
1     0000985c  _pwm1                           
1     00009876  _pwmdac1                        
1     000098de  _qep1                           
1     000098a8  _rc1                            
1     0000983c  _rc_tmp                         
1     00009809  _read_drv_status                
0     00010d4a  _realloc                        
0     00011fa1  _remove                         
1     00009880  _rg1                            
0     00011165  _scalbnl                        
0     000109c1  _sciaRxFifoIsr                  
0     00010a0f  _sciaTxFifoIsr                  
0     0001148d  _setvbuf                        
0     00011bc8  _sin                            
1     00009940  _smo1                           
1     0000988c  _smo1_const                     
1     00009900  _speed1                         
1     000098ce  _speed3                         
0     00011f5a  _strchr                         
0     00011f70  _strcmp                         
0     00011f9c  _strcpy                         
0     00011f94  _strlen                         
0     00011e1c  _strncpy                        
1     0000986c  _svgen_dq1                      
1     0000984a  _t1                             
1     00009836  _t2                             
1     00009834  _temp_sv1                       
1     00009838  _temp_sv2                       
0     00010a28  _timer0_100ms_isr               
0     00011ea8  _unlink                         
1     00009912  _volt1                          
0     00011ec1  _write                          
abs   ffffffff  binit                           
0     00000050  cinit                           
0     00000000  code_start                      
0     00011fa6  etext                           
abs   ffffffff  pinit                           


GLOBAL SYMBOLS: SORTED BY Symbol Address 

page  address   name                            
----  -------   ----                            
0     00000000  code_start                      
0     00000050  ___cinit__                      
0     00000050  cinit                           
0     00008000  _DSP28x_usDelay                 
0     0000f040  .text                           
0     0000f040  ___text__                       
0     0000fb23  ___TI_printfi                   
0     0000fc56  _main                           
0     00010476  _A0                             
0     0001048f  _B0                             
0     000104a5  _C0                             
0     000104bb  _A1                             
0     00010592  _A2                             
0     00010598  _A3                             
0     0001059e  _B1                             
0     000105a4  _B2                             
0     000105aa  _B3                             
0     000105b0  _C1                             
0     000105ba  _C2                             
0     000105c0  _C3                             
0     000105c6  _MainISR                        
0     000109c1  _sciaRxFifoIsr                  
0     00010a0f  _sciaTxFifoIsr                  
0     00010a28  _timer0_100ms_isr               
0     00010a62  _DeviceInit                     
0     00010bd8  _WDogDisable                    
0     00010be0  _PLLset                         
0     00010c1a  _PieCntlInit                    
0     00010c39  _PieVectTableInit               
0     00010c55  _MemCopy                        
0     00010c68  _InitSci                        
0     00010c83  _free                           
0     00010cc7  _minit                          
0     00010cec  _malloc                         
0     00010d4a  _realloc                        
0     00010dfc  _max_free                       
0     00010e1e  _free_memory                    
0     00010e3c  _chkheap                        
0     00010e3e  _calloc                         
0     00010e55  _exp                            
0     00010e55  _expf                           
0     00010f65  LL$$DIV                         
0     00010fa1  LL$$MOD                         
0     00010fdb  ULL$$DIV                        
0     0001100a  ULL$$MOD                        
0     000110e4  ___TI_cleanup                   
0     00011101  _freopen                        
0     0001111f  _fopen                          
0     00011165  _ldexpl                         
0     00011165  _scalbnl                        
0     00011221  _fputs                          
0     000112be  _puts                           
0     000112d1  FD$$ADD                         
0     0001136d  __system_post_cinit             
0     0001136e  ___TI_writemsg                  
0     000113c1  C$$IO$$                         
0     000113c6  ___TI_readmsg                   
0     00011402  FD$$DIV                         
0     0001148d  _setvbuf                        
0     00011516  FD$$MPY                         
0     00011599  _InitCpuTimers                  
0     000115d4  _ConfigCpuTimer                 
0     00011615  ___TI_doflush                   
0     00011644  _fflush                         
0     00011688  _DRV8301_SPI_Init               
0     000116ac  _DRV8301_SPI_Read               
0     000116db  _DRV8301_SPI_Write              
0     000116fa  _open                           
0     0001176b  ___TI_wrt_ok                    
0     000117a6  ___TI_rd_ok                     
0     000117d2  _HOSTlseek                      
0     00011833  ___TI_closefile                 
0     00011877  _fclose                         
0     00011892  _frexpl                         
0     000118ec  _c_int00                        
0     00011942  _fputc                          
0     00011942  _putc                           
0     00011990  _putchar                        
0     00011995  _finddevice                     
0     000119b1  _getdevice                      
0     000119e3  _DLOG_4CH_init                  
0     000119ee  _DLOG_4CH_update                
0     00011a2e  _HOSTopen                       
0     00011a6e  _HOSTread                       
0     00011aad  _HOSTrename                     
0     00011aeb  _fseek                          
0     00011b28  _HOSTwrite                      
0     00011b66  _printf                         
0     00011b94  _cos                            
0     00011bc8  _sin                            
0     00011bfc  _close                          
0     00011c2f  _atoi                           
0     00011c60  _ltoa                           
0     00011c8e  FD$$CMP                         
0     00011cb8  L$$DIV                          
0     00011cc7  L$$MOD                          
0     00011cd5  UL$$DIV                         
0     00011cdc  UL$$MOD                         
0     00011ce2  C$$EXIT                         
0     00011ce2  _abort                          
0     00011ce4  _exit                           
0     00011d0b  _HOSTclose                      
0     00011d34  _copy_in                        
0     00011d58  _HOSTunlink                     
0     00011d7c  _copysignl                      
0     00011da0  FD$$TOI                         
0     00011dc1  FD$$TOL                         
0     00011de0  LL$$CMP                         
0     00011df2  ULL$$CMP                        
0     00011dfe  _memcpy                         
0     00011e1c  _strncpy                        
0     00011e3a  I$$TOFD                         
0     00011e57  FS$$TOFD                        
0     00011e73  L$$TOFD                         
0     00011e8f  __args_main                     
0     00011ea8  _unlink                         
0     00011ec1  _write                          
0     00011eda  FS$$DIV                         
0     00011ef3  LL$$AND                         
0     00011efb  LL$$OR                          
0     00011f03  LL$$XOR                         
0     00011f0b  _lseek                          
0     00011f23  _memchr                         
0     00011f33  FD$$SUB                         
0     00011f41  _memccpy                        
0     00011f4e  _memset                         
0     00011f5a  _strchr                         
0     00011f66  _ISR_ILLEGAL                    
0     00011f70  _strcmp                         
0     00011f7a  __register_unlock               
0     00011f7e  __register_lock                 
0     00011f82  __nop                           
0     00011f83  FD$$NEG                         
0     00011f94  _strlen                         
0     00011f9c  _strcpy                         
0     00011fa1  _remove                         
0     00011fa4  __system_pre_init               
0     00011fa6  ___etext__                      
0     00011fa6  etext                           
0     003fd860  _FPUsinTable                    
0     003fd960  _FPUcosTable                    
0     003fdc60  _FPUsinTableEnd                 
0     003fdd62  _FPUatan2HalfPITable            
0     003fdd62  _FPUcosTableEnd                 
0     003fdd66  _FPUatan2Table                  
0     003fdeec  _FPUatan2TableEnd               
1     00000480  __CIOBUF_                       
1     00000880  _DevEmuRegs                     
1     00000985  _SysPwrCtrlRegs                 
1     00000a80  _FlashRegs                      
1     00000ae0  _CsmRegs                        
1     00000b00  _AdcResult                      
1     00000c00  _CpuTimer0Regs                  
1     00000c08  _CpuTimer1Regs                  
1     00000c10  _CpuTimer2Regs                  
1     00000ce0  _PieCtrlRegs                    
1     00000d00  _EmuKey                         
1     00000d00  _PieVectTable                   
1     00000d01  _EmuBMode                       
1     00000d02  _Flash_CallbackPtr              
1     00000d04  _Flash_CPUScaleFactor           
1     00001000  _DmaRegs                        
1     00001400  _Cla1Regs                       
1     00004000  _Usb0Regs                       
1     00005000  _McbspaRegs                     
1     00006000  _ECanaRegs                      
1     00006040  _ECanaLAMRegs                   
1     00006080  _ECanaMOTSRegs                  
1     000060c0  _ECanaMOTORegs                  
1     00006100  _ECanaMboxes                    
1     00006400  _Comp1Regs                      
1     00006420  _Comp2Regs                      
1     00006440  _Comp3Regs                      
1     00006800  _EPwm1Regs                      
1     00006840  _EPwm2Regs                      
1     00006880  _EPwm3Regs                      
1     000068c0  _EPwm4Regs                      
1     00006900  _EPwm5Regs                      
1     00006940  _EPwm6Regs                      
1     00006980  _EPwm7Regs                      
1     000069c0  _EPwm8Regs                      
1     00006a00  _ECap1Regs                      
1     00006a20  _ECap2Regs                      
1     00006a40  _ECap3Regs                      
1     00006ac0  _HRCap1Regs                     
1     00006ae0  _HRCap2Regs                     
1     00006b00  _EQep1Regs                      
1     00006b40  _EQep2Regs                      
1     00006c80  _HRCap3Regs                     
1     00006ca0  _HRCap4Regs                     
1     00006f80  _GpioCtrlRegs                   
1     00006fc0  _GpioDataRegs                   
1     00006fe0  _GpioIntRegs                    
1     00007010  _SysCtrlRegs                    
1     00007040  _SpiaRegs                       
1     00007050  _SciaRegs                       
1     00007060  _NmiIntruptRegs                 
1     00007070  _XIntruptRegs                   
1     00007100  _AdcRegs                        
1     00007740  _SpibRegs                       
1     00007750  _ScibRegs                       
1     00007900  _I2caRegs                       
1     00009800  _PwmDacCh1                      
1     00009801  _PwmDacCh2                      
1     00009802  _lsw                            
1     00009803  _SerialCommsTimer               
1     00009804  _BackTicker                     
1     00009805  _MPeriod                        
1     00009806  _Sector                         
1     00009807  _DRV8301_stat_reg2              
1     00009808  _DRV8301_cntrl_reg2             
1     00009809  _read_drv_status                
1     0000980a  _DRV8301_stat_reg1              
1     0000980b  _DRV8301_cntrl_reg1             
1     0000980c  _LockRotorFlag                  
1     0000980d  _RunMotor                       
1     0000980e  _EnableFlag                     
1     0000980f  _DlogCh4                        
1     00009810  _DRV_RESET                      
1     00009811  _DlogCh3                        
1     00009812  _PwmDacCh4                      
1     00009813  _PwmDacCh3                      
1     00009814  _DlogCh1                        
1     00009815  _SpeedLoopCount                 
1     00009816  _DlogCh2                        
1     00009817  _SpeedLoopPrescaler             
1     00009818  _VqTesting                      
1     0000981a  _cal_offset_A                   
1     0000981c  _IqRef                          
1     0000981e  _SpeedRef                       
1     00009820  _A_Task_Ptr                     
1     00009822  _Alpha_State_Ptr                
1     00009824  _B_Task_Ptr                     
1     00009826  _VdTesting                      
1     00009828  _C_Task_Ptr                     
1     0000982a  _cal_offset_B                   
1     0000982c  _IdRef                          
1     0000982e  _T                              
1     00009830  _cal_filt_gain                  
1     00009832  _IsrTicker                      
1     00009834  _temp_sv1                       
1     00009836  _t2                             
1     00009838  _temp_sv2                       
1     0000983a  _Temp1                          
1     0000983c  _rc_tmp                         
1     0000983e  _Tmp_fr                         
1     00009840  _invE0                          
1     00009842  _E0                             
1     00009844  _Va                             
1     00009846  _Vc                             
1     00009848  _Vb                             
1     0000984a  _t1                             
1     0000984c  _Tmp                            
1     0000984e  _TmpD                           
1     00009850  _VTimer0                        
1     00009854  _VTimer1                        
1     00009858  _VTimer2                        
1     0000985c  _pwm1                           
1     00009864  _clarke1                        
1     0000986c  _svgen_dq1                      
1     00009876  _pwmdac1                        
1     00009880  _rg1                            
1     0000988c  _smo1_const                     
1     0000989a  _ipark1                         
1     000098a8  _rc1                            
1     000098c0  _park1                          
1     000098ce  _speed3                         
1     000098de  _qep1                           
1     00009900  _speed1                         
1     00009912  _volt1                          
1     00009926  _dlog                           
1     00009940  _smo1                           
1     00009980  _pid1_spd                       
1     000099c0  _pid1_id                        
1     00009a00  _pid1_iq                        
1     00009a28  _CpuTimer1                      
1     00009a30  _CpuTimer2                      
1     00009a38  _CpuTimer0                      
1     00009a40  ___TI_ft_end                    
1     00009a80  __ftable                        
1     00009b00  ___TI_tmpnams                   
1     00009ba0  _parmbuf                        
1     00009bb0  ___TI_enable_exit_profile_output
1     00009bb2  ___TI_cleanup_ptr               
1     00009bb4  ___TI_dtors_ptr                 
1     00009bb6  __lock                          
1     00009bb8  __unlock                        
1     00009bba  _errno                          
1     00009bc0  __stream                        
1     00009c00  __device                        
1     00009f68  __ctypes_                       
1     0000a820  __stack                         
1     0000c1a0  __STACK_END                     
1     0000eb40  __sys_memory                    
1     003d7e80  _PartIdRegs                     
1     003f7ff8  _CsmPwl                         
abs   00000400  __SYSMEM_SIZE                   
abs   00001980  __STACK_SIZE                    
abs   ffffffff  ___TI_pprof_out_hndl            
abs   ffffffff  ___TI_prof_data_size            
abs   ffffffff  ___TI_prof_data_start           
abs   ffffffff  ___binit__                      
abs   ffffffff  ___c_args__                     
abs   ffffffff  ___pinit__                      
abs   ffffffff  binit                           
abs   ffffffff  pinit                           

[306 symbols]
