******************************************************************************
             TMS320C2000 Linker PC v16.9.6                     
******************************************************************************
>> Linked Wed Jan 24 17:23:13 2018

OUTPUT FILE NAME:   <PM_Sensorless_DRV8301_F2806x.out>
ENTRY POINT SYMBOL: "_c_int00"  address: 0000b4e3


MEMORY CONFIGURATION

         name            origin    length      used     unused   attr    fill
----------------------  --------  ---------  --------  --------  ----  --------
PAGE 0:
  BEGIN                 00000000   00000002  00000000  00000002  RWIX
  BOOT_RSVD             00000002   0000004e  00000000  0000004e  RWIX
  RAMM0                 00000050   000003b0  00000290  00000120  RWIX
  progRAM               00008000   00001800  00000004  000017fc  RWIX
  FPUTABLES             003fd860   000006a0  000006a0  00000000  RWIX
  IQTABLES              003fdf00   00000b50  00000000  00000b50  RWIX
  IQTABLES2             003fea50   0000008c  00000000  0000008c  RWIX
  IQTABLES3             003feadc   000000aa  00000000  000000aa  RWIX
  BOOTROM               003ff3b0   00000c10  00000000  00000c10  RWIX
  RESET                 003fffc0   00000002  00000000  00000002  RWIX

PAGE 1:
  RAMM2                 00000480   00000120  00000120  00000000  RWIX
  DEV_EMU               00000880   00000105  00000004  00000101  RWIX
  SYS_PWR_CTL           00000985   00000003  00000003  00000000  RWIX
  FLASH_REGS            00000a80   00000060  00000008  00000058  RWIX
  CSM                   00000ae0   00000020  00000010  00000010  RWIX
  ADC_RESULT            00000b00   00000020  00000010  00000010  RWIX
  CPU_TIMER0            00000c00   00000008  00000008  00000000  RWIX
  CPU_TIMER1            00000c08   00000008  00000008  00000000  RWIX
  CPU_TIMER2            00000c10   00000008  00000008  00000000  RWIX
  PIE_CTRL              00000ce0   00000020  0000001a  00000006  RWIX
  PIE_VECT              00000d00   00000100  00000100  00000000  RWIX
  DMA                   00001000   00000200  000000e0  00000120  RWIX
  CLA1                  00001400   00000080  00000040  00000040  RWIX
  USB0                  00004000   00001000  00000454  00000bac  RWIX
  McBSPA                00005000   00000040  00000024  0000001c  RWIX
  ECANA                 00006000   00000040  00000034  0000000c  RWIX
  ECANA_LAM             00006040   00000040  00000040  00000000  RWIX
  ECANA_MOTS            00006080   00000040  00000040  00000000  RWIX
  ECANA_MOTO            000060c0   00000040  00000040  00000000  RWIX
  ECANA_MBOX            00006100   00000100  00000100  00000000  RWIX
  COMP1                 00006400   00000020  00000007  00000019  RWIX
  COMP2                 00006420   00000020  00000007  00000019  RWIX
  COMP3                 00006440   00000020  00000007  00000019  RWIX
  EPWM1                 00006800   00000040  00000040  00000000  RWIX
  EPWM2                 00006840   00000040  00000040  00000000  RWIX
  EPWM3                 00006880   00000040  00000040  00000000  RWIX
  EPWM4                 000068c0   00000040  00000040  00000000  RWIX
  EPWM5                 00006900   00000040  00000040  00000000  RWIX
  EPWM6                 00006940   00000040  00000040  00000000  RWIX
  EPWM7                 00006980   00000040  00000040  00000000  RWIX
  EPWM8                 000069c0   00000040  00000040  00000000  RWIX
  ECAP1                 00006a00   00000020  00000020  00000000  RWIX
  ECAP2                 00006a20   00000020  00000020  00000000  RWIX
  ECAP3                 00006a40   00000020  00000020  00000000  RWIX
  HRCAP1                00006ac0   00000020  0000001f  00000001  RWIX
  HRCAP2                00006ae0   00000020  0000001f  00000001  RWIX
  EQEP1                 00006b00   00000040  00000022  0000001e  RWIX
  EQEP2                 00006b40   00000040  00000022  0000001e  RWIX
  HRCAP3                00006c80   00000020  0000001f  00000001  RWIX
  HRCAP4                00006ca0   00000020  0000001f  00000001  RWIX
  GPIOCTRL              00006f80   00000040  00000040  00000000  RWIX
  GPIODAT               00006fc0   00000020  00000020  00000000  RWIX
  GPIOINT               00006fe0   00000020  00000020  00000000  RWIX
  SYSTEM                00007010   00000030  00000030  00000000  RWIX
  SPIA                  00007040   00000010  00000010  00000000  RWIX
  SCIA                  00007050   00000010  00000010  00000000  RWIX
  NMIINTRUPT            00007060   00000010  00000010  00000000  RWIX
  XINTRUPT              00007070   00000010  00000010  00000000  RWIX
  ADC                   00007100   00000080  00000050  00000030  RWIX
  SPIB                  00007740   00000010  00000010  00000000  RWIX
  SCIB                  00007750   00000010  00000010  00000000  RWIX
  I2CA                  00007900   00000040  00000022  0000001e  RWIX
  dataRAM               00009800   00000800  000007b6  0000004a  RWIX
  textRAM               0000a000   000019dd  000019dd  00000000  RWIX
  RAMM1                 0000b9de   00000780  00000780  00000000  RWIX
  PARTID                003d7e80   00000001  00000001  00000000  RWIX
  CSM_PWL               003f7ff8   00000008  00000008  00000000  RWIX


SECTION ALLOCATION MAP

 output                                  attributes/
section   page    origin      length       input sections
--------  ----  ----------  ----------   ----------------
.cinit     0    00000050    00000290     
                  00000050    00000213     PM_Sensorless.obj (.cinit)
                  00000263    0000002a     rts2800_fpu32.lib : defs.obj (.cinit)
                  0000028d    00000029                       : write.obj (.cinit)
                  000002b6    0000000e                       : exit.obj (.cinit)
                  000002c4    00000005                       : _lock.obj (.cinit:__lock)
                  000002c9    00000005                       : _lock.obj (.cinit:__unlock)
                  000002ce    00000004                       : errno.obj (.cinit)
                  000002d2    00000004                       : fopen.obj (.cinit)
                  000002d6    00000004                       : memory.obj (.cinit)
                  000002da    00000004                       : open.obj (.cinit)
                  000002de    00000002     --HOLE-- [fill = 0]

ramfuncs   0    00008000    00000004     
                  00008000    00000004     F2806x_usDelay.obj (ramfuncs)

FPUmathTables 
*          0    003fd860    000006a0     NOLOAD SECTION
                  003fd860    000006a0     rts2800_fpu32_fast_supplement.lib : FPUmathTables.obj (FPUmathTables)

.cio       1    00000480    00000120     UNINITIALIZED
                  00000480    00000120     rts2800_fpu32.lib : trgmsg.obj (.cio)

DevEmuRegsFile 
*          1    00000880    00000004     UNINITIALIZED
                  00000880    00000004     F2806x_GlobalVariableDefs.obj (DevEmuRegsFile)

SysPwrCtrlRegsFile 
*          1    00000985    00000003     UNINITIALIZED
                  00000985    00000003     F2806x_GlobalVariableDefs.obj (SysPwrCtrlRegsFile)

FlashRegsFile 
*          1    00000a80    00000008     UNINITIALIZED
                  00000a80    00000008     F2806x_GlobalVariableDefs.obj (FlashRegsFile)

CsmRegsFile 
*          1    00000ae0    00000010     UNINITIALIZED
                  00000ae0    00000010     F2806x_GlobalVariableDefs.obj (CsmRegsFile)

AdcResultFile 
*          1    00000b00    00000010     UNINITIALIZED
                  00000b00    00000010     F2806x_GlobalVariableDefs.obj (AdcResultFile)

CpuTimer0RegsFile 
*          1    00000c00    00000008     UNINITIALIZED
                  00000c00    00000008     F2806x_GlobalVariableDefs.obj (CpuTimer0RegsFile)

CpuTimer1RegsFile 
*          1    00000c08    00000008     UNINITIALIZED
                  00000c08    00000008     F2806x_GlobalVariableDefs.obj (CpuTimer1RegsFile)

CpuTimer2RegsFile 
*          1    00000c10    00000008     UNINITIALIZED
                  00000c10    00000008     F2806x_GlobalVariableDefs.obj (CpuTimer2RegsFile)

PieCtrlRegsFile 
*          1    00000ce0    0000001a     UNINITIALIZED
                  00000ce0    0000001a     F2806x_GlobalVariableDefs.obj (PieCtrlRegsFile)

PieVectTableFile 
*          1    00000d00    00000100     UNINITIALIZED
                  00000d00    00000100     F2806x_GlobalVariableDefs.obj (PieVectTableFile)

EmuKeyVar 
*          1    00000d00    00000001     UNINITIALIZED
                  00000d00    00000001     F2806x_GlobalVariableDefs.obj (EmuKeyVar)

EmuBModeVar 
*          1    00000d01    00000001     UNINITIALIZED
                  00000d01    00000001     F2806x_GlobalVariableDefs.obj (EmuBModeVar)

FlashCallbackVar 
*          1    00000d02    00000002     UNINITIALIZED
                  00000d02    00000002     F2806x_GlobalVariableDefs.obj (FlashCallbackVar)

FlashScalingVar 
*          1    00000d04    00000002     UNINITIALIZED
                  00000d04    00000002     F2806x_GlobalVariableDefs.obj (FlashScalingVar)

DmaRegsFile 
*          1    00001000    000000e0     UNINITIALIZED
                  00001000    000000e0     F2806x_GlobalVariableDefs.obj (DmaRegsFile)

Cla1RegsFile 
*          1    00001400    00000040     UNINITIALIZED
                  00001400    00000040     F2806x_GlobalVariableDefs.obj (Cla1RegsFile)

Usb0RegsFile 
*          1    00004000    00000454     UNINITIALIZED
                  00004000    00000454     F2806x_GlobalVariableDefs.obj (Usb0RegsFile)

McbspaRegsFile 
*          1    00005000    00000024     UNINITIALIZED
                  00005000    00000024     F2806x_GlobalVariableDefs.obj (McbspaRegsFile)

ECanaRegsFile 
*          1    00006000    00000034     UNINITIALIZED
                  00006000    00000034     F2806x_GlobalVariableDefs.obj (ECanaRegsFile)

ECanaLAMRegsFile 
*          1    00006040    00000040     UNINITIALIZED
                  00006040    00000040     F2806x_GlobalVariableDefs.obj (ECanaLAMRegsFile)

ECanaMOTSRegsFile 
*          1    00006080    00000040     UNINITIALIZED
                  00006080    00000040     F2806x_GlobalVariableDefs.obj (ECanaMOTSRegsFile)

ECanaMOTORegsFile 
*          1    000060c0    00000040     UNINITIALIZED
                  000060c0    00000040     F2806x_GlobalVariableDefs.obj (ECanaMOTORegsFile)

ECanaMboxesFile 
*          1    00006100    00000100     UNINITIALIZED
                  00006100    00000100     F2806x_GlobalVariableDefs.obj (ECanaMboxesFile)

Comp1RegsFile 
*          1    00006400    00000007     UNINITIALIZED
                  00006400    00000007     F2806x_GlobalVariableDefs.obj (Comp1RegsFile)

Comp2RegsFile 
*          1    00006420    00000007     UNINITIALIZED
                  00006420    00000007     F2806x_GlobalVariableDefs.obj (Comp2RegsFile)

Comp3RegsFile 
*          1    00006440    00000007     UNINITIALIZED
                  00006440    00000007     F2806x_GlobalVariableDefs.obj (Comp3RegsFile)

EPwm1RegsFile 
*          1    00006800    00000040     UNINITIALIZED
                  00006800    00000040     F2806x_GlobalVariableDefs.obj (EPwm1RegsFile)

EPwm2RegsFile 
*          1    00006840    00000040     UNINITIALIZED
                  00006840    00000040     F2806x_GlobalVariableDefs.obj (EPwm2RegsFile)

EPwm3RegsFile 
*          1    00006880    00000040     UNINITIALIZED
                  00006880    00000040     F2806x_GlobalVariableDefs.obj (EPwm3RegsFile)

EPwm4RegsFile 
*          1    000068c0    00000040     UNINITIALIZED
                  000068c0    00000040     F2806x_GlobalVariableDefs.obj (EPwm4RegsFile)

EPwm5RegsFile 
*          1    00006900    00000040     UNINITIALIZED
                  00006900    00000040     F2806x_GlobalVariableDefs.obj (EPwm5RegsFile)

EPwm6RegsFile 
*          1    00006940    00000040     UNINITIALIZED
                  00006940    00000040     F2806x_GlobalVariableDefs.obj (EPwm6RegsFile)

EPwm7RegsFile 
*          1    00006980    00000040     UNINITIALIZED
                  00006980    00000040     F2806x_GlobalVariableDefs.obj (EPwm7RegsFile)

EPwm8RegsFile 
*          1    000069c0    00000040     UNINITIALIZED
                  000069c0    00000040     F2806x_GlobalVariableDefs.obj (EPwm8RegsFile)

ECap1RegsFile 
*          1    00006a00    00000020     UNINITIALIZED
                  00006a00    00000020     F2806x_GlobalVariableDefs.obj (ECap1RegsFile)

ECap2RegsFile 
*          1    00006a20    00000020     UNINITIALIZED
                  00006a20    00000020     F2806x_GlobalVariableDefs.obj (ECap2RegsFile)

ECap3RegsFile 
*          1    00006a40    00000020     UNINITIALIZED
                  00006a40    00000020     F2806x_GlobalVariableDefs.obj (ECap3RegsFile)

HRCap1RegsFile 
*          1    00006ac0    0000001f     UNINITIALIZED
                  00006ac0    0000001f     F2806x_GlobalVariableDefs.obj (HRCap1RegsFile)

HRCap2RegsFile 
*          1    00006ae0    0000001f     UNINITIALIZED
                  00006ae0    0000001f     F2806x_GlobalVariableDefs.obj (HRCap2RegsFile)

EQep1RegsFile 
*          1    00006b00    00000022     UNINITIALIZED
                  00006b00    00000022     F2806x_GlobalVariableDefs.obj (EQep1RegsFile)

EQep2RegsFile 
*          1    00006b40    00000022     UNINITIALIZED
                  00006b40    00000022     F2806x_GlobalVariableDefs.obj (EQep2RegsFile)

HRCap3RegsFile 
*          1    00006c80    0000001f     UNINITIALIZED
                  00006c80    0000001f     F2806x_GlobalVariableDefs.obj (HRCap3RegsFile)

HRCap4RegsFile 
*          1    00006ca0    0000001f     UNINITIALIZED
                  00006ca0    0000001f     F2806x_GlobalVariableDefs.obj (HRCap4RegsFile)

GpioCtrlRegsFile 
*          1    00006f80    00000040     UNINITIALIZED
                  00006f80    00000040     F2806x_GlobalVariableDefs.obj (GpioCtrlRegsFile)

GpioDataRegsFile 
*          1    00006fc0    00000020     UNINITIALIZED
                  00006fc0    00000020     F2806x_GlobalVariableDefs.obj (GpioDataRegsFile)

GpioIntRegsFile 
*          1    00006fe0    00000020     UNINITIALIZED
                  00006fe0    00000020     F2806x_GlobalVariableDefs.obj (GpioIntRegsFile)

SysCtrlRegsFile 
*          1    00007010    00000030     UNINITIALIZED
                  00007010    00000030     F2806x_GlobalVariableDefs.obj (SysCtrlRegsFile)

SpiaRegsFile 
*          1    00007040    00000010     UNINITIALIZED
                  00007040    00000010     F2806x_GlobalVariableDefs.obj (SpiaRegsFile)

SciaRegsFile 
*          1    00007050    00000010     UNINITIALIZED
                  00007050    00000010     F2806x_GlobalVariableDefs.obj (SciaRegsFile)

NmiIntruptRegsFile 
*          1    00007060    00000010     UNINITIALIZED
                  00007060    00000010     F2806x_GlobalVariableDefs.obj (NmiIntruptRegsFile)

XIntruptRegsFile 
*          1    00007070    00000010     UNINITIALIZED
                  00007070    00000010     F2806x_GlobalVariableDefs.obj (XIntruptRegsFile)

AdcRegsFile 
*          1    00007100    00000050     UNINITIALIZED
                  00007100    00000050     F2806x_GlobalVariableDefs.obj (AdcRegsFile)

SpibRegsFile 
*          1    00007740    00000010     UNINITIALIZED
                  00007740    00000010     F2806x_GlobalVariableDefs.obj (SpibRegsFile)

ScibRegsFile 
*          1    00007750    00000010     UNINITIALIZED
                  00007750    00000010     F2806x_GlobalVariableDefs.obj (ScibRegsFile)

I2caRegsFile 
*          1    00007900    00000022     UNINITIALIZED
                  00007900    00000022     F2806x_GlobalVariableDefs.obj (I2caRegsFile)

.ebss      1    00009800    00000448     UNINITIALIZED
                  00009800    00000228     PM_Sensorless.obj (.ebss)
                  00009a28    00000008     rts2800_fpu32.lib : hostopen.obj (.ebss)
                  00009a30    00000008                       : memory.obj (.ebss)
                  00009a38    00000006                       : exit.obj (.ebss)
                  00009a3e    00000002                       : _lock.obj (.ebss:__lock)
                  00009a40    00000160                       : defs.obj (.ebss)
                  00009ba0    00000002                       : _lock.obj (.ebss:__unlock)
                  00009ba2    00000001                       : errno.obj (.ebss)
                  00009ba3    00000001                       : fopen.obj (.ebss)
                  00009ba4    00000001                       : open.obj (.ebss)
                  00009ba5    0000001b     --HOLE--
                  00009bc0    00000088                       : write.obj (.ebss)

DLOG       1    00009c48    00000320     UNINITIALIZED
                  00009c48    00000320     DLOG4CHC.obj (DLOG)

.econst    1    00009f68    0000004e     
                  00009f68    0000001c     PM_Sensorless.obj (.econst:.string)
                  00009f84    00000014     rts2800_fpu32.lib : _printfi_min.obj (.econst:.string)
                  00009f98    00000010                       : e_expf.obj (.econst)
                  00009fa8    00000004                       : e_expf.obj (.econst:_halF)
                  00009fac    00000004                       : e_expf.obj (.econst:_ln2HI)
                  00009fb0    00000004                       : e_expf.obj (.econst:_ln2LO)
                  00009fb4    00000002                       : fputs.obj (.econst:.string)

.text      1    0000a000    000019dd     
                  0000a000    00000572     PM_Sensorless.obj (.text)
                  0000a572    000003cf     PM_Sensorless.obj (.text:retain)
                  0000a941    000001f6     PM_Sensorless-DevInit_F2806x.obj (.text)
                  0000ab37    000001d2     rts2800_fpu32.lib : memory.obj (.text)
                  0000ad09    00000188                       : _printfi_min.obj (.text)
                  0000ae91    00000110                       : e_expf.obj (.text)
                  0000afa1    000000f9                       : fopen.obj (.text)
                  0000b09a    000000b0                       : fputs.obj (.text)
                  0000b14a    00000094                       : trgmsg.obj (.text)
                  0000b1de    00000089                       : setvbuf.obj (.text)
                  0000b267    00000073                       : fflush.obj (.text)
                  0000b2da    00000071     DRV8301_SPI.obj (.text)
                  0000b34b    00000071     rts2800_fpu32.lib : open.obj (.text)
                  0000b3bc    00000067                       : _io_perm.obj (.text)
                  0000b423    00000061                       : hostlseek.obj (.text)
                  0000b484    0000005f                       : fclose.obj (.text)
                  0000b4e3    00000056                       : boot28.obj (.text)
                  0000b539    00000053                       : fputc.obj (.text)
                  0000b58c    0000004e                       : getdevice.obj (.text)
                  0000b5da    0000004b     DLOG4CHC.obj (.text)
                  0000b625    00000040     rts2800_fpu32.lib : hostopen.obj (.text)
                  0000b665    0000003f                       : hostread.obj (.text)
                  0000b6a4    0000003e                       : hostrename.obj (.text)
                  0000b6e2    0000003d                       : fseek.obj (.text)
                  0000b71f    00000038                       : hostwrite.obj (.text)
                  0000b757    00000034                       : printf.obj (.text)
                  0000b78b    00000034     rts2800_fpu32_fast_supplement.lib : cos_f32.obj (.text)
                  0000b7bf    00000034                                       : sin_f32.obj (.text)
                  0000b7f3    00000033     rts2800_fpu32.lib : close.obj (.text)
                  0000b826    00000029                       : exit.obj (.text)
                  0000b84f    00000029                       : hostclose.obj (.text)
                  0000b878    00000024                       : cpy_tbl.obj (.text)
                  0000b89c    00000024                       : hostunlink.obj (.text)
                  0000b8c0    0000001e                       : memcpy.obj (.text)
                  0000b8de    0000001e                       : strncpy.obj (.text)
                  0000b8fc    00000019                       : args_main.obj (.text)
                  0000b915    00000019                       : unlink.obj (.text)
                  0000b92e    00000019                       : write.obj (.text)
                  0000b947    00000019     rts2800_fpu32_fast_supplement.lib : div_f32.obj (.text)
                  0000b960    00000018     rts2800_fpu32.lib : lseek.obj (.text)
                  0000b978    00000010                       : memchr.obj (.text)
                  0000b988    0000000d                       : memccpy.obj (.text)
                  0000b995    0000000c                       : memset.obj (.text)
                  0000b9a1    0000000c                       : strchr.obj (.text)
                  0000b9ad    0000000a     PM_Sensorless-DevInit_F2806x.obj (.text:retain)
                  0000b9b7    0000000a     rts2800_fpu32.lib : strcmp.obj (.text)
                  0000b9c1    00000009                       : _lock.obj (.text)
                  0000b9ca    00000008                       : strlen.obj (.text)
                  0000b9d2    00000005                       : strcpy.obj (.text)
                  0000b9d7    00000003                       : remove.obj (.text)
                  0000b9da    00000002                       : pre_init.obj (.text)
                  0000b9dc    00000001                       : startup.obj (.text)

.esysmem   1    0000b9de    00000400     UNINITIALIZED
                  0000b9de    00000001     rts2800_fpu32.lib : memory.obj (.esysmem)
                  0000b9df    000003ff     --HOLE--

.stack     1    0000bdde    00000380     UNINITIALIZED
                  0000bdde    00000380     --HOLE--

PartIdRegsFile 
*          1    003d7e80    00000001     UNINITIALIZED
                  003d7e80    00000001     F2806x_GlobalVariableDefs.obj (PartIdRegsFile)

CsmPwlFile 
*          1    003f7ff8    00000008     UNINITIALIZED
                  003f7ff8    00000008     F2806x_GlobalVariableDefs.obj (CsmPwlFile)

.pinit     0    00000050    00000000     UNINITIALIZED

.reset     0    003fffc0    00000002     DSECT
                  003fffc0    00000002     rts2800_fpu32.lib : boot28.obj (.reset)

MODULE SUMMARY

       Module                             code   initialized data   uninitialized data
       ------                             ----   ----------------   ------------------
    .\
       F2806x_GlobalVariableDefs.obj      0      0                  3507              
       PM_Sensorless.obj                  2369   559                552               
       DLOG4CHC.obj                       75     0                  800               
       PM_Sensorless-DevInit_F2806x.obj   512    0                  0                 
       DRV8301_SPI.obj                    113    0                  0                 
       F2806x_usDelay.obj                 4      0                  0                 
    +--+----------------------------------+------+------------------+--------------------+
       Total:                             3073   559                4859              
                                                                                      
    ../rts2800_fpu32_fast_supplement.lib
       FPUmathTables.obj                  0      1696               0                 
       cos_f32.obj                        52     0                  0                 
       sin_f32.obj                        52     0                  0                 
       div_f32.obj                        25     0                  0                 
    +--+----------------------------------+------+------------------+--------------------+
       Total:                             129    1696               0                 
                                                                                      
    C:/Program Files (x86)/Texas Instruments/ccsv7/tools/compiler/ti-cgt-c2000_16.9.6.LTS/lib/rts2800_fpu32.lib
       memory.obj                         466    4                  8                 
       trgmsg.obj                         148    0                  288               
       _printfi_min.obj                   392    20                 0                 
       defs.obj                           0      42                 352               
       e_expf.obj                         272    28                 0                 
       fopen.obj                          249    4                  1                 
       write.obj                          25     41                 136               
       fputs.obj                          176    2                  0                 
       setvbuf.obj                        137    0                  0                 
       open.obj                           113    4                  1                 
       fflush.obj                         115    0                  0                 
       _io_perm.obj                       103    0                  0                 
       hostlseek.obj                      97     0                  0                 
       fclose.obj                         95     0                  0                 
       boot28.obj                         86     0                  0                 
       fputc.obj                          83     0                  0                 
       getdevice.obj                      78     0                  0                 
       hostopen.obj                       64     0                  8                 
       hostread.obj                       63     0                  0                 
       hostrename.obj                     62     0                  0                 
       exit.obj                           41     14                 6                 
       fseek.obj                          61     0                  0                 
       hostwrite.obj                      56     0                  0                 
       printf.obj                         52     0                  0                 
       close.obj                          51     0                  0                 
       hostclose.obj                      41     0                  0                 
       cpy_tbl.obj                        36     0                  0                 
       hostunlink.obj                     36     0                  0                 
       memcpy.obj                         30     0                  0                 
       strncpy.obj                        30     0                  0                 
       args_main.obj                      25     0                  0                 
       unlink.obj                         25     0                  0                 
       lseek.obj                          24     0                  0                 
       _lock.obj                          9      10                 4                 
       memchr.obj                         16     0                  0                 
       memccpy.obj                        13     0                  0                 
       memset.obj                         12     0                  0                 
       strchr.obj                         12     0                  0                 
       strcmp.obj                         10     0                  0                 
       strlen.obj                         8      0                  0                 
       errno.obj                          0      4                  1                 
       strcpy.obj                         5      0                  0                 
       remove.obj                         3      0                  0                 
       pre_init.obj                       2      0                  0                 
       startup.obj                        1      0                  0                 
    +--+----------------------------------+------+------------------+--------------------+
       Total:                             3423   173                805               
                                                                                      
       Heap:                              0      0                  1024              
       Stack:                             0      0                  896               
    +--+----------------------------------+------+------------------+--------------------+
       Grand Total:                       6625   2428               7584              


GLOBAL DATA SYMBOLS: SORTED BY DATA PAGE

address     data page           name
--------    ----------------    ----
00000480      12 (00000480)     __CIOBUF_

00000880      22 (00000880)     _DevEmuRegs

00000985      26 (00000980)     _SysPwrCtrlRegs

00000a80      2a (00000a80)     _FlashRegs

00000ae0      2b (00000ac0)     _CsmRegs

00000b00      2c (00000b00)     _AdcResult

00000c00      30 (00000c00)     _CpuTimer0Regs
00000c08      30 (00000c00)     _CpuTimer1Regs
00000c10      30 (00000c00)     _CpuTimer2Regs

00000ce0      33 (00000cc0)     _PieCtrlRegs

00000d00      34 (00000d00)     _EmuKey
00000d00      34 (00000d00)     _PieVectTable
00000d01      34 (00000d00)     _EmuBMode
00000d02      34 (00000d00)     _Flash_CallbackPtr
00000d04      34 (00000d00)     _Flash_CPUScaleFactor

00001000      40 (00001000)     _DmaRegs

00001400      50 (00001400)     _Cla1Regs

00004000     100 (00004000)     _Usb0Regs

00005000     140 (00005000)     _McbspaRegs

00006000     180 (00006000)     _ECanaRegs

00006040     181 (00006040)     _ECanaLAMRegs

00006080     182 (00006080)     _ECanaMOTSRegs

000060c0     183 (000060c0)     _ECanaMOTORegs

00006100     184 (00006100)     _ECanaMboxes

00006400     190 (00006400)     _Comp1Regs
00006420     190 (00006400)     _Comp2Regs

00006440     191 (00006440)     _Comp3Regs

00006800     1a0 (00006800)     _EPwm1Regs

00006840     1a1 (00006840)     _EPwm2Regs

00006880     1a2 (00006880)     _EPwm3Regs

000068c0     1a3 (000068c0)     _EPwm4Regs

00006900     1a4 (00006900)     _EPwm5Regs

00006940     1a5 (00006940)     _EPwm6Regs

00006980     1a6 (00006980)     _EPwm7Regs

000069c0     1a7 (000069c0)     _EPwm8Regs

00006a00     1a8 (00006a00)     _ECap1Regs
00006a20     1a8 (00006a00)     _ECap2Regs

00006a40     1a9 (00006a40)     _ECap3Regs

00006ac0     1ab (00006ac0)     _HRCap1Regs
00006ae0     1ab (00006ac0)     _HRCap2Regs

00006b00     1ac (00006b00)     _EQep1Regs

00006b40     1ad (00006b40)     _EQep2Regs

00006c80     1b2 (00006c80)     _HRCap3Regs
00006ca0     1b2 (00006c80)     _HRCap4Regs

00006f80     1be (00006f80)     _GpioCtrlRegs

00006fc0     1bf (00006fc0)     _GpioDataRegs
00006fe0     1bf (00006fc0)     _GpioIntRegs

00007010     1c0 (00007000)     _SysCtrlRegs

00007040     1c1 (00007040)     _SpiaRegs
00007050     1c1 (00007040)     _SciaRegs
00007060     1c1 (00007040)     _NmiIntruptRegs
00007070     1c1 (00007040)     _XIntruptRegs

00007100     1c4 (00007100)     _AdcRegs

00007740     1dd (00007740)     _SpibRegs
00007750     1dd (00007740)     _ScibRegs

00007900     1e4 (00007900)     _I2caRegs

00009800     260 (00009800)     _lsw
00009801     260 (00009800)     _PwmDacCh1
00009802     260 (00009800)     _SerialCommsTimer
00009803     260 (00009800)     _PwmDacCh3
00009804     260 (00009800)     _PwmDacCh4
00009805     260 (00009800)     _BackTicker
00009806     260 (00009800)     _PwmDacCh2
00009807     260 (00009800)     _MPeriod
00009808     260 (00009800)     _DRV8301_cntrl_reg2
00009809     260 (00009800)     _Sector
0000980a     260 (00009800)     _DRV8301_stat_reg1
0000980b     260 (00009800)     _DRV8301_stat_reg2
0000980c     260 (00009800)     _read_drv_status
0000980d     260 (00009800)     _DRV8301_cntrl_reg1
0000980e     260 (00009800)     _LockRotorFlag
0000980f     260 (00009800)     _SpeedLoopPrescaler
00009810     260 (00009800)     _RunMotor
00009811     260 (00009800)     _DlogCh3
00009812     260 (00009800)     _DlogCh4
00009813     260 (00009800)     _DlogCh2
00009814     260 (00009800)     _EnableFlag
00009815     260 (00009800)     _SpeedLoopCount
00009816     260 (00009800)     _DlogCh1
00009817     260 (00009800)     _DRV_RESET
00009818     260 (00009800)     _A_Task_Ptr
0000981a     260 (00009800)     _B_Task_Ptr
0000981c     260 (00009800)     _Alpha_State_Ptr
0000981e     260 (00009800)     _C_Task_Ptr
00009820     260 (00009800)     _cal_offset_B
00009822     260 (00009800)     _cal_offset_A
00009824     260 (00009800)     _T
00009826     260 (00009800)     _cal_filt_gain
00009828     260 (00009800)     _IsrTicker
0000982a     260 (00009800)     _VqTesting
0000982c     260 (00009800)     _VdTesting
0000982e     260 (00009800)     _IqRef
00009830     260 (00009800)     _IdRef
00009832     260 (00009800)     _SpeedRef
00009834     260 (00009800)     _Va
00009836     260 (00009800)     _invE0
00009838     260 (00009800)     _Vb
0000983a     260 (00009800)     _t1
0000983c     260 (00009800)     _Vc
0000983e     260 (00009800)     _E0

00009840     261 (00009840)     _rc_tmp
00009842     261 (00009840)     _temp_sv2
00009844     261 (00009840)     _Temp1
00009846     261 (00009840)     _Tmp
00009848     261 (00009840)     _Tmp_fr
0000984a     261 (00009840)     _temp_sv1
0000984c     261 (00009840)     _TmpD
0000984e     261 (00009840)     _t2
00009850     261 (00009840)     _VTimer2
00009854     261 (00009840)     _VTimer0
00009858     261 (00009840)     _VTimer1
0000985c     261 (00009840)     _clarke1
00009864     261 (00009840)     _pwm1
0000986c     261 (00009840)     _pwmdac1
00009876     261 (00009840)     _svgen_dq1

00009880     262 (00009880)     _rg1
0000988c     262 (00009880)     _park1
0000989a     262 (00009880)     _ipark1
000098a8     262 (00009880)     _rc1

000098c0     263 (000098c0)     _smo1_const
000098ce     263 (000098c0)     _speed3
000098de     263 (000098c0)     _qep1

00009900     264 (00009900)     _speed1
00009912     264 (00009900)     _volt1
00009926     264 (00009900)     _dlog

00009940     265 (00009940)     _smo1

00009980     266 (00009980)     _pid1_iq

000099c0     267 (000099c0)     _pid1_id

00009a00     268 (00009a00)     _pid1_spd
00009a28     268 (00009a00)     _parmbuf
00009a38     268 (00009a00)     ___TI_enable_exit_profile_output
00009a3a     268 (00009a00)     ___TI_cleanup_ptr
00009a3c     268 (00009a00)     ___TI_dtors_ptr
00009a3e     268 (00009a00)     __lock

00009a40     269 (00009a40)     ___TI_ft_end

00009a80     26a (00009a80)     __ftable

00009b00     26c (00009b00)     ___TI_tmpnams

00009ba0     26e (00009b80)     __unlock
00009ba2     26e (00009b80)     _errno

00009bc0     26f (00009bc0)     __stream

00009c00     270 (00009c00)     __device

0000b9de     2e7 (0000b9c0)     __sys_memory

0000bdde     2f7 (0000bdc0)     __stack

003d7e80    f5fa (003d7e80)     _PartIdRegs

003f7ff8    fdff (003f7fc0)     _CsmPwl

003fd860    ff61 (003fd840)     _FPUsinTable

003fd960    ff65 (003fd940)     _FPUcosTable

003fdc60    ff71 (003fdc40)     _FPUsinTableEnd

003fdd62    ff75 (003fdd40)     _FPUatan2HalfPITable
003fdd62    ff75 (003fdd40)     _FPUcosTableEnd
003fdd66    ff75 (003fdd40)     _FPUatan2Table

003fdeec    ff7b (003fdec0)     _FPUatan2TableEnd


GLOBAL SYMBOLS: SORTED ALPHABETICALLY BY Name 

page  address   name                            
----  -------   ----                            
1     0000a000  .text                           
1     0000b826  C$$EXIT                         
1     0000b19d  C$$IO$$                         
1     0000b947  FS$$DIV                         
1     0000a422  _A0                             
1     0000a467  _A1                             
1     0000a53e  _A2                             
1     0000a544  _A3                             
1     00009818  _A_Task_Ptr                     
1     00007100  _AdcRegs                        
1     00000b00  _AdcResult                      
1     0000981c  _Alpha_State_Ptr                
1     0000a43b  _B0                             
1     0000a54a  _B1                             
1     0000a550  _B2                             
1     0000a556  _B3                             
1     0000981a  _B_Task_Ptr                     
1     00009805  _BackTicker                     
1     0000a451  _C0                             
1     0000a55c  _C1                             
1     0000a566  _C2                             
1     0000a56c  _C3                             
1     0000981e  _C_Task_Ptr                     
1     00001400  _Cla1Regs                       
1     00006400  _Comp1Regs                      
1     00006420  _Comp2Regs                      
1     00006440  _Comp3Regs                      
1     00000c00  _CpuTimer0Regs                  
1     00000c08  _CpuTimer1Regs                  
1     00000c10  _CpuTimer2Regs                  
1     003f7ff8  _CsmPwl                         
1     00000ae0  _CsmRegs                        
1     0000b5da  _DLOG_4CH_init                  
1     0000b5e5  _DLOG_4CH_update                
1     0000b2da  _DRV8301_SPI_Init               
1     0000b2fd  _DRV8301_SPI_Read               
1     0000b32c  _DRV8301_SPI_Write              
1     0000980d  _DRV8301_cntrl_reg1             
1     00009808  _DRV8301_cntrl_reg2             
1     0000980a  _DRV8301_stat_reg1              
1     0000980b  _DRV8301_stat_reg2              
1     00009817  _DRV_RESET                      
0     00008000  _DSP28x_usDelay                 
1     00000880  _DevEmuRegs                     
1     0000a941  _DeviceInit                     
1     00009816  _DlogCh1                        
1     00009813  _DlogCh2                        
1     00009811  _DlogCh3                        
1     00009812  _DlogCh4                        
1     00001000  _DmaRegs                        
1     0000983e  _E0                             
1     00006040  _ECanaLAMRegs                   
1     000060c0  _ECanaMOTORegs                  
1     00006080  _ECanaMOTSRegs                  
1     00006100  _ECanaMboxes                    
1     00006000  _ECanaRegs                      
1     00006a00  _ECap1Regs                      
1     00006a20  _ECap2Regs                      
1     00006a40  _ECap3Regs                      
1     00006800  _EPwm1Regs                      
1     00006840  _EPwm2Regs                      
1     00006880  _EPwm3Regs                      
1     000068c0  _EPwm4Regs                      
1     00006900  _EPwm5Regs                      
1     00006940  _EPwm6Regs                      
1     00006980  _EPwm7Regs                      
1     000069c0  _EPwm8Regs                      
1     00006b00  _EQep1Regs                      
1     00006b40  _EQep2Regs                      
1     00000d01  _EmuBMode                       
1     00000d00  _EmuKey                         
1     00009814  _EnableFlag                     
0     003fdd62  _FPUatan2HalfPITable            
0     003fdd66  _FPUatan2Table                  
0     003fdeec  _FPUatan2TableEnd               
0     003fd960  _FPUcosTable                    
0     003fdd62  _FPUcosTableEnd                 
0     003fd860  _FPUsinTable                    
0     003fdc60  _FPUsinTableEnd                 
1     00000a80  _FlashRegs                      
1     00000d04  _Flash_CPUScaleFactor           
1     00000d02  _Flash_CallbackPtr              
1     00006f80  _GpioCtrlRegs                   
1     00006fc0  _GpioDataRegs                   
1     00006fe0  _GpioIntRegs                    
1     0000b84f  _HOSTclose                      
1     0000b423  _HOSTlseek                      
1     0000b625  _HOSTopen                       
1     0000b665  _HOSTread                       
1     0000b6a4  _HOSTrename                     
1     0000b89c  _HOSTunlink                     
1     0000b71f  _HOSTwrite                      
1     00006ac0  _HRCap1Regs                     
1     00006ae0  _HRCap2Regs                     
1     00006c80  _HRCap3Regs                     
1     00006ca0  _HRCap4Regs                     
1     00007900  _I2caRegs                       
1     0000b9ad  _ISR_ILLEGAL                    
1     00009830  _IdRef                          
1     0000982e  _IqRef                          
1     00009828  _IsrTicker                      
1     0000980e  _LockRotorFlag                  
1     00009807  _MPeriod                        
1     0000a572  _MainISR                        
1     00005000  _McbspaRegs                     
1     0000ab24  _MemCopy                        
1     00007060  _NmiIntruptRegs                 
1     0000aaaf  _PLLset                         
1     003d7e80  _PartIdRegs                     
1     0000aae9  _PieCntlInit                    
1     00000ce0  _PieCtrlRegs                    
1     00000d00  _PieVectTable                   
1     0000ab08  _PieVectTableInit               
1     00009801  _PwmDacCh1                      
1     00009806  _PwmDacCh2                      
1     00009803  _PwmDacCh3                      
1     00009804  _PwmDacCh4                      
1     00009810  _RunMotor                       
1     00007050  _SciaRegs                       
1     00007750  _ScibRegs                       
1     00009809  _Sector                         
1     00009802  _SerialCommsTimer               
1     00009815  _SpeedLoopCount                 
1     0000980f  _SpeedLoopPrescaler             
1     00009832  _SpeedRef                       
1     00007040  _SpiaRegs                       
1     00007740  _SpibRegs                       
1     00007010  _SysCtrlRegs                    
1     00000985  _SysPwrCtrlRegs                 
1     00009824  _T                              
1     00009844  _Temp1                          
1     00009846  _Tmp                            
1     0000984c  _TmpD                           
1     00009848  _Tmp_fr                         
1     00004000  _Usb0Regs                       
1     00009854  _VTimer0                        
1     00009858  _VTimer1                        
1     00009850  _VTimer2                        
1     00009834  _Va                             
1     00009838  _Vb                             
1     0000983c  _Vc                             
1     0000982c  _VdTesting                      
1     0000982a  _VqTesting                      
1     0000aaa7  _WDogDisable                    
1     00007070  _XIntruptRegs                   
1     00000480  __CIOBUF_                       
1     0000c15e  __STACK_END                     
abs   00000380  __STACK_SIZE                    
abs   00000400  __SYSMEM_SIZE                   
1     0000b019  ___TI_cleanup                   
1     00009a3a  ___TI_cleanup_ptr               
1     0000b484  ___TI_closefile                 
1     0000b267  ___TI_doflush                   
1     00009a3c  ___TI_dtors_ptr                 
1     00009a38  ___TI_enable_exit_profile_output
1     00009a40  ___TI_ft_end                    
abs   ffffffff  ___TI_pprof_out_hndl            
1     0000ae16  ___TI_printfi_minimal           
abs   ffffffff  ___TI_prof_data_size            
abs   ffffffff  ___TI_prof_data_start           
1     0000b3f7  ___TI_rd_ok                     
1     0000b1a2  ___TI_readmsg                   
1     00009b00  ___TI_tmpnams                   
1     0000b14a  ___TI_writemsg                  
1     0000b3bc  ___TI_wrt_ok                    
abs   ffffffff  ___binit__                      
abs   ffffffff  ___c_args__                     
0     00000050  ___cinit__                      
1     0000b9dd  ___etext__                      
abs   ffffffff  ___pinit__                      
1     0000a000  ___text__                       
1     0000b8fc  __args_main                     
1     00009c00  __device                        
1     00009a80  __ftable                        
1     00009a3e  __lock                          
1     0000b9c9  __nop                           
1     0000b9c5  __register_lock                 
1     0000b9c1  __register_unlock               
1     0000bdde  __stack                         
1     00009bc0  __stream                        
1     0000b9de  __sys_memory                    
1     0000b9dc  __system_post_cinit             
1     0000b9da  __system_pre_init               
1     00009ba0  __unlock                        
1     0000b826  _abort                          
1     0000b4e3  _c_int00                        
1     00009826  _cal_filt_gain                  
1     00009822  _cal_offset_A                   
1     00009820  _cal_offset_B                   
1     0000acf2  _calloc                         
1     0000acf0  _chkheap                        
1     0000985c  _clarke1                        
1     0000b7f3  _close                          
1     0000b878  _copy_in                        
1     0000b78b  _cos                            
1     00009926  _dlog                           
1     00009ba2  _errno                          
1     0000b828  _exit                           
1     0000ae91  _exp                            
1     0000ae91  _expf                           
1     0000b4c8  _fclose                         
1     0000b296  _fflush                         
1     0000b58c  _finddevice                     
1     0000b054  _fopen                          
1     0000b539  _fputc                          
1     0000b09a  _fputs                          
1     0000ab37  _free                           
1     0000acd2  _free_memory                    
1     0000b036  _freopen                        
1     0000b6e2  _fseek                          
1     0000b5a8  _getdevice                      
1     00009836  _invE0                          
1     0000989a  _ipark1                         
1     0000b960  _lseek                          
1     00009800  _lsw                            
1     0000a000  _main                           
1     0000aba0  _malloc                         
1     0000acb0  _max_free                       
1     0000b988  _memccpy                        
1     0000b978  _memchr                         
1     0000b8c0  _memcpy                         
1     0000b995  _memset                         
1     0000ab7b  _minit                          
1     0000b34b  _open                           
1     0000988c  _park1                          
1     00009a28  _parmbuf                        
1     000099c0  _pid1_id                        
1     00009980  _pid1_iq                        
1     00009a00  _pid1_spd                       
1     0000b75d  _printf                         
1     0000b539  _putc                           
1     0000b587  _putchar                        
1     0000b137  _puts                           
1     00009864  _pwm1                           
1     0000986c  _pwmdac1                        
1     000098de  _qep1                           
1     000098a8  _rc1                            
1     00009840  _rc_tmp                         
1     0000980c  _read_drv_status                
1     0000abfe  _realloc                        
1     0000b9d7  _remove                         
1     00009880  _rg1                            
1     0000b1de  _setvbuf                        
1     0000b7bf  _sin                            
1     00009940  _smo1                           
1     000098c0  _smo1_const                     
1     00009900  _speed1                         
1     000098ce  _speed3                         
1     0000b9a1  _strchr                         
1     0000b9b7  _strcmp                         
1     0000b9d2  _strcpy                         
1     0000b9ca  _strlen                         
1     0000b8de  _strncpy                        
1     00009876  _svgen_dq1                      
1     0000983a  _t1                             
1     0000984e  _t2                             
1     0000984a  _temp_sv1                       
1     00009842  _temp_sv2                       
1     0000b915  _unlink                         
1     00009912  _volt1                          
1     0000b92e  _write                          
abs   ffffffff  binit                           
0     00000050  cinit                           
1     0000b9dd  etext                           
abs   ffffffff  pinit                           


GLOBAL SYMBOLS: SORTED BY Symbol Address 

page  address   name                            
----  -------   ----                            
0     00000050  ___cinit__                      
0     00000050  cinit                           
0     00008000  _DSP28x_usDelay                 
0     003fd860  _FPUsinTable                    
0     003fd960  _FPUcosTable                    
0     003fdc60  _FPUsinTableEnd                 
0     003fdd62  _FPUatan2HalfPITable            
0     003fdd62  _FPUcosTableEnd                 
0     003fdd66  _FPUatan2Table                  
0     003fdeec  _FPUatan2TableEnd               
1     00000480  __CIOBUF_                       
1     00000880  _DevEmuRegs                     
1     00000985  _SysPwrCtrlRegs                 
1     00000a80  _FlashRegs                      
1     00000ae0  _CsmRegs                        
1     00000b00  _AdcResult                      
1     00000c00  _CpuTimer0Regs                  
1     00000c08  _CpuTimer1Regs                  
1     00000c10  _CpuTimer2Regs                  
1     00000ce0  _PieCtrlRegs                    
1     00000d00  _EmuKey                         
1     00000d00  _PieVectTable                   
1     00000d01  _EmuBMode                       
1     00000d02  _Flash_CallbackPtr              
1     00000d04  _Flash_CPUScaleFactor           
1     00001000  _DmaRegs                        
1     00001400  _Cla1Regs                       
1     00004000  _Usb0Regs                       
1     00005000  _McbspaRegs                     
1     00006000  _ECanaRegs                      
1     00006040  _ECanaLAMRegs                   
1     00006080  _ECanaMOTSRegs                  
1     000060c0  _ECanaMOTORegs                  
1     00006100  _ECanaMboxes                    
1     00006400  _Comp1Regs                      
1     00006420  _Comp2Regs                      
1     00006440  _Comp3Regs                      
1     00006800  _EPwm1Regs                      
1     00006840  _EPwm2Regs                      
1     00006880  _EPwm3Regs                      
1     000068c0  _EPwm4Regs                      
1     00006900  _EPwm5Regs                      
1     00006940  _EPwm6Regs                      
1     00006980  _EPwm7Regs                      
1     000069c0  _EPwm8Regs                      
1     00006a00  _ECap1Regs                      
1     00006a20  _ECap2Regs                      
1     00006a40  _ECap3Regs                      
1     00006ac0  _HRCap1Regs                     
1     00006ae0  _HRCap2Regs                     
1     00006b00  _EQep1Regs                      
1     00006b40  _EQep2Regs                      
1     00006c80  _HRCap3Regs                     
1     00006ca0  _HRCap4Regs                     
1     00006f80  _GpioCtrlRegs                   
1     00006fc0  _GpioDataRegs                   
1     00006fe0  _GpioIntRegs                    
1     00007010  _SysCtrlRegs                    
1     00007040  _SpiaRegs                       
1     00007050  _SciaRegs                       
1     00007060  _NmiIntruptRegs                 
1     00007070  _XIntruptRegs                   
1     00007100  _AdcRegs                        
1     00007740  _SpibRegs                       
1     00007750  _ScibRegs                       
1     00007900  _I2caRegs                       
1     00009800  _lsw                            
1     00009801  _PwmDacCh1                      
1     00009802  _SerialCommsTimer               
1     00009803  _PwmDacCh3                      
1     00009804  _PwmDacCh4                      
1     00009805  _BackTicker                     
1     00009806  _PwmDacCh2                      
1     00009807  _MPeriod                        
1     00009808  _DRV8301_cntrl_reg2             
1     00009809  _Sector                         
1     0000980a  _DRV8301_stat_reg1              
1     0000980b  _DRV8301_stat_reg2              
1     0000980c  _read_drv_status                
1     0000980d  _DRV8301_cntrl_reg1             
1     0000980e  _LockRotorFlag                  
1     0000980f  _SpeedLoopPrescaler             
1     00009810  _RunMotor                       
1     00009811  _DlogCh3                        
1     00009812  _DlogCh4                        
1     00009813  _DlogCh2                        
1     00009814  _EnableFlag                     
1     00009815  _SpeedLoopCount                 
1     00009816  _DlogCh1                        
1     00009817  _DRV_RESET                      
1     00009818  _A_Task_Ptr                     
1     0000981a  _B_Task_Ptr                     
1     0000981c  _Alpha_State_Ptr                
1     0000981e  _C_Task_Ptr                     
1     00009820  _cal_offset_B                   
1     00009822  _cal_offset_A                   
1     00009824  _T                              
1     00009826  _cal_filt_gain                  
1     00009828  _IsrTicker                      
1     0000982a  _VqTesting                      
1     0000982c  _VdTesting                      
1     0000982e  _IqRef                          
1     00009830  _IdRef                          
1     00009832  _SpeedRef                       
1     00009834  _Va                             
1     00009836  _invE0                          
1     00009838  _Vb                             
1     0000983a  _t1                             
1     0000983c  _Vc                             
1     0000983e  _E0                             
1     00009840  _rc_tmp                         
1     00009842  _temp_sv2                       
1     00009844  _Temp1                          
1     00009846  _Tmp                            
1     00009848  _Tmp_fr                         
1     0000984a  _temp_sv1                       
1     0000984c  _TmpD                           
1     0000984e  _t2                             
1     00009850  _VTimer2                        
1     00009854  _VTimer0                        
1     00009858  _VTimer1                        
1     0000985c  _clarke1                        
1     00009864  _pwm1                           
1     0000986c  _pwmdac1                        
1     00009876  _svgen_dq1                      
1     00009880  _rg1                            
1     0000988c  _park1                          
1     0000989a  _ipark1                         
1     000098a8  _rc1                            
1     000098c0  _smo1_const                     
1     000098ce  _speed3                         
1     000098de  _qep1                           
1     00009900  _speed1                         
1     00009912  _volt1                          
1     00009926  _dlog                           
1     00009940  _smo1                           
1     00009980  _pid1_iq                        
1     000099c0  _pid1_id                        
1     00009a00  _pid1_spd                       
1     00009a28  _parmbuf                        
1     00009a38  ___TI_enable_exit_profile_output
1     00009a3a  ___TI_cleanup_ptr               
1     00009a3c  ___TI_dtors_ptr                 
1     00009a3e  __lock                          
1     00009a40  ___TI_ft_end                    
1     00009a80  __ftable                        
1     00009b00  ___TI_tmpnams                   
1     00009ba0  __unlock                        
1     00009ba2  _errno                          
1     00009bc0  __stream                        
1     00009c00  __device                        
1     0000a000  .text                           
1     0000a000  ___text__                       
1     0000a000  _main                           
1     0000a422  _A0                             
1     0000a43b  _B0                             
1     0000a451  _C0                             
1     0000a467  _A1                             
1     0000a53e  _A2                             
1     0000a544  _A3                             
1     0000a54a  _B1                             
1     0000a550  _B2                             
1     0000a556  _B3                             
1     0000a55c  _C1                             
1     0000a566  _C2                             
1     0000a56c  _C3                             
1     0000a572  _MainISR                        
1     0000a941  _DeviceInit                     
1     0000aaa7  _WDogDisable                    
1     0000aaaf  _PLLset                         
1     0000aae9  _PieCntlInit                    
1     0000ab08  _PieVectTableInit               
1     0000ab24  _MemCopy                        
1     0000ab37  _free                           
1     0000ab7b  _minit                          
1     0000aba0  _malloc                         
1     0000abfe  _realloc                        
1     0000acb0  _max_free                       
1     0000acd2  _free_memory                    
1     0000acf0  _chkheap                        
1     0000acf2  _calloc                         
1     0000ae16  ___TI_printfi_minimal           
1     0000ae91  _exp                            
1     0000ae91  _expf                           
1     0000b019  ___TI_cleanup                   
1     0000b036  _freopen                        
1     0000b054  _fopen                          
1     0000b09a  _fputs                          
1     0000b137  _puts                           
1     0000b14a  ___TI_writemsg                  
1     0000b19d  C$$IO$$                         
1     0000b1a2  ___TI_readmsg                   
1     0000b1de  _setvbuf                        
1     0000b267  ___TI_doflush                   
1     0000b296  _fflush                         
1     0000b2da  _DRV8301_SPI_Init               
1     0000b2fd  _DRV8301_SPI_Read               
1     0000b32c  _DRV8301_SPI_Write              
1     0000b34b  _open                           
1     0000b3bc  ___TI_wrt_ok                    
1     0000b3f7  ___TI_rd_ok                     
1     0000b423  _HOSTlseek                      
1     0000b484  ___TI_closefile                 
1     0000b4c8  _fclose                         
1     0000b4e3  _c_int00                        
1     0000b539  _fputc                          
1     0000b539  _putc                           
1     0000b587  _putchar                        
1     0000b58c  _finddevice                     
1     0000b5a8  _getdevice                      
1     0000b5da  _DLOG_4CH_init                  
1     0000b5e5  _DLOG_4CH_update                
1     0000b625  _HOSTopen                       
1     0000b665  _HOSTread                       
1     0000b6a4  _HOSTrename                     
1     0000b6e2  _fseek                          
1     0000b71f  _HOSTwrite                      
1     0000b75d  _printf                         
1     0000b78b  _cos                            
1     0000b7bf  _sin                            
1     0000b7f3  _close                          
1     0000b826  C$$EXIT                         
1     0000b826  _abort                          
1     0000b828  _exit                           
1     0000b84f  _HOSTclose                      
1     0000b878  _copy_in                        
1     0000b89c  _HOSTunlink                     
1     0000b8c0  _memcpy                         
1     0000b8de  _strncpy                        
1     0000b8fc  __args_main                     
1     0000b915  _unlink                         
1     0000b92e  _write                          
1     0000b947  FS$$DIV                         
1     0000b960  _lseek                          
1     0000b978  _memchr                         
1     0000b988  _memccpy                        
1     0000b995  _memset                         
1     0000b9a1  _strchr                         
1     0000b9ad  _ISR_ILLEGAL                    
1     0000b9b7  _strcmp                         
1     0000b9c1  __register_unlock               
1     0000b9c5  __register_lock                 
1     0000b9c9  __nop                           
1     0000b9ca  _strlen                         
1     0000b9d2  _strcpy                         
1     0000b9d7  _remove                         
1     0000b9da  __system_pre_init               
1     0000b9dc  __system_post_cinit             
1     0000b9dd  ___etext__                      
1     0000b9dd  etext                           
1     0000b9de  __sys_memory                    
1     0000bdde  __stack                         
1     0000c15e  __STACK_END                     
1     003d7e80  _PartIdRegs                     
1     003f7ff8  _CsmPwl                         
abs   00000380  __STACK_SIZE                    
abs   00000400  __SYSMEM_SIZE                   
abs   ffffffff  ___TI_pprof_out_hndl            
abs   ffffffff  ___TI_prof_data_size            
abs   ffffffff  ___TI_prof_data_start           
abs   ffffffff  ___binit__                      
abs   ffffffff  ___c_args__                     
abs   ffffffff  ___pinit__                      
abs   ffffffff  binit                           
abs   ffffffff  pinit                           

[265 symbols]
