<?xml version="1.0"?>
<link_info>
   <banner>TMS320C2000 Linker PC v16.9.6.LTS</banner>
   <copyright>Copyright (c) 1996-2017 Texas Instruments Incorporated</copyright>
   <link_time>0x5b50727f</link_time>
   <link_errors>0x0</link_errors>
   <output_file>PM_Sensorless_DRV8301_F2806x.out</output_file>
   <entry_point>
      <name>_c_int00</name>
      <address>0x11c69</address>
   </entry_point>
   <input_file_list>
      <input_file id="fl-5">
         <path>.\</path>
         <kind>object</kind>
         <file>DLOG4CHC.obj</file>
         <name>DLOG4CHC.obj</name>
      </input_file>
      <input_file id="fl-6">
         <path>.\</path>
         <kind>object</kind>
         <file>DRV8301_SPI.obj</file>
         <name>DRV8301_SPI.obj</name>
      </input_file>
      <input_file id="fl-7">
         <path>.\</path>
         <kind>object</kind>
         <file>F2806x_CodeStartBranch.obj</file>
         <name>F2806x_CodeStartBranch.obj</name>
      </input_file>
      <input_file id="fl-8">
         <path>.\</path>
         <kind>object</kind>
         <file>F2806x_GlobalVariableDefs.obj</file>
         <name>F2806x_GlobalVariableDefs.obj</name>
      </input_file>
      <input_file id="fl-9">
         <path>.\</path>
         <kind>object</kind>
         <file>F2806x_usDelay.obj</file>
         <name>F2806x_usDelay.obj</name>
      </input_file>
      <input_file id="fl-a">
         <path>.\</path>
         <kind>object</kind>
         <file>PM_Sensorless-DevInit_F2806x.obj</file>
         <name>PM_Sensorless-DevInit_F2806x.obj</name>
      </input_file>
      <input_file id="fl-b">
         <path>.\</path>
         <kind>object</kind>
         <file>PM_Sensorless.obj</file>
         <name>PM_Sensorless.obj</name>
      </input_file>
      <input_file id="fl-c">
         <path>.\</path>
         <kind>object</kind>
         <file>F2806x_CpuTimers.obj</file>
         <name>F2806x_CpuTimers.obj</name>
      </input_file>
      <input_file id="fl-10">
         <path>C:\Program Files (x86)\Texas Instruments\ccsv7\tools\compiler\ti-cgt-c2000_16.9.6.LTS\lib\</path>
         <kind>archive</kind>
         <file>rts2800_fpu32.lib</file>
         <name>boot28.obj</name>
      </input_file>
      <input_file id="fl-12">
         <kind>object</kind>
         <file>&lt;internal&gt;</file>
         <name>&lt;internal&gt;</name>
      </input_file>
      <input_file id="fl-13">
         <path>C:\Program Files (x86)\Texas Instruments\ccsv7\tools\compiler\ti-cgt-c2000_16.9.6.LTS\lib\</path>
         <kind>archive</kind>
         <file>rts2800_fpu32.lib</file>
         <name>cpy_tbl.obj</name>
      </input_file>
      <input_file id="fl-14">
         <path>C:\Program Files (x86)\Texas Instruments\ccsv7\tools\compiler\ti-cgt-c2000_16.9.6.LTS\lib\</path>
         <kind>archive</kind>
         <file>rts2800_fpu32.lib</file>
         <name>exit.obj</name>
      </input_file>
      <input_file id="fl-15">
         <path>C:\Program Files (x86)\Texas Instruments\ccsv7\tools\compiler\ti-cgt-c2000_16.9.6.LTS\lib\</path>
         <kind>archive</kind>
         <file>rts2800_fpu32.lib</file>
         <name>memcpy.obj</name>
      </input_file>
      <input_file id="fl-16">
         <path>C:\Program Files (x86)\Texas Instruments\ccsv7\tools\compiler\ti-cgt-c2000_16.9.6.LTS\lib\</path>
         <kind>archive</kind>
         <file>rts2800_fpu32.lib</file>
         <name>pre_init.obj</name>
      </input_file>
      <input_file id="fl-17">
         <path>C:\Program Files (x86)\Texas Instruments\ccsv7\tools\compiler\ti-cgt-c2000_16.9.6.LTS\lib\</path>
         <kind>archive</kind>
         <file>rts2800_fpu32.lib</file>
         <name>startup.obj</name>
      </input_file>
      <input_file id="fl-18">
         <path>C:\Program Files (x86)\Texas Instruments\ccsv7\tools\compiler\ti-cgt-c2000_16.9.6.LTS\lib\</path>
         <kind>archive</kind>
         <file>rts2800_fpu32.lib</file>
         <name>_lock.obj</name>
      </input_file>
      <input_file id="fl-19">
         <path>C:\Program Files (x86)\Texas Instruments\ccsv7\tools\compiler\ti-cgt-c2000_16.9.6.LTS\lib\</path>
         <kind>archive</kind>
         <file>rts2800_fpu32.lib</file>
         <name>args_main.obj</name>
      </input_file>
      <input_file id="fl-1a">
         <path>..\</path>
         <kind>archive</kind>
         <file>rts2800_fpu32_fast_supplement.lib</file>
         <name>sin_f32.obj</name>
      </input_file>
      <input_file id="fl-1b">
         <path>..\</path>
         <kind>archive</kind>
         <file>rts2800_fpu32_fast_supplement.lib</file>
         <name>div_f32.obj</name>
      </input_file>
      <input_file id="fl-1c">
         <path>..\</path>
         <kind>archive</kind>
         <file>rts2800_fpu32_fast_supplement.lib</file>
         <name>cos_f32.obj</name>
      </input_file>
      <input_file id="fl-1d">
         <path>..\</path>
         <kind>archive</kind>
         <file>rts2800_fpu32_fast_supplement.lib</file>
         <name>FPUmathTables.obj</name>
      </input_file>
      <input_file id="fl-1e">
         <path>C:\Program Files (x86)\Texas Instruments\ccsv7\tools\compiler\ti-cgt-c2000_16.9.6.LTS\lib\</path>
         <kind>archive</kind>
         <file>rts2800_fpu32.lib</file>
         <name>e_expf.obj</name>
      </input_file>
      <input_file id="fl-1f">
         <path>C:\Program Files (x86)\Texas Instruments\ccsv7\tools\compiler\ti-cgt-c2000_16.9.6.LTS\lib\</path>
         <kind>archive</kind>
         <file>rts2800_fpu32.lib</file>
         <name>errno.obj</name>
      </input_file>
      <input_file id="fl-20">
         <path>C:\Program Files (x86)\Texas Instruments\ccsv7\tools\compiler\ti-cgt-c2000_16.9.6.LTS\lib\</path>
         <kind>archive</kind>
         <file>rts2800_fpu32.lib</file>
         <name>printf.obj</name>
      </input_file>
      <input_file id="fl-21">
         <path>C:\Program Files (x86)\Texas Instruments\ccsv7\tools\compiler\ti-cgt-c2000_16.9.6.LTS\lib\</path>
         <kind>archive</kind>
         <file>rts2800_fpu32.lib</file>
         <name>s_floorf.obj</name>
      </input_file>
      <input_file id="fl-22">
         <path>C:\Program Files (x86)\Texas Instruments\ccsv7\tools\compiler\ti-cgt-c2000_16.9.6.LTS\lib\</path>
         <kind>archive</kind>
         <file>rts2800_fpu32.lib</file>
         <name>_printfi.obj</name>
      </input_file>
      <input_file id="fl-23">
         <path>C:\Program Files (x86)\Texas Instruments\ccsv7\tools\compiler\ti-cgt-c2000_16.9.6.LTS\lib\</path>
         <kind>archive</kind>
         <file>rts2800_fpu32.lib</file>
         <name>atoi.obj</name>
      </input_file>
      <input_file id="fl-24">
         <path>C:\Program Files (x86)\Texas Instruments\ccsv7\tools\compiler\ti-cgt-c2000_16.9.6.LTS\lib\</path>
         <kind>archive</kind>
         <file>rts2800_fpu32.lib</file>
         <name>ctype.obj</name>
      </input_file>
      <input_file id="fl-25">
         <path>C:\Program Files (x86)\Texas Instruments\ccsv7\tools\compiler\ti-cgt-c2000_16.9.6.LTS\lib\</path>
         <kind>archive</kind>
         <file>rts2800_fpu32.lib</file>
         <name>defs.obj</name>
      </input_file>
      <input_file id="fl-26">
         <path>C:\Program Files (x86)\Texas Instruments\ccsv7\tools\compiler\ti-cgt-c2000_16.9.6.LTS\lib\</path>
         <kind>archive</kind>
         <file>rts2800_fpu32.lib</file>
         <name>fd_cmp28.obj</name>
      </input_file>
      <input_file id="fl-27">
         <path>C:\Program Files (x86)\Texas Instruments\ccsv7\tools\compiler\ti-cgt-c2000_16.9.6.LTS\lib\</path>
         <kind>archive</kind>
         <file>rts2800_fpu32.lib</file>
         <name>fd_div28.obj</name>
      </input_file>
      <input_file id="fl-28">
         <path>C:\Program Files (x86)\Texas Instruments\ccsv7\tools\compiler\ti-cgt-c2000_16.9.6.LTS\lib\</path>
         <kind>archive</kind>
         <file>rts2800_fpu32.lib</file>
         <name>fd_mpy28.obj</name>
      </input_file>
      <input_file id="fl-29">
         <path>C:\Program Files (x86)\Texas Instruments\ccsv7\tools\compiler\ti-cgt-c2000_16.9.6.LTS\lib\</path>
         <kind>archive</kind>
         <file>rts2800_fpu32.lib</file>
         <name>fd_neg28.obj</name>
      </input_file>
      <input_file id="fl-2a">
         <path>C:\Program Files (x86)\Texas Instruments\ccsv7\tools\compiler\ti-cgt-c2000_16.9.6.LTS\lib\</path>
         <kind>archive</kind>
         <file>rts2800_fpu32.lib</file>
         <name>fd_sub28.obj</name>
      </input_file>
      <input_file id="fl-2b">
         <path>C:\Program Files (x86)\Texas Instruments\ccsv7\tools\compiler\ti-cgt-c2000_16.9.6.LTS\lib\</path>
         <kind>archive</kind>
         <file>rts2800_fpu32.lib</file>
         <name>fd_toi28.obj</name>
      </input_file>
      <input_file id="fl-2c">
         <path>C:\Program Files (x86)\Texas Instruments\ccsv7\tools\compiler\ti-cgt-c2000_16.9.6.LTS\lib\</path>
         <kind>archive</kind>
         <file>rts2800_fpu32.lib</file>
         <name>fd_tol28.obj</name>
      </input_file>
      <input_file id="fl-2d">
         <path>C:\Program Files (x86)\Texas Instruments\ccsv7\tools\compiler\ti-cgt-c2000_16.9.6.LTS\lib\</path>
         <kind>archive</kind>
         <file>rts2800_fpu32.lib</file>
         <name>fputc.obj</name>
      </input_file>
      <input_file id="fl-2e">
         <path>C:\Program Files (x86)\Texas Instruments\ccsv7\tools\compiler\ti-cgt-c2000_16.9.6.LTS\lib\</path>
         <kind>archive</kind>
         <file>rts2800_fpu32.lib</file>
         <name>fputs.obj</name>
      </input_file>
      <input_file id="fl-2f">
         <path>C:\Program Files (x86)\Texas Instruments\ccsv7\tools\compiler\ti-cgt-c2000_16.9.6.LTS\lib\</path>
         <kind>archive</kind>
         <file>rts2800_fpu32.lib</file>
         <name>fs_tofdfpu32.obj</name>
      </input_file>
      <input_file id="fl-30">
         <path>C:\Program Files (x86)\Texas Instruments\ccsv7\tools\compiler\ti-cgt-c2000_16.9.6.LTS\lib\</path>
         <kind>archive</kind>
         <file>rts2800_fpu32.lib</file>
         <name>i_tofd28.obj</name>
      </input_file>
      <input_file id="fl-31">
         <path>C:\Program Files (x86)\Texas Instruments\ccsv7\tools\compiler\ti-cgt-c2000_16.9.6.LTS\lib\</path>
         <kind>archive</kind>
         <file>rts2800_fpu32.lib</file>
         <name>l_tofd28.obj</name>
      </input_file>
      <input_file id="fl-32">
         <path>C:\Program Files (x86)\Texas Instruments\ccsv7\tools\compiler\ti-cgt-c2000_16.9.6.LTS\lib\</path>
         <kind>archive</kind>
         <file>rts2800_fpu32.lib</file>
         <name>ll_aox28.obj</name>
      </input_file>
      <input_file id="fl-33">
         <path>C:\Program Files (x86)\Texas Instruments\ccsv7\tools\compiler\ti-cgt-c2000_16.9.6.LTS\lib\</path>
         <kind>archive</kind>
         <file>rts2800_fpu32.lib</file>
         <name>ll_cmp28.obj</name>
      </input_file>
      <input_file id="fl-34">
         <path>C:\Program Files (x86)\Texas Instruments\ccsv7\tools\compiler\ti-cgt-c2000_16.9.6.LTS\lib\</path>
         <kind>archive</kind>
         <file>rts2800_fpu32.lib</file>
         <name>ll_div28.obj</name>
      </input_file>
      <input_file id="fl-35">
         <path>C:\Program Files (x86)\Texas Instruments\ccsv7\tools\compiler\ti-cgt-c2000_16.9.6.LTS\lib\</path>
         <kind>archive</kind>
         <file>rts2800_fpu32.lib</file>
         <name>ltoa.obj</name>
      </input_file>
      <input_file id="fl-36">
         <path>C:\Program Files (x86)\Texas Instruments\ccsv7\tools\compiler\ti-cgt-c2000_16.9.6.LTS\lib\</path>
         <kind>archive</kind>
         <file>rts2800_fpu32.lib</file>
         <name>memccpy.obj</name>
      </input_file>
      <input_file id="fl-37">
         <path>C:\Program Files (x86)\Texas Instruments\ccsv7\tools\compiler\ti-cgt-c2000_16.9.6.LTS\lib\</path>
         <kind>archive</kind>
         <file>rts2800_fpu32.lib</file>
         <name>memchr.obj</name>
      </input_file>
      <input_file id="fl-38">
         <path>C:\Program Files (x86)\Texas Instruments\ccsv7\tools\compiler\ti-cgt-c2000_16.9.6.LTS\lib\</path>
         <kind>archive</kind>
         <file>rts2800_fpu32.lib</file>
         <name>memset.obj</name>
      </input_file>
      <input_file id="fl-39">
         <path>C:\Program Files (x86)\Texas Instruments\ccsv7\tools\compiler\ti-cgt-c2000_16.9.6.LTS\lib\</path>
         <kind>archive</kind>
         <file>rts2800_fpu32.lib</file>
         <name>s_frexp.obj</name>
      </input_file>
      <input_file id="fl-3a">
         <path>C:\Program Files (x86)\Texas Instruments\ccsv7\tools\compiler\ti-cgt-c2000_16.9.6.LTS\lib\</path>
         <kind>archive</kind>
         <file>rts2800_fpu32.lib</file>
         <name>s_scalbn.obj</name>
      </input_file>
      <input_file id="fl-3b">
         <path>C:\Program Files (x86)\Texas Instruments\ccsv7\tools\compiler\ti-cgt-c2000_16.9.6.LTS\lib\</path>
         <kind>archive</kind>
         <file>rts2800_fpu32.lib</file>
         <name>strchr.obj</name>
      </input_file>
      <input_file id="fl-3c">
         <path>C:\Program Files (x86)\Texas Instruments\ccsv7\tools\compiler\ti-cgt-c2000_16.9.6.LTS\lib\</path>
         <kind>archive</kind>
         <file>rts2800_fpu32.lib</file>
         <name>strcpy.obj</name>
      </input_file>
      <input_file id="fl-3d">
         <path>C:\Program Files (x86)\Texas Instruments\ccsv7\tools\compiler\ti-cgt-c2000_16.9.6.LTS\lib\</path>
         <kind>archive</kind>
         <file>rts2800_fpu32.lib</file>
         <name>strlen.obj</name>
      </input_file>
      <input_file id="fl-3e">
         <path>C:\Program Files (x86)\Texas Instruments\ccsv7\tools\compiler\ti-cgt-c2000_16.9.6.LTS\lib\</path>
         <kind>archive</kind>
         <file>rts2800_fpu32.lib</file>
         <name>write.obj</name>
      </input_file>
      <input_file id="fl-3f">
         <path>C:\Program Files (x86)\Texas Instruments\ccsv7\tools\compiler\ti-cgt-c2000_16.9.6.LTS\lib\</path>
         <kind>archive</kind>
         <file>rts2800_fpu32.lib</file>
         <name>_io_perm.obj</name>
      </input_file>
      <input_file id="fl-40">
         <path>C:\Program Files (x86)\Texas Instruments\ccsv7\tools\compiler\ti-cgt-c2000_16.9.6.LTS\lib\</path>
         <kind>archive</kind>
         <file>rts2800_fpu32.lib</file>
         <name>fd_add28.obj</name>
      </input_file>
      <input_file id="fl-41">
         <path>C:\Program Files (x86)\Texas Instruments\ccsv7\tools\compiler\ti-cgt-c2000_16.9.6.LTS\lib\</path>
         <kind>archive</kind>
         <file>rts2800_fpu32.lib</file>
         <name>fflush.obj</name>
      </input_file>
      <input_file id="fl-42">
         <path>C:\Program Files (x86)\Texas Instruments\ccsv7\tools\compiler\ti-cgt-c2000_16.9.6.LTS\lib\</path>
         <kind>archive</kind>
         <file>rts2800_fpu32.lib</file>
         <name>fseek.obj</name>
      </input_file>
      <input_file id="fl-43">
         <path>C:\Program Files (x86)\Texas Instruments\ccsv7\tools\compiler\ti-cgt-c2000_16.9.6.LTS\lib\</path>
         <kind>archive</kind>
         <file>rts2800_fpu32.lib</file>
         <name>hostclose.obj</name>
      </input_file>
      <input_file id="fl-44">
         <path>C:\Program Files (x86)\Texas Instruments\ccsv7\tools\compiler\ti-cgt-c2000_16.9.6.LTS\lib\</path>
         <kind>archive</kind>
         <file>rts2800_fpu32.lib</file>
         <name>hostlseek.obj</name>
      </input_file>
      <input_file id="fl-45">
         <path>C:\Program Files (x86)\Texas Instruments\ccsv7\tools\compiler\ti-cgt-c2000_16.9.6.LTS\lib\</path>
         <kind>archive</kind>
         <file>rts2800_fpu32.lib</file>
         <name>hostopen.obj</name>
      </input_file>
      <input_file id="fl-46">
         <path>C:\Program Files (x86)\Texas Instruments\ccsv7\tools\compiler\ti-cgt-c2000_16.9.6.LTS\lib\</path>
         <kind>archive</kind>
         <file>rts2800_fpu32.lib</file>
         <name>hostread.obj</name>
      </input_file>
      <input_file id="fl-47">
         <path>C:\Program Files (x86)\Texas Instruments\ccsv7\tools\compiler\ti-cgt-c2000_16.9.6.LTS\lib\</path>
         <kind>archive</kind>
         <file>rts2800_fpu32.lib</file>
         <name>hostrename.obj</name>
      </input_file>
      <input_file id="fl-48">
         <path>C:\Program Files (x86)\Texas Instruments\ccsv7\tools\compiler\ti-cgt-c2000_16.9.6.LTS\lib\</path>
         <kind>archive</kind>
         <file>rts2800_fpu32.lib</file>
         <name>hostunlink.obj</name>
      </input_file>
      <input_file id="fl-49">
         <path>C:\Program Files (x86)\Texas Instruments\ccsv7\tools\compiler\ti-cgt-c2000_16.9.6.LTS\lib\</path>
         <kind>archive</kind>
         <file>rts2800_fpu32.lib</file>
         <name>hostwrite.obj</name>
      </input_file>
      <input_file id="fl-4a">
         <path>C:\Program Files (x86)\Texas Instruments\ccsv7\tools\compiler\ti-cgt-c2000_16.9.6.LTS\lib\</path>
         <kind>archive</kind>
         <file>rts2800_fpu32.lib</file>
         <name>l_div28.obj</name>
      </input_file>
      <input_file id="fl-4b">
         <path>C:\Program Files (x86)\Texas Instruments\ccsv7\tools\compiler\ti-cgt-c2000_16.9.6.LTS\lib\</path>
         <kind>archive</kind>
         <file>rts2800_fpu32.lib</file>
         <name>lseek.obj</name>
      </input_file>
      <input_file id="fl-4c">
         <path>C:\Program Files (x86)\Texas Instruments\ccsv7\tools\compiler\ti-cgt-c2000_16.9.6.LTS\lib\</path>
         <kind>archive</kind>
         <file>rts2800_fpu32.lib</file>
         <name>s_copysign.obj</name>
      </input_file>
      <input_file id="fl-4d">
         <path>C:\Program Files (x86)\Texas Instruments\ccsv7\tools\compiler\ti-cgt-c2000_16.9.6.LTS\lib\</path>
         <kind>archive</kind>
         <file>rts2800_fpu32.lib</file>
         <name>setvbuf.obj</name>
      </input_file>
      <input_file id="fl-4e">
         <path>C:\Program Files (x86)\Texas Instruments\ccsv7\tools\compiler\ti-cgt-c2000_16.9.6.LTS\lib\</path>
         <kind>archive</kind>
         <file>rts2800_fpu32.lib</file>
         <name>trgmsg.obj</name>
      </input_file>
      <input_file id="fl-4f">
         <path>C:\Program Files (x86)\Texas Instruments\ccsv7\tools\compiler\ti-cgt-c2000_16.9.6.LTS\lib\</path>
         <kind>archive</kind>
         <file>rts2800_fpu32.lib</file>
         <name>fopen.obj</name>
      </input_file>
      <input_file id="fl-50">
         <path>C:\Program Files (x86)\Texas Instruments\ccsv7\tools\compiler\ti-cgt-c2000_16.9.6.LTS\lib\</path>
         <kind>archive</kind>
         <file>rts2800_fpu32.lib</file>
         <name>memory.obj</name>
      </input_file>
      <input_file id="fl-51">
         <path>C:\Program Files (x86)\Texas Instruments\ccsv7\tools\compiler\ti-cgt-c2000_16.9.6.LTS\lib\</path>
         <kind>archive</kind>
         <file>rts2800_fpu32.lib</file>
         <name>open.obj</name>
      </input_file>
      <input_file id="fl-52">
         <path>C:\Program Files (x86)\Texas Instruments\ccsv7\tools\compiler\ti-cgt-c2000_16.9.6.LTS\lib\</path>
         <kind>archive</kind>
         <file>rts2800_fpu32.lib</file>
         <name>fclose.obj</name>
      </input_file>
      <input_file id="fl-53">
         <path>C:\Program Files (x86)\Texas Instruments\ccsv7\tools\compiler\ti-cgt-c2000_16.9.6.LTS\lib\</path>
         <kind>archive</kind>
         <file>rts2800_fpu32.lib</file>
         <name>getdevice.obj</name>
      </input_file>
      <input_file id="fl-54">
         <path>C:\Program Files (x86)\Texas Instruments\ccsv7\tools\compiler\ti-cgt-c2000_16.9.6.LTS\lib\</path>
         <kind>archive</kind>
         <file>rts2800_fpu32.lib</file>
         <name>remove.obj</name>
      </input_file>
      <input_file id="fl-55">
         <path>C:\Program Files (x86)\Texas Instruments\ccsv7\tools\compiler\ti-cgt-c2000_16.9.6.LTS\lib\</path>
         <kind>archive</kind>
         <file>rts2800_fpu32.lib</file>
         <name>strcmp.obj</name>
      </input_file>
      <input_file id="fl-56">
         <path>C:\Program Files (x86)\Texas Instruments\ccsv7\tools\compiler\ti-cgt-c2000_16.9.6.LTS\lib\</path>
         <kind>archive</kind>
         <file>rts2800_fpu32.lib</file>
         <name>strncpy.obj</name>
      </input_file>
      <input_file id="fl-57">
         <path>C:\Program Files (x86)\Texas Instruments\ccsv7\tools\compiler\ti-cgt-c2000_16.9.6.LTS\lib\</path>
         <kind>archive</kind>
         <file>rts2800_fpu32.lib</file>
         <name>unlink.obj</name>
      </input_file>
      <input_file id="fl-58">
         <path>C:\Program Files (x86)\Texas Instruments\ccsv7\tools\compiler\ti-cgt-c2000_16.9.6.LTS\lib\</path>
         <kind>archive</kind>
         <file>rts2800_fpu32.lib</file>
         <name>close.obj</name>
      </input_file>
   </input_file_list>
   <object_component_list>
      <object_component id="oc-97">
         <name>PieVectTableFile</name>
         <uninitialized>true</uninitialized>
         <run_address>0xd00</run_address>
         <size>0x100</size>
         <input_file_ref idref="fl-8"/>
      </object_component>
      <object_component id="oc-62">
         <name>EmuKeyVar</name>
         <uninitialized>true</uninitialized>
         <run_address>0xd00</run_address>
         <size>0x1</size>
         <input_file_ref idref="fl-8"/>
      </object_component>
      <object_component id="oc-63">
         <name>EmuBModeVar</name>
         <uninitialized>true</uninitialized>
         <run_address>0xd01</run_address>
         <size>0x1</size>
         <input_file_ref idref="fl-8"/>
      </object_component>
      <object_component id="oc-64">
         <name>FlashCallbackVar</name>
         <uninitialized>true</uninitialized>
         <run_address>0xd02</run_address>
         <size>0x2</size>
         <input_file_ref idref="fl-8"/>
      </object_component>
      <object_component id="oc-65">
         <name>FlashScalingVar</name>
         <uninitialized>true</uninitialized>
         <run_address>0xd04</run_address>
         <size>0x2</size>
         <input_file_ref idref="fl-8"/>
      </object_component>
      <object_component id="oc-67">
         <name>DevEmuRegsFile</name>
         <uninitialized>true</uninitialized>
         <run_address>0x880</run_address>
         <size>0x4</size>
         <input_file_ref idref="fl-8"/>
      </object_component>
      <object_component id="oc-66">
         <name>SysPwrCtrlRegsFile</name>
         <uninitialized>true</uninitialized>
         <run_address>0x985</run_address>
         <size>0x3</size>
         <input_file_ref idref="fl-8"/>
      </object_component>
      <object_component id="oc-6f">
         <name>FlashRegsFile</name>
         <uninitialized>true</uninitialized>
         <run_address>0xa80</run_address>
         <size>0x8</size>
         <input_file_ref idref="fl-8"/>
      </object_component>
      <object_component id="oc-74">
         <name>CsmRegsFile</name>
         <uninitialized>true</uninitialized>
         <run_address>0xae0</run_address>
         <size>0x10</size>
         <input_file_ref idref="fl-8"/>
      </object_component>
      <object_component id="oc-77">
         <name>AdcResultFile</name>
         <uninitialized>true</uninitialized>
         <run_address>0xb00</run_address>
         <size>0x10</size>
         <input_file_ref idref="fl-8"/>
      </object_component>
      <object_component id="oc-6c">
         <name>CpuTimer0RegsFile</name>
         <uninitialized>true</uninitialized>
         <run_address>0xc00</run_address>
         <size>0x8</size>
         <input_file_ref idref="fl-8"/>
      </object_component>
      <object_component id="oc-6b">
         <name>CpuTimer1RegsFile</name>
         <uninitialized>true</uninitialized>
         <run_address>0xc08</run_address>
         <size>0x8</size>
         <input_file_ref idref="fl-8"/>
      </object_component>
      <object_component id="oc-6e">
         <name>CpuTimer2RegsFile</name>
         <uninitialized>true</uninitialized>
         <run_address>0xc10</run_address>
         <size>0x8</size>
         <input_file_ref idref="fl-8"/>
      </object_component>
      <object_component id="oc-78">
         <name>PieCtrlRegsFile</name>
         <uninitialized>true</uninitialized>
         <run_address>0xce0</run_address>
         <size>0x1a</size>
         <input_file_ref idref="fl-8"/>
      </object_component>
      <object_component id="oc-8d">
         <name>Cla1RegsFile</name>
         <uninitialized>true</uninitialized>
         <run_address>0x1400</run_address>
         <size>0x40</size>
         <input_file_ref idref="fl-8"/>
      </object_component>
      <object_component id="oc-96">
         <name>DmaRegsFile</name>
         <uninitialized>true</uninitialized>
         <run_address>0x1000</run_address>
         <size>0xe0</size>
         <input_file_ref idref="fl-8"/>
      </object_component>
      <object_component id="oc-87">
         <name>ECanaRegsFile</name>
         <uninitialized>true</uninitialized>
         <run_address>0x6000</run_address>
         <size>0x34</size>
         <input_file_ref idref="fl-8"/>
      </object_component>
      <object_component id="oc-8b">
         <name>ECanaLAMRegsFile</name>
         <uninitialized>true</uninitialized>
         <run_address>0x6040</run_address>
         <size>0x40</size>
         <input_file_ref idref="fl-8"/>
      </object_component>
      <object_component id="oc-98">
         <name>ECanaMboxesFile</name>
         <uninitialized>true</uninitialized>
         <run_address>0x6100</run_address>
         <size>0x100</size>
         <input_file_ref idref="fl-8"/>
      </object_component>
      <object_component id="oc-8c">
         <name>ECanaMOTSRegsFile</name>
         <uninitialized>true</uninitialized>
         <run_address>0x6080</run_address>
         <size>0x40</size>
         <input_file_ref idref="fl-8"/>
      </object_component>
      <object_component id="oc-88">
         <name>ECanaMOTORegsFile</name>
         <uninitialized>true</uninitialized>
         <run_address>0x60c0</run_address>
         <size>0x40</size>
         <input_file_ref idref="fl-8"/>
      </object_component>
      <object_component id="oc-80">
         <name>ECap1RegsFile</name>
         <uninitialized>true</uninitialized>
         <run_address>0x6a00</run_address>
         <size>0x20</size>
         <input_file_ref idref="fl-8"/>
      </object_component>
      <object_component id="oc-7f">
         <name>ECap2RegsFile</name>
         <uninitialized>true</uninitialized>
         <run_address>0x6a20</run_address>
         <size>0x20</size>
         <input_file_ref idref="fl-8"/>
      </object_component>
      <object_component id="oc-81">
         <name>ECap3RegsFile</name>
         <uninitialized>true</uninitialized>
         <run_address>0x6a40</run_address>
         <size>0x20</size>
         <input_file_ref idref="fl-8"/>
      </object_component>
      <object_component id="oc-84">
         <name>EQep1RegsFile</name>
         <uninitialized>true</uninitialized>
         <run_address>0x6b00</run_address>
         <size>0x22</size>
         <input_file_ref idref="fl-8"/>
      </object_component>
      <object_component id="oc-82">
         <name>EQep2RegsFile</name>
         <uninitialized>true</uninitialized>
         <run_address>0x6b40</run_address>
         <size>0x22</size>
         <input_file_ref idref="fl-8"/>
      </object_component>
      <object_component id="oc-90">
         <name>GpioCtrlRegsFile</name>
         <uninitialized>true</uninitialized>
         <run_address>0x6f80</run_address>
         <size>0x40</size>
         <input_file_ref idref="fl-8"/>
      </object_component>
      <object_component id="oc-7e">
         <name>GpioDataRegsFile</name>
         <uninitialized>true</uninitialized>
         <run_address>0x6fc0</run_address>
         <size>0x20</size>
         <input_file_ref idref="fl-8"/>
      </object_component>
      <object_component id="oc-7d">
         <name>GpioIntRegsFile</name>
         <uninitialized>true</uninitialized>
         <run_address>0x6fe0</run_address>
         <size>0x20</size>
         <input_file_ref idref="fl-8"/>
      </object_component>
      <object_component id="oc-7b">
         <name>HRCap1RegsFile</name>
         <uninitialized>true</uninitialized>
         <run_address>0x6ac0</run_address>
         <size>0x1f</size>
         <input_file_ref idref="fl-8"/>
      </object_component>
      <object_component id="oc-79">
         <name>HRCap2RegsFile</name>
         <uninitialized>true</uninitialized>
         <run_address>0x6ae0</run_address>
         <size>0x1f</size>
         <input_file_ref idref="fl-8"/>
      </object_component>
      <object_component id="oc-7a">
         <name>HRCap3RegsFile</name>
         <uninitialized>true</uninitialized>
         <run_address>0x6c80</run_address>
         <size>0x1f</size>
         <input_file_ref idref="fl-8"/>
      </object_component>
      <object_component id="oc-7c">
         <name>HRCap4RegsFile</name>
         <uninitialized>true</uninitialized>
         <run_address>0x6ca0</run_address>
         <size>0x1f</size>
         <input_file_ref idref="fl-8"/>
      </object_component>
      <object_component id="oc-86">
         <name>SysCtrlRegsFile</name>
         <uninitialized>true</uninitialized>
         <run_address>0x7010</run_address>
         <size>0x30</size>
         <input_file_ref idref="fl-8"/>
      </object_component>
      <object_component id="oc-76">
         <name>SpiaRegsFile</name>
         <uninitialized>true</uninitialized>
         <run_address>0x7040</run_address>
         <size>0x10</size>
         <input_file_ref idref="fl-8"/>
      </object_component>
      <object_component id="oc-75">
         <name>SpibRegsFile</name>
         <uninitialized>true</uninitialized>
         <run_address>0x7740</run_address>
         <size>0x10</size>
         <input_file_ref idref="fl-8"/>
      </object_component>
      <object_component id="oc-71">
         <name>SciaRegsFile</name>
         <uninitialized>true</uninitialized>
         <run_address>0x7050</run_address>
         <size>0x10</size>
         <input_file_ref idref="fl-8"/>
      </object_component>
      <object_component id="oc-70">
         <name>ScibRegsFile</name>
         <uninitialized>true</uninitialized>
         <run_address>0x7750</run_address>
         <size>0x10</size>
         <input_file_ref idref="fl-8"/>
      </object_component>
      <object_component id="oc-72">
         <name>NmiIntruptRegsFile</name>
         <uninitialized>true</uninitialized>
         <run_address>0x7060</run_address>
         <size>0x10</size>
         <input_file_ref idref="fl-8"/>
      </object_component>
      <object_component id="oc-73">
         <name>XIntruptRegsFile</name>
         <uninitialized>true</uninitialized>
         <run_address>0x7070</run_address>
         <size>0x10</size>
         <input_file_ref idref="fl-8"/>
      </object_component>
      <object_component id="oc-95">
         <name>AdcRegsFile</name>
         <uninitialized>true</uninitialized>
         <run_address>0x7100</run_address>
         <size>0x50</size>
         <input_file_ref idref="fl-8"/>
      </object_component>
      <object_component id="oc-83">
         <name>I2caRegsFile</name>
         <uninitialized>true</uninitialized>
         <run_address>0x7900</run_address>
         <size>0x22</size>
         <input_file_ref idref="fl-8"/>
      </object_component>
      <object_component id="oc-69">
         <name>Comp1RegsFile</name>
         <uninitialized>true</uninitialized>
         <run_address>0x6400</run_address>
         <size>0x7</size>
         <input_file_ref idref="fl-8"/>
      </object_component>
      <object_component id="oc-6a">
         <name>Comp2RegsFile</name>
         <uninitialized>true</uninitialized>
         <run_address>0x6420</run_address>
         <size>0x7</size>
         <input_file_ref idref="fl-8"/>
      </object_component>
      <object_component id="oc-68">
         <name>Comp3RegsFile</name>
         <uninitialized>true</uninitialized>
         <run_address>0x6440</run_address>
         <size>0x7</size>
         <input_file_ref idref="fl-8"/>
      </object_component>
      <object_component id="oc-8a">
         <name>EPwm1RegsFile</name>
         <uninitialized>true</uninitialized>
         <run_address>0x6800</run_address>
         <size>0x40</size>
         <input_file_ref idref="fl-8"/>
      </object_component>
      <object_component id="oc-89">
         <name>EPwm2RegsFile</name>
         <uninitialized>true</uninitialized>
         <run_address>0x6840</run_address>
         <size>0x40</size>
         <input_file_ref idref="fl-8"/>
      </object_component>
      <object_component id="oc-94">
         <name>EPwm3RegsFile</name>
         <uninitialized>true</uninitialized>
         <run_address>0x6880</run_address>
         <size>0x40</size>
         <input_file_ref idref="fl-8"/>
      </object_component>
      <object_component id="oc-92">
         <name>EPwm4RegsFile</name>
         <uninitialized>true</uninitialized>
         <run_address>0x68c0</run_address>
         <size>0x40</size>
         <input_file_ref idref="fl-8"/>
      </object_component>
      <object_component id="oc-93">
         <name>EPwm5RegsFile</name>
         <uninitialized>true</uninitialized>
         <run_address>0x6900</run_address>
         <size>0x40</size>
         <input_file_ref idref="fl-8"/>
      </object_component>
      <object_component id="oc-8f">
         <name>EPwm6RegsFile</name>
         <uninitialized>true</uninitialized>
         <run_address>0x6940</run_address>
         <size>0x40</size>
         <input_file_ref idref="fl-8"/>
      </object_component>
      <object_component id="oc-8e">
         <name>EPwm7RegsFile</name>
         <uninitialized>true</uninitialized>
         <run_address>0x6980</run_address>
         <size>0x40</size>
         <input_file_ref idref="fl-8"/>
      </object_component>
      <object_component id="oc-91">
         <name>EPwm8RegsFile</name>
         <uninitialized>true</uninitialized>
         <run_address>0x69c0</run_address>
         <size>0x40</size>
         <input_file_ref idref="fl-8"/>
      </object_component>
      <object_component id="oc-85">
         <name>McbspaRegsFile</name>
         <uninitialized>true</uninitialized>
         <run_address>0x5000</run_address>
         <size>0x24</size>
         <input_file_ref idref="fl-8"/>
      </object_component>
      <object_component id="oc-99">
         <name>Usb0RegsFile</name>
         <uninitialized>true</uninitialized>
         <run_address>0x4000</run_address>
         <size>0x454</size>
         <input_file_ref idref="fl-8"/>
      </object_component>
      <object_component id="oc-6d">
         <name>CsmPwlFile</name>
         <uninitialized>true</uninitialized>
         <run_address>0x3f7ff8</run_address>
         <size>0x8</size>
         <input_file_ref idref="fl-8"/>
      </object_component>
      <object_component id="oc-61">
         <name>PartIdRegsFile</name>
         <uninitialized>true</uninitialized>
         <run_address>0x3d7e80</run_address>
         <size>0x1</size>
         <input_file_ref idref="fl-8"/>
      </object_component>
      <object_component id="oc-5b">
         <name>codestart</name>
         <load_address>0x0</load_address>
         <run_address>0x0</run_address>
         <size>0x2</size>
         <input_file_ref idref="fl-7"/>
      </object_component>
      <object_component id="oc-9b">
         <name>ramfuncs</name>
         <load_address>0x8000</load_address>
         <run_address>0x8000</run_address>
         <size>0x4</size>
         <input_file_ref idref="fl-9"/>
      </object_component>
      <object_component id="oc-22f">
         <name>.text</name>
         <load_address>0xf040</load_address>
         <run_address>0xf040</run_address>
         <size>0xc70</size>
         <input_file_ref idref="fl-b"/>
      </object_component>
      <object_component id="oc-236">
         <name>.text</name>
         <load_address>0xfcb0</load_address>
         <run_address>0xfcb0</run_address>
         <size>0xc16</size>
         <input_file_ref idref="fl-22"/>
      </object_component>
      <object_component id="oc-a9">
         <name>.text:retain</name>
         <load_address>0x108c6</load_address>
         <run_address>0x108c6</run_address>
         <size>0x4a9</size>
         <input_file_ref idref="fl-b"/>
      </object_component>
      <object_component id="oc-23a">
         <name>.text</name>
         <load_address>0x10d6f</load_address>
         <run_address>0x10d6f</run_address>
         <size>0x23b</size>
         <input_file_ref idref="fl-a"/>
      </object_component>
      <object_component id="oc-253">
         <name>.text</name>
         <load_address>0x10faa</load_address>
         <run_address>0x10faa</run_address>
         <size>0x1d2</size>
         <input_file_ref idref="fl-50"/>
      </object_component>
      <object_component id="oc-23e">
         <name>.text</name>
         <load_address>0x1117c</load_address>
         <run_address>0x1117c</run_address>
         <size>0x110</size>
         <input_file_ref idref="fl-1e"/>
      </object_component>
      <object_component id="oc-15b">
         <name>.text</name>
         <load_address>0x1128c</load_address>
         <run_address>0x1128c</run_address>
         <size>0x107</size>
         <input_file_ref idref="fl-34"/>
      </object_component>
      <object_component id="oc-254">
         <name>.text</name>
         <load_address>0x11393</load_address>
         <run_address>0x11393</run_address>
         <size>0xf9</size>
         <input_file_ref idref="fl-4f"/>
      </object_component>
      <object_component id="oc-247">
         <name>.text</name>
         <load_address>0x1148c</load_address>
         <run_address>0x1148c</run_address>
         <size>0xbc</size>
         <input_file_ref idref="fl-3a"/>
      </object_component>
      <object_component id="oc-233">
         <name>.text</name>
         <load_address>0x11548</load_address>
         <run_address>0x11548</run_address>
         <size>0xb0</size>
         <input_file_ref idref="fl-2e"/>
      </object_component>
      <object_component id="oc-19b">
         <name>.text</name>
         <load_address>0x115f8</load_address>
         <run_address>0x115f8</run_address>
         <size>0x9c</size>
         <input_file_ref idref="fl-40"/>
      </object_component>
      <object_component id="oc-238">
         <name>.text</name>
         <load_address>0x11694</load_address>
         <run_address>0x11694</run_address>
         <size>0x94</size>
         <input_file_ref idref="fl-4e"/>
      </object_component>
      <object_component id="oc-119">
         <name>.text</name>
         <load_address>0x11728</load_address>
         <run_address>0x11728</run_address>
         <size>0x8b</size>
         <input_file_ref idref="fl-27"/>
      </object_component>
      <object_component id="oc-24f">
         <name>.text</name>
         <load_address>0x117b3</load_address>
         <run_address>0x117b3</run_address>
         <size>0x89</size>
         <input_file_ref idref="fl-4d"/>
      </object_component>
      <object_component id="oc-11e">
         <name>.text</name>
         <load_address>0x1183c</load_address>
         <run_address>0x1183c</run_address>
         <size>0x83</size>
         <input_file_ref idref="fl-28"/>
      </object_component>
      <object_component id="oc-23b">
         <name>.text</name>
         <load_address>0x118bf</load_address>
         <run_address>0x118bf</run_address>
         <size>0x7c</size>
         <input_file_ref idref="fl-c"/>
      </object_component>
      <object_component id="oc-241">
         <name>.text</name>
         <load_address>0x1193b</load_address>
         <run_address>0x1193b</run_address>
         <size>0x73</size>
         <input_file_ref idref="fl-41"/>
      </object_component>
      <object_component id="oc-23c">
         <name>.text</name>
         <load_address>0x119ae</load_address>
         <run_address>0x119ae</run_address>
         <size>0x72</size>
         <input_file_ref idref="fl-6"/>
      </object_component>
      <object_component id="oc-255">
         <name>.text</name>
         <load_address>0x11a20</load_address>
         <run_address>0x11a20</run_address>
         <size>0x71</size>
         <input_file_ref idref="fl-51"/>
      </object_component>
      <object_component id="oc-240">
         <name>.text</name>
         <load_address>0x11a91</load_address>
         <run_address>0x11a91</run_address>
         <size>0x67</size>
         <input_file_ref idref="fl-3f"/>
      </object_component>
      <object_component id="oc-22b">
         <name>.text</name>
         <load_address>0x11af8</load_address>
         <run_address>0x11af8</run_address>
         <size>0x61</size>
         <input_file_ref idref="fl-44"/>
      </object_component>
      <object_component id="oc-256">
         <name>.text</name>
         <load_address>0x11b59</load_address>
         <run_address>0x11b59</run_address>
         <size>0x5f</size>
         <input_file_ref idref="fl-52"/>
      </object_component>
      <object_component id="oc-246">
         <name>.text</name>
         <load_address>0x11bb8</load_address>
         <run_address>0x11bb8</run_address>
         <size>0x5a</size>
         <input_file_ref idref="fl-39"/>
      </object_component>
      <object_component id="oc-23d">
         <name>.text</name>
         <load_address>0x11c12</load_address>
         <run_address>0x11c12</run_address>
         <size>0x57</size>
         <input_file_ref idref="fl-21"/>
      </object_component>
      <object_component id="oc-4e">
         <name>.text</name>
         <load_address>0x11c69</load_address>
         <run_address>0x11c69</run_address>
         <size>0x56</size>
         <input_file_ref idref="fl-10"/>
      </object_component>
      <object_component id="oc-232">
         <name>.text</name>
         <load_address>0x11cbf</load_address>
         <run_address>0x11cbf</run_address>
         <size>0x53</size>
         <input_file_ref idref="fl-2d"/>
      </object_component>
      <object_component id="oc-257">
         <name>.text</name>
         <load_address>0x11d12</load_address>
         <run_address>0x11d12</run_address>
         <size>0x4e</size>
         <input_file_ref idref="fl-53"/>
      </object_component>
      <object_component id="oc-4f">
         <name>.text</name>
         <load_address>0x11d60</load_address>
         <run_address>0x11d60</run_address>
         <size>0x4b</size>
         <input_file_ref idref="fl-5"/>
      </object_component>
      <object_component id="oc-227">
         <name>.text</name>
         <load_address>0x11dab</load_address>
         <run_address>0x11dab</run_address>
         <size>0x40</size>
         <input_file_ref idref="fl-45"/>
      </object_component>
      <object_component id="oc-229">
         <name>.text</name>
         <load_address>0x11deb</load_address>
         <run_address>0x11deb</run_address>
         <size>0x3f</size>
         <input_file_ref idref="fl-46"/>
      </object_component>
      <object_component id="oc-22d">
         <name>.text</name>
         <load_address>0x11e2a</load_address>
         <run_address>0x11e2a</run_address>
         <size>0x3e</size>
         <input_file_ref idref="fl-47"/>
      </object_component>
      <object_component id="oc-24e">
         <name>.text</name>
         <load_address>0x11e68</load_address>
         <run_address>0x11e68</run_address>
         <size>0x3d</size>
         <input_file_ref idref="fl-42"/>
      </object_component>
      <object_component id="oc-22a">
         <name>.text</name>
         <load_address>0x11ea5</load_address>
         <run_address>0x11ea5</run_address>
         <size>0x38</size>
         <input_file_ref idref="fl-49"/>
      </object_component>
      <object_component id="oc-226">
         <name>.text</name>
         <load_address>0x11edd</load_address>
         <run_address>0x11edd</run_address>
         <size>0x34</size>
         <input_file_ref idref="fl-20"/>
      </object_component>
      <object_component id="oc-e8">
         <name>.text</name>
         <load_address>0x11f11</load_address>
         <run_address>0x11f11</run_address>
         <size>0x34</size>
         <input_file_ref idref="fl-1c"/>
      </object_component>
      <object_component id="oc-e0">
         <name>.text</name>
         <load_address>0x11f45</load_address>
         <run_address>0x11f45</run_address>
         <size>0x34</size>
         <input_file_ref idref="fl-1a"/>
      </object_component>
      <object_component id="oc-258">
         <name>.text</name>
         <load_address>0x11f79</load_address>
         <run_address>0x11f79</run_address>
         <size>0x33</size>
         <input_file_ref idref="fl-58"/>
      </object_component>
      <object_component id="oc-244">
         <name>.text</name>
         <load_address>0x11fac</load_address>
         <run_address>0x11fac</run_address>
         <size>0x31</size>
         <input_file_ref idref="fl-23"/>
      </object_component>
      <object_component id="oc-245">
         <name>.text</name>
         <load_address>0x11fdd</load_address>
         <run_address>0x11fdd</run_address>
         <size>0x2e</size>
         <input_file_ref idref="fl-35"/>
      </object_component>
      <object_component id="oc-114">
         <name>.text</name>
         <load_address>0x1200b</load_address>
         <run_address>0x1200b</run_address>
         <size>0x2a</size>
         <input_file_ref idref="fl-26"/>
      </object_component>
      <object_component id="oc-1ce">
         <name>.text</name>
         <load_address>0x12035</load_address>
         <run_address>0x12035</run_address>
         <size>0x2a</size>
         <input_file_ref idref="fl-4a"/>
      </object_component>
      <object_component id="oc-225">
         <name>.text</name>
         <load_address>0x1205f</load_address>
         <run_address>0x1205f</run_address>
         <size>0x29</size>
         <input_file_ref idref="fl-14"/>
      </object_component>
      <object_component id="oc-228">
         <name>.text</name>
         <load_address>0x12088</load_address>
         <run_address>0x12088</run_address>
         <size>0x29</size>
         <input_file_ref idref="fl-43"/>
      </object_component>
      <object_component id="oc-222">
         <name>.text</name>
         <load_address>0x120b1</load_address>
         <run_address>0x120b1</run_address>
         <size>0x24</size>
         <input_file_ref idref="fl-13"/>
      </object_component>
      <object_component id="oc-22c">
         <name>.text</name>
         <load_address>0x120d5</load_address>
         <run_address>0x120d5</run_address>
         <size>0x24</size>
         <input_file_ref idref="fl-48"/>
      </object_component>
      <object_component id="oc-251">
         <name>.text</name>
         <load_address>0x120f9</load_address>
         <run_address>0x120f9</run_address>
         <size>0x24</size>
         <input_file_ref idref="fl-4c"/>
      </object_component>
      <object_component id="oc-12d">
         <name>.text</name>
         <load_address>0x1211d</load_address>
         <run_address>0x1211d</run_address>
         <size>0x21</size>
         <input_file_ref idref="fl-2b"/>
      </object_component>
      <object_component id="oc-132">
         <name>.text</name>
         <load_address>0x1213e</load_address>
         <run_address>0x1213e</run_address>
         <size>0x1f</size>
         <input_file_ref idref="fl-2c"/>
      </object_component>
      <object_component id="oc-156">
         <name>.text</name>
         <load_address>0x1215d</load_address>
         <run_address>0x1215d</run_address>
         <size>0x1e</size>
         <input_file_ref idref="fl-33"/>
      </object_component>
      <object_component id="oc-22e">
         <name>.text</name>
         <load_address>0x1217b</load_address>
         <run_address>0x1217b</run_address>
         <size>0x1e</size>
         <input_file_ref idref="fl-15"/>
      </object_component>
      <object_component id="oc-25b">
         <name>.text</name>
         <load_address>0x12199</load_address>
         <run_address>0x12199</run_address>
         <size>0x1e</size>
         <input_file_ref idref="fl-56"/>
      </object_component>
      <object_component id="oc-147">
         <name>.text</name>
         <load_address>0x121b7</load_address>
         <run_address>0x121b7</run_address>
         <size>0x1d</size>
         <input_file_ref idref="fl-30"/>
      </object_component>
      <object_component id="oc-142">
         <name>.text</name>
         <load_address>0x121d4</load_address>
         <run_address>0x121d4</run_address>
         <size>0x1c</size>
         <input_file_ref idref="fl-2f"/>
      </object_component>
      <object_component id="oc-14c">
         <name>.text</name>
         <load_address>0x121f0</load_address>
         <run_address>0x121f0</run_address>
         <size>0x1c</size>
         <input_file_ref idref="fl-31"/>
      </object_component>
      <object_component id="oc-224">
         <name>.text</name>
         <load_address>0x1220c</load_address>
         <run_address>0x1220c</run_address>
         <size>0x19</size>
         <input_file_ref idref="fl-19"/>
      </object_component>
      <object_component id="oc-25c">
         <name>.text</name>
         <load_address>0x12225</load_address>
         <run_address>0x12225</run_address>
         <size>0x19</size>
         <input_file_ref idref="fl-57"/>
      </object_component>
      <object_component id="oc-242">
         <name>.text</name>
         <load_address>0x1223e</load_address>
         <run_address>0x1223e</run_address>
         <size>0x19</size>
         <input_file_ref idref="fl-3e"/>
      </object_component>
      <object_component id="oc-e4">
         <name>.text</name>
         <load_address>0x12257</load_address>
         <run_address>0x12257</run_address>
         <size>0x19</size>
         <input_file_ref idref="fl-1b"/>
      </object_component>
      <object_component id="oc-151">
         <name>.text</name>
         <load_address>0x12270</load_address>
         <run_address>0x12270</run_address>
         <size>0x18</size>
         <input_file_ref idref="fl-32"/>
      </object_component>
      <object_component id="oc-252">
         <name>.text</name>
         <load_address>0x12288</load_address>
         <run_address>0x12288</run_address>
         <size>0x18</size>
         <input_file_ref idref="fl-4b"/>
      </object_component>
      <object_component id="oc-243">
         <name>.text</name>
         <load_address>0x122a0</load_address>
         <run_address>0x122a0</run_address>
         <size>0x10</size>
         <input_file_ref idref="fl-37"/>
      </object_component>
      <object_component id="oc-128">
         <name>.text</name>
         <load_address>0x122b0</load_address>
         <run_address>0x122b0</run_address>
         <size>0xe</size>
         <input_file_ref idref="fl-2a"/>
      </object_component>
      <object_component id="oc-24a">
         <name>.text</name>
         <load_address>0x122be</load_address>
         <run_address>0x122be</run_address>
         <size>0xd</size>
         <input_file_ref idref="fl-36"/>
      </object_component>
      <object_component id="oc-249">
         <name>.text</name>
         <load_address>0x122cb</load_address>
         <run_address>0x122cb</run_address>
         <size>0xc</size>
         <input_file_ref idref="fl-38"/>
      </object_component>
      <object_component id="oc-248">
         <name>.text</name>
         <load_address>0x122d7</load_address>
         <run_address>0x122d7</run_address>
         <size>0xc</size>
         <input_file_ref idref="fl-3b"/>
      </object_component>
      <object_component id="oc-a1">
         <name>.text:retain</name>
         <load_address>0x122e3</load_address>
         <run_address>0x122e3</run_address>
         <size>0xa</size>
         <input_file_ref idref="fl-a"/>
      </object_component>
      <object_component id="oc-25a">
         <name>.text</name>
         <load_address>0x122ed</load_address>
         <run_address>0x122ed</run_address>
         <size>0xa</size>
         <input_file_ref idref="fl-55"/>
      </object_component>
      <object_component id="oc-23f">
         <name>.text</name>
         <load_address>0x122f7</load_address>
         <run_address>0x122f7</run_address>
         <size>0x9</size>
         <input_file_ref idref="fl-18"/>
      </object_component>
      <object_component id="oc-123">
         <name>.text</name>
         <load_address>0x12300</load_address>
         <run_address>0x12300</run_address>
         <size>0x9</size>
         <input_file_ref idref="fl-29"/>
      </object_component>
      <object_component id="oc-5a">
         <name>.text</name>
         <load_address>0x12309</load_address>
         <run_address>0x12309</run_address>
         <size>0x8</size>
         <input_file_ref idref="fl-7"/>
      </object_component>
      <object_component id="oc-237">
         <name>.text</name>
         <load_address>0x12311</load_address>
         <run_address>0x12311</run_address>
         <size>0x8</size>
         <input_file_ref idref="fl-3d"/>
      </object_component>
      <object_component id="oc-239">
         <name>.text</name>
         <load_address>0x12319</load_address>
         <run_address>0x12319</run_address>
         <size>0x5</size>
         <input_file_ref idref="fl-3c"/>
      </object_component>
      <object_component id="oc-259">
         <name>.text</name>
         <load_address>0x1231e</load_address>
         <run_address>0x1231e</run_address>
         <size>0x3</size>
         <input_file_ref idref="fl-54"/>
      </object_component>
      <object_component id="oc-221">
         <name>.text</name>
         <load_address>0x12321</load_address>
         <run_address>0x12321</run_address>
         <size>0x2</size>
         <input_file_ref idref="fl-16"/>
      </object_component>
      <object_component id="oc-223">
         <name>.text</name>
         <load_address>0x12323</load_address>
         <run_address>0x12323</run_address>
         <size>0x1</size>
         <input_file_ref idref="fl-17"/>
      </object_component>
      <object_component id="oc-a7">
         <name>.cinit</name>
         <load_address>0x50</load_address>
         <run_address>0x50</run_address>
         <size>0x217</size>
         <input_file_ref idref="fl-b"/>
      </object_component>
      <object_component id="oc-111">
         <name>.cinit</name>
         <load_address>0x267</load_address>
         <run_address>0x267</run_address>
         <size>0x2a</size>
         <input_file_ref idref="fl-25"/>
      </object_component>
      <object_component id="oc-190">
         <name>.cinit</name>
         <load_address>0x291</load_address>
         <run_address>0x291</run_address>
         <size>0x29</size>
         <input_file_ref idref="fl-3e"/>
      </object_component>
      <object_component id="oc-c1">
         <name>.cinit</name>
         <load_address>0x2ba</load_address>
         <run_address>0x2ba</run_address>
         <size>0xe</size>
         <input_file_ref idref="fl-14"/>
      </object_component>
      <object_component id="oc-231">
         <name>.cinit:__lock</name>
         <load_address>0x2c8</load_address>
         <run_address>0x2c8</run_address>
         <size>0x5</size>
         <input_file_ref idref="fl-18"/>
      </object_component>
      <object_component id="oc-235">
         <name>.cinit:__unlock</name>
         <load_address>0x2cd</load_address>
         <run_address>0x2cd</run_address>
         <size>0x5</size>
         <input_file_ref idref="fl-18"/>
      </object_component>
      <object_component id="oc-f4">
         <name>.cinit</name>
         <load_address>0x2d2</load_address>
         <run_address>0x2d2</run_address>
         <size>0x4</size>
         <input_file_ref idref="fl-1f"/>
      </object_component>
      <object_component id="oc-1e9">
         <name>.cinit</name>
         <load_address>0x2d6</load_address>
         <run_address>0x2d6</run_address>
         <size>0x4</size>
         <input_file_ref idref="fl-4f"/>
      </object_component>
      <object_component id="oc-1f0">
         <name>.cinit</name>
         <load_address>0x2da</load_address>
         <run_address>0x2da</run_address>
         <size>0x4</size>
         <input_file_ref idref="fl-50"/>
      </object_component>
      <object_component id="oc-1f8">
         <name>.cinit</name>
         <load_address>0x2de</load_address>
         <run_address>0x2de</run_address>
         <size>0x4</size>
         <input_file_ref idref="fl-51"/>
      </object_component>
      <object_component id="oc-b6">
         <name>.reset</name>
         <load_address>0x3fffc0</load_address>
         <run_address>0x3fffc0</run_address>
         <size>0x2</size>
         <input_file_ref idref="fl-10"/>
      </object_component>
      <object_component id="oc-b5">
         <name>.stack</name>
         <uninitialized>true</uninitialized>
         <run_address>0xa820</run_address>
         <size>0x0</size>
         <input_file_ref idref="fl-10"/>
      </object_component>
      <object_component id="oc-2b2">
         <name>.stack</name>
         <uninitialized>true</uninitialized>
         <run_address>0xa820</run_address>
         <size>0x0</size>
      </object_component>
      <object_component id="oc-a8">
         <name>.ebss</name>
         <uninitialized>true</uninitialized>
         <run_address>0x9800</run_address>
         <size>0x228</size>
         <input_file_ref idref="fl-b"/>
      </object_component>
      <object_component id="oc-b0">
         <name>.ebss</name>
         <uninitialized>true</uninitialized>
         <run_address>0x9a28</run_address>
         <size>0x18</size>
         <input_file_ref idref="fl-c"/>
      </object_component>
      <object_component id="oc-c2">
         <name>.ebss</name>
         <uninitialized>true</uninitialized>
         <run_address>0x9bb0</run_address>
         <size>0x6</size>
         <input_file_ref idref="fl-14"/>
      </object_component>
      <object_component id="oc-234">
         <name>.ebss:__unlock</name>
         <uninitialized>true</uninitialized>
         <run_address>0x9bb8</run_address>
         <size>0x2</size>
         <input_file_ref idref="fl-18"/>
      </object_component>
      <object_component id="oc-230">
         <name>.ebss:__lock</name>
         <uninitialized>true</uninitialized>
         <run_address>0x9bb6</run_address>
         <size>0x2</size>
         <input_file_ref idref="fl-18"/>
      </object_component>
      <object_component id="oc-f5">
         <name>.ebss</name>
         <uninitialized>true</uninitialized>
         <run_address>0x9bba</run_address>
         <size>0x1</size>
         <input_file_ref idref="fl-1f"/>
      </object_component>
      <object_component id="oc-112">
         <name>.ebss</name>
         <uninitialized>true</uninitialized>
         <run_address>0x9a40</run_address>
         <size>0x160</size>
         <input_file_ref idref="fl-25"/>
      </object_component>
      <object_component id="oc-191">
         <name>.ebss</name>
         <uninitialized>true</uninitialized>
         <run_address>0x9bc0</run_address>
         <size>0x88</size>
         <input_file_ref idref="fl-3e"/>
      </object_component>
      <object_component id="oc-1b5">
         <name>.ebss</name>
         <uninitialized>true</uninitialized>
         <run_address>0x9ba0</run_address>
         <size>0x8</size>
         <input_file_ref idref="fl-45"/>
      </object_component>
      <object_component id="oc-1ea">
         <name>.ebss</name>
         <uninitialized>true</uninitialized>
         <run_address>0x9bbb</run_address>
         <size>0x1</size>
         <input_file_ref idref="fl-4f"/>
      </object_component>
      <object_component id="oc-1f2">
         <name>.ebss</name>
         <uninitialized>true</uninitialized>
         <run_address>0x9ba8</run_address>
         <size>0x8</size>
         <input_file_ref idref="fl-50"/>
      </object_component>
      <object_component id="oc-1f9">
         <name>.ebss</name>
         <uninitialized>true</uninitialized>
         <run_address>0x9bbc</run_address>
         <size>0x1</size>
         <input_file_ref idref="fl-51"/>
      </object_component>
      <object_component id="oc-250">
         <name>.econst:.string:__ctypes_</name>
         <load_address>0x9f68</load_address>
         <run_address>0x9f68</run_address>
         <size>0x101</size>
         <input_file_ref idref="fl-24"/>
      </object_component>
      <object_component id="oc-104">
         <name>.econst:.string</name>
         <load_address>0xa06a</load_address>
         <run_address>0xa06a</run_address>
         <size>0x26</size>
         <input_file_ref idref="fl-22"/>
      </object_component>
      <object_component id="oc-103">
         <name>.econst</name>
         <load_address>0xa090</load_address>
         <run_address>0xa090</run_address>
         <size>0x1c</size>
         <input_file_ref idref="fl-22"/>
      </object_component>
      <object_component id="oc-17b">
         <name>.econst</name>
         <load_address>0xa0ac</load_address>
         <run_address>0xa0ac</run_address>
         <size>0x1c</size>
         <input_file_ref idref="fl-3a"/>
      </object_component>
      <object_component id="oc-aa">
         <name>.econst:.string</name>
         <load_address>0xa0c8</load_address>
         <run_address>0xa0c8</run_address>
         <size>0x17</size>
         <input_file_ref idref="fl-b"/>
      </object_component>
      <object_component id="oc-ee">
         <name>.econst</name>
         <load_address>0xa0e0</load_address>
         <run_address>0xa0e0</run_address>
         <size>0x10</size>
         <input_file_ref idref="fl-1e"/>
      </object_component>
      <object_component id="oc-175">
         <name>.econst</name>
         <load_address>0xa0f0</load_address>
         <run_address>0xa0f0</run_address>
         <size>0x8</size>
         <input_file_ref idref="fl-39"/>
      </object_component>
      <object_component id="oc-24b">
         <name>.econst:_halF</name>
         <load_address>0xa0f8</load_address>
         <run_address>0xa0f8</run_address>
         <size>0x4</size>
         <input_file_ref idref="fl-1e"/>
      </object_component>
      <object_component id="oc-24c">
         <name>.econst:_ln2HI</name>
         <load_address>0xa0fc</load_address>
         <run_address>0xa0fc</run_address>
         <size>0x4</size>
         <input_file_ref idref="fl-1e"/>
      </object_component>
      <object_component id="oc-24d">
         <name>.econst:_ln2LO</name>
         <load_address>0xa100</load_address>
         <run_address>0xa100</run_address>
         <size>0x4</size>
         <input_file_ref idref="fl-1e"/>
      </object_component>
      <object_component id="oc-13d">
         <name>.econst:.string</name>
         <load_address>0xa104</load_address>
         <run_address>0xa104</run_address>
         <size>0x2</size>
         <input_file_ref idref="fl-2e"/>
      </object_component>
      <object_component id="oc-fd">
         <name>.econst</name>
         <load_address>0xa106</load_address>
         <run_address>0xa106</run_address>
         <size>0x2</size>
         <input_file_ref idref="fl-21"/>
      </object_component>
      <object_component id="oc-1f1">
         <name>.esysmem</name>
         <uninitialized>true</uninitialized>
         <run_address>0xeb40</run_address>
         <size>0x1</size>
         <input_file_ref idref="fl-50"/>
      </object_component>
      <object_component id="oc-2b3">
         <name>.esysmem</name>
         <uninitialized>true</uninitialized>
         <run_address>0xeb40</run_address>
         <size>0x0</size>
      </object_component>
      <object_component id="oc-1e3">
         <name>.cio</name>
         <uninitialized>true</uninitialized>
         <run_address>0x480</run_address>
         <size>0x120</size>
         <input_file_ref idref="fl-4e"/>
      </object_component>
      <object_component id="oc-ec">
         <name>FPUmathTables</name>
         <load_address>0x3fd860</load_address>
         <run_address>0x3fd860</run_address>
         <size>0x6a0</size>
         <input_file_ref idref="fl-1d"/>
      </object_component>
      <object_component id="oc-50">
         <name>DLOG</name>
         <uninitialized>true</uninitialized>
         <run_address>0x9c48</run_address>
         <size>0x320</size>
         <input_file_ref idref="fl-5"/>
      </object_component>
      <object_component id="oc-51">
         <name>.debug_info</name>
         <load_address>0x0</load_address>
         <run_address>0x0</run_address>
         <size>0x100</size>
         <input_file_ref idref="fl-5"/>
      </object_component>
      <object_component id="oc-55">
         <name>.debug_info</name>
         <load_address>0x100</load_address>
         <run_address>0x100</run_address>
         <size>0xecb</size>
         <input_file_ref idref="fl-6"/>
      </object_component>
      <object_component id="oc-5c">
         <name>.debug_info</name>
         <load_address>0xfcb</load_address>
         <run_address>0xfcb</run_address>
         <size>0x128</size>
         <input_file_ref idref="fl-7"/>
      </object_component>
      <object_component id="oc-60">
         <name>.debug_info</name>
         <load_address>0x10f3</load_address>
         <run_address>0x10f3</run_address>
         <size>0x1ad77</size>
         <input_file_ref idref="fl-8"/>
      </object_component>
      <object_component id="oc-9c">
         <name>.debug_info</name>
         <load_address>0x1be6a</load_address>
         <run_address>0x1be6a</run_address>
         <size>0xf3</size>
         <input_file_ref idref="fl-9"/>
      </object_component>
      <object_component id="oc-a0">
         <name>.debug_info</name>
         <load_address>0x1bf5d</load_address>
         <run_address>0x1bf5d</run_address>
         <size>0x5a05</size>
         <input_file_ref idref="fl-a"/>
      </object_component>
      <object_component id="oc-a6">
         <name>.debug_info</name>
         <load_address>0x21962</load_address>
         <run_address>0x21962</run_address>
         <size>0xbd2d</size>
         <input_file_ref idref="fl-b"/>
      </object_component>
      <object_component id="oc-af">
         <name>.debug_info</name>
         <load_address>0x2d68f</load_address>
         <run_address>0x2d68f</run_address>
         <size>0x9c5</size>
         <input_file_ref idref="fl-c"/>
      </object_component>
      <object_component id="oc-b7">
         <name>.debug_info</name>
         <load_address>0x2e054</load_address>
         <run_address>0x2e054</run_address>
         <size>0x16b</size>
         <input_file_ref idref="fl-10"/>
      </object_component>
      <object_component id="oc-bb">
         <name>.debug_info</name>
         <load_address>0x2e1bf</load_address>
         <run_address>0x2e1bf</run_address>
         <size>0x5c1</size>
         <input_file_ref idref="fl-13"/>
      </object_component>
      <object_component id="oc-c0">
         <name>.debug_info</name>
         <load_address>0x2e780</load_address>
         <run_address>0x2e780</run_address>
         <size>0x5ab</size>
         <input_file_ref idref="fl-14"/>
      </object_component>
      <object_component id="oc-c7">
         <name>.debug_info</name>
         <load_address>0x2ed2b</load_address>
         <run_address>0x2ed2b</run_address>
         <size>0x46f</size>
         <input_file_ref idref="fl-15"/>
      </object_component>
      <object_component id="oc-cc">
         <name>.debug_info</name>
         <load_address>0x2f19a</load_address>
         <run_address>0x2f19a</run_address>
         <size>0x3e2</size>
         <input_file_ref idref="fl-16"/>
      </object_component>
      <object_component id="oc-d1">
         <name>.debug_info</name>
         <load_address>0x2f57c</load_address>
         <run_address>0x2f57c</run_address>
         <size>0x3df</size>
         <input_file_ref idref="fl-17"/>
      </object_component>
      <object_component id="oc-d6">
         <name>.debug_info</name>
         <load_address>0x2f95b</load_address>
         <run_address>0x2f95b</run_address>
         <size>0x501</size>
         <input_file_ref idref="fl-18"/>
      </object_component>
      <object_component id="oc-db">
         <name>.debug_info</name>
         <load_address>0x2fe5c</load_address>
         <run_address>0x2fe5c</run_address>
         <size>0x4ce</size>
         <input_file_ref idref="fl-19"/>
      </object_component>
      <object_component id="oc-e1">
         <name>.debug_info</name>
         <load_address>0x3032a</load_address>
         <run_address>0x3032a</run_address>
         <size>0x142</size>
         <input_file_ref idref="fl-1a"/>
      </object_component>
      <object_component id="oc-e5">
         <name>.debug_info</name>
         <load_address>0x3046c</load_address>
         <run_address>0x3046c</run_address>
         <size>0x142</size>
         <input_file_ref idref="fl-1b"/>
      </object_component>
      <object_component id="oc-e9">
         <name>.debug_info</name>
         <load_address>0x305ae</load_address>
         <run_address>0x305ae</run_address>
         <size>0x142</size>
         <input_file_ref idref="fl-1c"/>
      </object_component>
      <object_component id="oc-ed">
         <name>.debug_info</name>
         <load_address>0x306f0</load_address>
         <run_address>0x306f0</run_address>
         <size>0x645</size>
         <input_file_ref idref="fl-1e"/>
      </object_component>
      <object_component id="oc-f3">
         <name>.debug_info</name>
         <load_address>0x30d35</load_address>
         <run_address>0x30d35</run_address>
         <size>0x1bb</size>
         <input_file_ref idref="fl-1f"/>
      </object_component>
      <object_component id="oc-f7">
         <name>.debug_info</name>
         <load_address>0x30ef0</load_address>
         <run_address>0x30ef0</run_address>
         <size>0x709</size>
         <input_file_ref idref="fl-20"/>
      </object_component>
      <object_component id="oc-fc">
         <name>.debug_info</name>
         <load_address>0x315f9</load_address>
         <run_address>0x315f9</run_address>
         <size>0x4b9</size>
         <input_file_ref idref="fl-21"/>
      </object_component>
      <object_component id="oc-102">
         <name>.debug_info</name>
         <load_address>0x31ab2</load_address>
         <run_address>0x31ab2</run_address>
         <size>0x2575</size>
         <input_file_ref idref="fl-22"/>
      </object_component>
      <object_component id="oc-109">
         <name>.debug_info</name>
         <load_address>0x34027</load_address>
         <run_address>0x34027</run_address>
         <size>0x454</size>
         <input_file_ref idref="fl-23"/>
      </object_component>
      <object_component id="oc-10e">
         <name>.debug_info</name>
         <load_address>0x3447b</load_address>
         <run_address>0x3447b</run_address>
         <size>0x1dc</size>
         <input_file_ref idref="fl-24"/>
      </object_component>
      <object_component id="oc-110">
         <name>.debug_info</name>
         <load_address>0x34657</load_address>
         <run_address>0x34657</run_address>
         <size>0x2cf</size>
         <input_file_ref idref="fl-25"/>
      </object_component>
      <object_component id="oc-115">
         <name>.debug_info</name>
         <load_address>0x34926</load_address>
         <run_address>0x34926</run_address>
         <size>0x118</size>
         <input_file_ref idref="fl-26"/>
      </object_component>
      <object_component id="oc-11a">
         <name>.debug_info</name>
         <load_address>0x34a3e</load_address>
         <run_address>0x34a3e</run_address>
         <size>0x10c</size>
         <input_file_ref idref="fl-27"/>
      </object_component>
      <object_component id="oc-11f">
         <name>.debug_info</name>
         <load_address>0x34b4a</load_address>
         <run_address>0x34b4a</run_address>
         <size>0x10c</size>
         <input_file_ref idref="fl-28"/>
      </object_component>
      <object_component id="oc-124">
         <name>.debug_info</name>
         <load_address>0x34c56</load_address>
         <run_address>0x34c56</run_address>
         <size>0x10c</size>
         <input_file_ref idref="fl-29"/>
      </object_component>
      <object_component id="oc-129">
         <name>.debug_info</name>
         <load_address>0x34d62</load_address>
         <run_address>0x34d62</run_address>
         <size>0x11a</size>
         <input_file_ref idref="fl-2a"/>
      </object_component>
      <object_component id="oc-12e">
         <name>.debug_info</name>
         <load_address>0x34e7c</load_address>
         <run_address>0x34e7c</run_address>
         <size>0x10c</size>
         <input_file_ref idref="fl-2b"/>
      </object_component>
      <object_component id="oc-133">
         <name>.debug_info</name>
         <load_address>0x34f88</load_address>
         <run_address>0x34f88</run_address>
         <size>0x10c</size>
         <input_file_ref idref="fl-2c"/>
      </object_component>
      <object_component id="oc-137">
         <name>.debug_info</name>
         <load_address>0x35094</load_address>
         <run_address>0x35094</run_address>
         <size>0x66e</size>
         <input_file_ref idref="fl-2d"/>
      </object_component>
      <object_component id="oc-13c">
         <name>.debug_info</name>
         <load_address>0x35702</load_address>
         <run_address>0x35702</run_address>
         <size>0x847</size>
         <input_file_ref idref="fl-2e"/>
      </object_component>
      <object_component id="oc-143">
         <name>.debug_info</name>
         <load_address>0x35f49</load_address>
         <run_address>0x35f49</run_address>
         <size>0x112</size>
         <input_file_ref idref="fl-2f"/>
      </object_component>
      <object_component id="oc-148">
         <name>.debug_info</name>
         <load_address>0x3605b</load_address>
         <run_address>0x3605b</run_address>
         <size>0x110</size>
         <input_file_ref idref="fl-30"/>
      </object_component>
      <object_component id="oc-14d">
         <name>.debug_info</name>
         <load_address>0x3616b</load_address>
         <run_address>0x3616b</run_address>
         <size>0x110</size>
         <input_file_ref idref="fl-31"/>
      </object_component>
      <object_component id="oc-152">
         <name>.debug_info</name>
         <load_address>0x3627b</load_address>
         <run_address>0x3627b</run_address>
         <size>0x16e</size>
         <input_file_ref idref="fl-32"/>
      </object_component>
      <object_component id="oc-157">
         <name>.debug_info</name>
         <load_address>0x363e9</load_address>
         <run_address>0x363e9</run_address>
         <size>0x146</size>
         <input_file_ref idref="fl-33"/>
      </object_component>
      <object_component id="oc-15c">
         <name>.debug_info</name>
         <load_address>0x3652f</load_address>
         <run_address>0x3652f</run_address>
         <size>0x229</size>
         <input_file_ref idref="fl-34"/>
      </object_component>
      <object_component id="oc-160">
         <name>.debug_info</name>
         <load_address>0x36758</load_address>
         <run_address>0x36758</run_address>
         <size>0x4ee</size>
         <input_file_ref idref="fl-35"/>
      </object_component>
      <object_component id="oc-165">
         <name>.debug_info</name>
         <load_address>0x36c46</load_address>
         <run_address>0x36c46</run_address>
         <size>0x46d</size>
         <input_file_ref idref="fl-36"/>
      </object_component>
      <object_component id="oc-16a">
         <name>.debug_info</name>
         <load_address>0x370b3</load_address>
         <run_address>0x370b3</run_address>
         <size>0x4fb</size>
         <input_file_ref idref="fl-37"/>
      </object_component>
      <object_component id="oc-16f">
         <name>.debug_info</name>
         <load_address>0x375ae</load_address>
         <run_address>0x375ae</run_address>
         <size>0x527</size>
         <input_file_ref idref="fl-38"/>
      </object_component>
      <object_component id="oc-174">
         <name>.debug_info</name>
         <load_address>0x37ad5</load_address>
         <run_address>0x37ad5</run_address>
         <size>0x537</size>
         <input_file_ref idref="fl-39"/>
      </object_component>
      <object_component id="oc-17a">
         <name>.debug_info</name>
         <load_address>0x3800c</load_address>
         <run_address>0x3800c</run_address>
         <size>0x5e2</size>
         <input_file_ref idref="fl-3a"/>
      </object_component>
      <object_component id="oc-180">
         <name>.debug_info</name>
         <load_address>0x385ee</load_address>
         <run_address>0x385ee</run_address>
         <size>0x516</size>
         <input_file_ref idref="fl-3b"/>
      </object_component>
      <object_component id="oc-185">
         <name>.debug_info</name>
         <load_address>0x38b04</load_address>
         <run_address>0x38b04</run_address>
         <size>0x4f0</size>
         <input_file_ref idref="fl-3c"/>
      </object_component>
      <object_component id="oc-18a">
         <name>.debug_info</name>
         <load_address>0x38ff4</load_address>
         <run_address>0x38ff4</run_address>
         <size>0x4cf</size>
         <input_file_ref idref="fl-3d"/>
      </object_component>
      <object_component id="oc-18f">
         <name>.debug_info</name>
         <load_address>0x394c3</load_address>
         <run_address>0x394c3</run_address>
         <size>0x7e0</size>
         <input_file_ref idref="fl-3e"/>
      </object_component>
      <object_component id="oc-196">
         <name>.debug_info</name>
         <load_address>0x39ca3</load_address>
         <run_address>0x39ca3</run_address>
         <size>0x5d9</size>
         <input_file_ref idref="fl-3f"/>
      </object_component>
      <object_component id="oc-19c">
         <name>.debug_info</name>
         <load_address>0x3a27c</load_address>
         <run_address>0x3a27c</run_address>
         <size>0x10c</size>
         <input_file_ref idref="fl-40"/>
      </object_component>
      <object_component id="oc-1a0">
         <name>.debug_info</name>
         <load_address>0x3a388</load_address>
         <run_address>0x3a388</run_address>
         <size>0x658</size>
         <input_file_ref idref="fl-41"/>
      </object_component>
      <object_component id="oc-1a5">
         <name>.debug_info</name>
         <load_address>0x3a9e0</load_address>
         <run_address>0x3a9e0</run_address>
         <size>0x5c3</size>
         <input_file_ref idref="fl-42"/>
      </object_component>
      <object_component id="oc-1aa">
         <name>.debug_info</name>
         <load_address>0x3afa3</load_address>
         <run_address>0x3afa3</run_address>
         <size>0x563</size>
         <input_file_ref idref="fl-43"/>
      </object_component>
      <object_component id="oc-1af">
         <name>.debug_info</name>
         <load_address>0x3b506</load_address>
         <run_address>0x3b506</run_address>
         <size>0x5bb</size>
         <input_file_ref idref="fl-44"/>
      </object_component>
      <object_component id="oc-1b4">
         <name>.debug_info</name>
         <load_address>0x3bac1</load_address>
         <run_address>0x3bac1</run_address>
         <size>0x600</size>
         <input_file_ref idref="fl-45"/>
      </object_component>
      <object_component id="oc-1ba">
         <name>.debug_info</name>
         <load_address>0x3c0c1</load_address>
[...]
         <name>_CpuTimer2</name>
         <value>0x9a30</value>
         <object_component_ref idref="oc-b0"/>
      </symbol>
      <symbol id="sm-28e">
         <name>_CpuTimer0</name>
         <value>0x9a38</value>
         <object_component_ref idref="oc-b0"/>
      </symbol>
      <symbol id="sm-28f">
         <name>_CpuTimer1</name>
         <value>0x9a28</value>
         <object_component_ref idref="oc-b0"/>
      </symbol>
      <symbol id="sm-290">
         <name>_InitCpuTimers</name>
         <value>0x118bf</value>
         <object_component_ref idref="oc-23b"/>
      </symbol>
      <symbol id="sm-291">
         <name>_ConfigCpuTimer</name>
         <value>0x118fa</value>
         <object_component_ref idref="oc-23b"/>
      </symbol>
      <symbol id="sm-2ac">
         <name>_c_int00</name>
         <value>0x11c69</value>
         <object_component_ref idref="oc-4e"/>
      </symbol>
      <symbol id="sm-2ad">
         <name>__stack</name>
         <value>0xa820</value>
         <object_component_ref idref="oc-b5"/>
      </symbol>
      <symbol id="sm-2bc">
         <name>_copy_in</name>
         <value>0x120b1</value>
         <object_component_ref idref="oc-222"/>
      </symbol>
      <symbol id="sm-2d0">
         <name>C$$EXIT</name>
         <value>0x1205f</value>
         <object_component_ref idref="oc-225"/>
      </symbol>
      <symbol id="sm-2d1">
         <name>_exit</name>
         <value>0x12061</value>
         <object_component_ref idref="oc-225"/>
      </symbol>
      <symbol id="sm-2d2">
         <name>___TI_cleanup_ptr</name>
         <value>0x9bb2</value>
         <object_component_ref idref="oc-c2"/>
      </symbol>
      <symbol id="sm-2d3">
         <name>___TI_enable_exit_profile_output</name>
         <value>0x9bb0</value>
         <object_component_ref idref="oc-c2"/>
      </symbol>
      <symbol id="sm-2d4">
         <name>_abort</name>
         <value>0x1205f</value>
         <object_component_ref idref="oc-225"/>
      </symbol>
      <symbol id="sm-2d5">
         <name>___TI_dtors_ptr</name>
         <value>0x9bb4</value>
         <object_component_ref idref="oc-c2"/>
      </symbol>
      <symbol id="sm-2e6">
         <name>_memcpy</name>
         <value>0x1217b</value>
         <object_component_ref idref="oc-22e"/>
      </symbol>
      <symbol id="sm-2f2">
         <name>__system_pre_init</name>
         <value>0x12321</value>
         <object_component_ref idref="oc-221"/>
      </symbol>
      <symbol id="sm-2fe">
         <name>__system_post_cinit</name>
         <value>0x12323</value>
         <object_component_ref idref="oc-223"/>
      </symbol>
      <symbol id="sm-312">
         <name>__unlock</name>
         <value>0x9bb8</value>
         <object_component_ref idref="oc-234"/>
      </symbol>
      <symbol id="sm-313">
         <name>__lock</name>
         <value>0x9bb6</value>
         <object_component_ref idref="oc-230"/>
      </symbol>
      <symbol id="sm-314">
         <name>__register_lock</name>
         <value>0x122fb</value>
         <object_component_ref idref="oc-23f"/>
      </symbol>
      <symbol id="sm-315">
         <name>__nop</name>
         <value>0x122ff</value>
         <object_component_ref idref="oc-23f"/>
      </symbol>
      <symbol id="sm-316">
         <name>__register_unlock</name>
         <value>0x122f7</value>
         <object_component_ref idref="oc-23f"/>
      </symbol>
      <symbol id="sm-325">
         <name>__args_main</name>
         <value>0x1220c</value>
         <object_component_ref idref="oc-224"/>
      </symbol>
      <symbol id="sm-32d">
         <name>_sin</name>
         <value>0x11f45</value>
         <object_component_ref idref="oc-e0"/>
      </symbol>
      <symbol id="sm-335">
         <name>FS$$DIV</name>
         <value>0x12257</value>
         <object_component_ref idref="oc-e4"/>
      </symbol>
      <symbol id="sm-33d">
         <name>_cos</name>
         <value>0x11f11</value>
         <object_component_ref idref="oc-e8"/>
      </symbol>
      <symbol id="sm-345">
         <name>_FPUcosTableEnd</name>
         <value>0x3fdd62</value>
         <object_component_ref idref="oc-ec"/>
      </symbol>
      <symbol id="sm-346">
         <name>_FPUatan2TableEnd</name>
         <value>0x3fdeec</value>
         <object_component_ref idref="oc-ec"/>
      </symbol>
      <symbol id="sm-347">
         <name>_FPUatan2Table</name>
         <value>0x3fdd66</value>
         <object_component_ref idref="oc-ec"/>
      </symbol>
      <symbol id="sm-348">
         <name>_FPUsinTable</name>
         <value>0x3fd860</value>
         <object_component_ref idref="oc-ec"/>
      </symbol>
      <symbol id="sm-349">
         <name>_FPUcosTable</name>
         <value>0x3fd960</value>
         <object_component_ref idref="oc-ec"/>
      </symbol>
      <symbol id="sm-34a">
         <name>_FPUatan2HalfPITable</name>
         <value>0x3fdd62</value>
         <object_component_ref idref="oc-ec"/>
      </symbol>
      <symbol id="sm-34b">
         <name>_FPUsinTableEnd</name>
         <value>0x3fdc60</value>
         <object_component_ref idref="oc-ec"/>
      </symbol>
      <symbol id="sm-379">
         <name>_exp</name>
         <value>0x1117c</value>
         <object_component_ref idref="oc-23e"/>
      </symbol>
      <symbol id="sm-37a">
         <name>_expf</name>
         <value>0x1117c</value>
         <object_component_ref idref="oc-23e"/>
      </symbol>
      <symbol id="sm-384">
         <name>_errno</name>
         <value>0x9bba</value>
         <object_component_ref idref="oc-f5"/>
      </symbol>
      <symbol id="sm-394">
         <name>_printf</name>
         <value>0x11ee3</value>
         <object_component_ref idref="oc-226"/>
      </symbol>
      <symbol id="sm-3aa">
         <name>_floorf</name>
         <value>0x11c12</value>
         <object_component_ref idref="oc-23d"/>
      </symbol>
      <symbol id="sm-3ab">
         <name>_floor</name>
         <value>0x11c12</value>
         <object_component_ref idref="oc-23d"/>
      </symbol>
      <symbol id="sm-4d6">
         <name>___TI_printfi</name>
         <value>0x10793</value>
         <object_component_ref idref="oc-236"/>
      </symbol>
      <symbol id="sm-4ea">
         <name>_atoi</name>
         <value>0x11fac</value>
         <object_component_ref idref="oc-244"/>
      </symbol>
      <symbol id="sm-4f2">
         <name>__ctypes_</name>
         <value>0x9f68</value>
         <object_component_ref idref="oc-250"/>
      </symbol>
      <symbol id="sm-4fd">
         <name>___TI_ft_end</name>
         <value>0x9a40</value>
         <object_component_ref idref="oc-112"/>
      </symbol>
      <symbol id="sm-4fe">
         <name>___TI_tmpnams</name>
         <value>0x9b00</value>
         <object_component_ref idref="oc-112"/>
      </symbol>
      <symbol id="sm-4ff">
         <name>__ftable</name>
         <value>0x9a80</value>
         <object_component_ref idref="oc-112"/>
      </symbol>
      <symbol id="sm-50f">
         <name>FD$$CMP</name>
         <value>0x1200b</value>
         <object_component_ref idref="oc-114"/>
      </symbol>
      <symbol id="sm-526">
         <name>FD$$DIV</name>
         <value>0x11728</value>
         <object_component_ref idref="oc-119"/>
      </symbol>
      <symbol id="sm-538">
         <name>FD$$MPY</name>
         <value>0x1183c</value>
         <object_component_ref idref="oc-11e"/>
      </symbol>
      <symbol id="sm-545">
         <name>FD$$NEG</name>
         <value>0x12300</value>
         <object_component_ref idref="oc-123"/>
      </symbol>
      <symbol id="sm-551">
         <name>FD$$SUB</name>
         <value>0x122b0</value>
         <object_component_ref idref="oc-128"/>
      </symbol>
      <symbol id="sm-560">
         <name>FD$$TOI</name>
         <value>0x1211d</value>
         <object_component_ref idref="oc-12d"/>
      </symbol>
      <symbol id="sm-56f">
         <name>FD$$TOL</name>
         <value>0x1213e</value>
         <object_component_ref idref="oc-132"/>
      </symbol>
      <symbol id="sm-582">
         <name>_putchar</name>
         <value>0x11d0d</value>
         <object_component_ref idref="oc-232"/>
      </symbol>
      <symbol id="sm-583">
         <name>_putc</name>
         <value>0x11cbf</value>
         <object_component_ref idref="oc-232"/>
      </symbol>
      <symbol id="sm-584">
         <name>_fputc</name>
         <value>0x11cbf</value>
         <object_component_ref idref="oc-232"/>
      </symbol>
      <symbol id="sm-5a1">
         <name>_puts</name>
         <value>0x115e5</value>
         <object_component_ref idref="oc-233"/>
      </symbol>
      <symbol id="sm-5a2">
         <name>_fputs</name>
         <value>0x11548</value>
         <object_component_ref idref="oc-233"/>
      </symbol>
      <symbol id="sm-5b2">
         <name>FS$$TOFD</name>
         <value>0x121d4</value>
         <object_component_ref idref="oc-142"/>
      </symbol>
      <symbol id="sm-5c2">
         <name>I$$TOFD</name>
         <value>0x121b7</value>
         <object_component_ref idref="oc-147"/>
      </symbol>
      <symbol id="sm-5d2">
         <name>L$$TOFD</name>
         <value>0x121f0</value>
         <object_component_ref idref="oc-14c"/>
      </symbol>
      <symbol id="sm-5de">
         <name>LL$$AND</name>
         <value>0x12270</value>
         <object_component_ref idref="oc-151"/>
      </symbol>
      <symbol id="sm-5df">
         <name>LL$$OR</name>
         <value>0x12278</value>
         <object_component_ref idref="oc-151"/>
      </symbol>
      <symbol id="sm-5e0">
         <name>LL$$XOR</name>
         <value>0x12280</value>
         <object_component_ref idref="oc-151"/>
      </symbol>
      <symbol id="sm-5ee">
         <name>ULL$$CMP</name>
         <value>0x1216f</value>
         <object_component_ref idref="oc-156"/>
      </symbol>
      <symbol id="sm-5ef">
         <name>LL$$CMP</name>
         <value>0x1215d</value>
         <object_component_ref idref="oc-156"/>
      </symbol>
      <symbol id="sm-61b">
         <name>ULL$$MOD</name>
         <value>0x11331</value>
         <object_component_ref idref="oc-15b"/>
      </symbol>
      <symbol id="sm-61c">
         <name>ULL$$DIV</name>
         <value>0x11302</value>
         <object_component_ref idref="oc-15b"/>
      </symbol>
      <symbol id="sm-61d">
         <name>LL$$MOD</name>
         <value>0x112c8</value>
         <object_component_ref idref="oc-15b"/>
      </symbol>
      <symbol id="sm-61e">
         <name>LL$$DIV</name>
         <value>0x1128c</value>
         <object_component_ref idref="oc-15b"/>
      </symbol>
      <symbol id="sm-62c">
         <name>_ltoa</name>
         <value>0x11fdd</value>
         <object_component_ref idref="oc-245"/>
      </symbol>
      <symbol id="sm-63b">
         <name>_memccpy</name>
         <value>0x122be</value>
         <object_component_ref idref="oc-24a"/>
      </symbol>
      <symbol id="sm-64a">
         <name>_memchr</name>
         <value>0x122a0</value>
         <object_component_ref idref="oc-243"/>
      </symbol>
      <symbol id="sm-658">
         <name>_memset</name>
         <value>0x122cb</value>
         <object_component_ref idref="oc-249"/>
      </symbol>
      <symbol id="sm-66b">
         <name>_frexpl</name>
         <value>0x11bb8</value>
         <object_component_ref idref="oc-246"/>
      </symbol>
      <symbol id="sm-688">
         <name>_scalbnl</name>
         <value>0x1148c</value>
         <object_component_ref idref="oc-247"/>
      </symbol>
      <symbol id="sm-689">
         <name>_ldexpl</name>
         <value>0x1148c</value>
         <object_component_ref idref="oc-247"/>
      </symbol>
      <symbol id="sm-698">
         <name>_strchr</name>
         <value>0x122d7</value>
         <object_component_ref idref="oc-248"/>
      </symbol>
      <symbol id="sm-6a5">
         <name>_strcpy</name>
         <value>0x12319</value>
         <object_component_ref idref="oc-239"/>
      </symbol>
      <symbol id="sm-6b2">
         <name>_strlen</name>
         <value>0x12311</value>
         <object_component_ref idref="oc-237"/>
      </symbol>
      <symbol id="sm-6c5">
         <name>__device</name>
         <value>0x9c00</value>
         <object_component_ref idref="oc-191"/>
      </symbol>
      <symbol id="sm-6c6">
         <name>__stream</name>
         <value>0x9bc0</value>
         <object_component_ref idref="oc-191"/>
      </symbol>
      <symbol id="sm-6c7">
         <name>_write</name>
         <value>0x1223e</value>
         <object_component_ref idref="oc-242"/>
      </symbol>
      <symbol id="sm-6de">
         <name>___TI_rd_ok</name>
         <value>0x11acc</value>
         <object_component_ref idref="oc-240"/>
      </symbol>
      <symbol id="sm-6df">
         <name>___TI_wrt_ok</name>
         <value>0x11a91</value>
         <object_component_ref idref="oc-240"/>
      </symbol>
      <symbol id="sm-6fa">
         <name>FD$$ADD</name>
         <value>0x115f8</value>
         <object_component_ref idref="oc-19b"/>
      </symbol>
      <symbol id="sm-710">
         <name>___TI_doflush</name>
         <value>0x1193b</value>
         <object_component_ref idref="oc-241"/>
      </symbol>
      <symbol id="sm-711">
         <name>_fflush</name>
         <value>0x1196a</value>
         <object_component_ref idref="oc-241"/>
      </symbol>
      <symbol id="sm-721">
         <name>_fseek</name>
         <value>0x11e68</value>
         <object_component_ref idref="oc-24e"/>
      </symbol>
      <symbol id="sm-72d">
         <name>_HOSTclose</name>
         <value>0x12088</value>
         <object_component_ref idref="oc-228"/>
      </symbol>
      <symbol id="sm-739">
         <name>_HOSTlseek</name>
         <value>0x11af8</value>
         <object_component_ref idref="oc-22b"/>
      </symbol>
      <symbol id="sm-748">
         <name>_parmbuf</name>
         <value>0x9ba0</value>
         <object_component_ref idref="oc-1b5"/>
      </symbol>
      <symbol id="sm-749">
         <name>_HOSTopen</name>
         <value>0x11dab</value>
         <object_component_ref idref="oc-227"/>
      </symbol>
      <symbol id="sm-756">
         <name>_HOSTread</name>
         <value>0x11deb</value>
         <object_component_ref idref="oc-229"/>
      </symbol>
      <symbol id="sm-762">
         <name>_HOSTrename</name>
         <value>0x11e2a</value>
         <object_component_ref idref="oc-22d"/>
      </symbol>
      <symbol id="sm-76e">
         <name>_HOSTunlink</name>
         <value>0x120d5</value>
         <object_component_ref idref="oc-22c"/>
      </symbol>
      <symbol id="sm-77b">
         <name>_HOSTwrite</name>
         <value>0x11ea5</value>
         <object_component_ref idref="oc-22a"/>
      </symbol>
      <symbol id="sm-787">
         <name>UL$$MOD</name>
         <value>0x12059</value>
         <object_component_ref idref="oc-1ce"/>
      </symbol>
      <symbol id="sm-788">
         <name>L$$MOD</name>
         <value>0x12044</value>
         <object_component_ref idref="oc-1ce"/>
      </symbol>
      <symbol id="sm-789">
         <name>L$$DIV</name>
         <value>0x12035</value>
         <object_component_ref idref="oc-1ce"/>
      </symbol>
      <symbol id="sm-78a">
         <name>UL$$DIV</name>
         <value>0x12052</value>
         <object_component_ref idref="oc-1ce"/>
      </symbol>
      <symbol id="sm-797">
         <name>_lseek</name>
         <value>0x12288</value>
         <object_component_ref idref="oc-252"/>
      </symbol>
      <symbol id="sm-7a4">
         <name>_copysignl</name>
         <value>0x120f9</value>
         <object_component_ref idref="oc-251"/>
      </symbol>
      <symbol id="sm-7ba">
         <name>_setvbuf</name>
         <value>0x117b3</value>
         <object_component_ref idref="oc-24f"/>
      </symbol>
      <symbol id="sm-7d3">
         <name>___TI_readmsg</name>
         <value>0x116ec</value>
         <object_component_ref idref="oc-238"/>
      </symbol>
      <symbol id="sm-7d4">
         <name>C$$IO$$</name>
         <value>0x116e7</value>
         <object_component_ref idref="oc-238"/>
      </symbol>
      <symbol id="sm-7d5">
         <name>__CIOBUF_</name>
         <value>0x480</value>
         <object_component_ref idref="oc-1e3"/>
      </symbol>
      <symbol id="sm-7d6">
         <name>___TI_writemsg</name>
         <value>0x11694</value>
         <object_component_ref idref="oc-238"/>
      </symbol>
      <symbol id="sm-80b">
         <name>_fopen</name>
         <value>0x11446</value>
         <object_component_ref idref="oc-254"/>
      </symbol>
      <symbol id="sm-80c">
         <name>___TI_cleanup</name>
         <value>0x1140b</value>
         <object_component_ref idref="oc-254"/>
      </symbol>
      <symbol id="sm-80d">
         <name>_freopen</name>
         <value>0x11428</value>
         <object_component_ref idref="oc-254"/>
      </symbol>
      <symbol id="sm-854">
         <name>__sys_memory</name>
         <value>0xeb40</value>
         <object_component_ref idref="oc-1f1"/>
      </symbol>
      <symbol id="sm-855">
         <name>_chkheap</name>
         <value>0x11163</value>
         <object_component_ref idref="oc-253"/>
      </symbol>
      <symbol id="sm-856">
         <name>_realloc</name>
         <value>0x11071</value>
         <object_component_ref idref="oc-253"/>
      </symbol>
      <symbol id="sm-857">
         <name>_free_memory</name>
         <value>0x11145</value>
         <object_component_ref idref="oc-253"/>
      </symbol>
      <symbol id="sm-858">
         <name>_max_free</name>
         <value>0x11123</value>
         <object_component_ref idref="oc-253"/>
      </symbol>
      <symbol id="sm-859">
         <name>_free</name>
         <value>0x10faa</value>
         <object_component_ref idref="oc-253"/>
      </symbol>
      <symbol id="sm-85a">
         <name>_calloc</name>
         <value>0x11165</value>
         <object_component_ref idref="oc-253"/>
      </symbol>
      <symbol id="sm-85b">
         <name>_malloc</name>
         <value>0x11013</value>
         <object_component_ref idref="oc-253"/>
      </symbol>
      <symbol id="sm-85c">
         <name>_minit</name>
         <value>0x10fee</value>
         <object_component_ref idref="oc-253"/>
      </symbol>
      <symbol id="sm-877">
         <name>_open</name>
         <value>0x11a20</value>
         <object_component_ref idref="oc-255"/>
      </symbol>
      <symbol id="sm-888">
         <name>___TI_closefile</name>
         <value>0x11b59</value>
         <object_component_ref idref="oc-256"/>
      </symbol>
      <symbol id="sm-889">
         <name>_fclose</name>
         <value>0x11b9d</value>
         <object_component_ref idref="oc-256"/>
      </symbol>
      <symbol id="sm-89b">
         <name>_finddevice</name>
         <value>0x11d12</value>
         <object_component_ref idref="oc-257"/>
      </symbol>
      <symbol id="sm-89c">
         <name>_getdevice</name>
         <value>0x11d2e</value>
         <object_component_ref idref="oc-257"/>
      </symbol>
      <symbol id="sm-8a8">
         <name>_remove</name>
         <value>0x1231e</value>
         <object_component_ref idref="oc-259"/>
      </symbol>
      <symbol id="sm-8b6">
         <name>_strcmp</name>
         <value>0x122ed</value>
         <object_component_ref idref="oc-25a"/>
      </symbol>
      <symbol id="sm-8c6">
         <name>_strncpy</name>
         <value>0x12199</value>
         <object_component_ref idref="oc-25b"/>
      </symbol>
      <symbol id="sm-8d2">
         <name>_unlink</name>
         <value>0x12225</value>
         <object_component_ref idref="oc-25c"/>
      </symbol>
      <symbol id="sm-8e2">
         <name>_close</name>
         <value>0x11f79</value>
         <object_component_ref idref="oc-258"/>
      </symbol>
   </symbol_table>
   <title>Link successful</title>
</link_info>
