******************************************************************************
             TMS320C2000 Linker PC v16.9.6                     
******************************************************************************
>> Linked Wed Jan 24 11:39:45 2018

OUTPUT FILE NAME:   <PM_Sensorless_DRV8301_F2803x.out>
ENTRY POINT SYMBOL: "_c_int00"  address: 00008e9c


MEMORY CONFIGURATION

         name            origin    length      used     unused   attr    fill
----------------------  --------  ---------  --------  --------  ----  --------
PAGE 0:
  BEGIN                 00000000   00000002  00000000  00000002  RWIX
  BOOT_RSVD             00000002   0000004e  00000000  0000004e  RWIX
  RAMM0                 00000050   000003b0  00000235  0000017b  RWIX
  progRAM               00008000   00001800  000010e6  0000071a  RWIX
  IQTABLES              003fe000   00000b50  00000b50  00000000  RWIX
  IQTABLES2             003feb50   0000008c  00000000  0000008c  RWIX
  IQTABLES3             003febdc   000000aa  00000000  000000aa  RWIX
  BOOTROM               003ff27c   00000d44  00000000  00000d44  RWIX
  RESET                 003fffc0   00000002  00000000  00000002  RWIX

PAGE 1:
  RAMM1                 00000480   00000380  00000380  00000000  RWIX
  DEV_EMU               00000880   00000105  00000004  00000101  RWIX
  SYS_PWR_CTL           00000985   00000003  00000003  00000000  RWIX
  FLASH_REGS            00000a80   00000060  00000008  00000058  RWIX
  CSM                   00000ae0   00000010  00000010  00000000  RWIX
  ADC_RESULT            00000b00   00000020  00000020  00000000  RWIX
  CPU_TIMER0            00000c00   00000008  00000008  00000000  RWIX
  CPU_TIMER1            00000c08   00000008  00000008  00000000  RWIX
  CPU_TIMER2            00000c10   00000008  00000008  00000000  RWIX
  PIE_CTRL              00000ce0   00000020  0000001a  00000006  RWIX
  PIE_VECT              00000d00   00000100  00000100  00000000  RWIX
  CLA1                  00001400   00000080  00000040  00000040  RWIX
  CLA_CPU_MSGRAM        00001480   00000080  00000000  00000080  RWIX
  CPU_CLA_MSGRAM        00001500   00000080  00000000  00000080  RWIX
  ECANA                 00006000   00000040  00000034  0000000c  RWIX
  ECANA_LAM             00006040   00000040  00000040  00000000  RWIX
  ECANA_MOTS            00006080   00000040  00000040  00000000  RWIX
  ECANA_MOTO            000060c0   00000040  00000040  00000000  RWIX
  ECANA_MBOX            00006100   00000100  00000100  00000000  RWIX
  COMP1                 00006400   00000020  00000011  0000000f  RWIX
  COMP2                 00006420   00000020  00000011  0000000f  RWIX
  COMP3                 00006440   00000020  00000011  0000000f  RWIX
  EPWM1                 00006800   00000040  00000040  00000000  RWIX
  EPWM2                 00006840   00000040  00000040  00000000  RWIX
  EPWM3                 00006880   00000040  00000040  00000000  RWIX
  EPWM4                 000068c0   00000040  00000040  00000000  RWIX
  EPWM5                 00006900   00000040  00000040  00000000  RWIX
  EPWM6                 00006940   00000040  00000040  00000000  RWIX
  EPWM7                 00006980   00000040  00000040  00000000  RWIX
  ECAP1                 00006a00   00000020  00000020  00000000  RWIX
  EQEP1                 00006b00   00000040  00000040  00000000  RWIX
  LINA                  00006c00   00000080  0000004a  00000036  RWIX
  GPIOCTRL              00006f80   00000040  00000040  00000000  RWIX
  GPIODAT               00006fc0   00000020  00000020  00000000  RWIX
  GPIOINT               00006fe0   00000020  0000000c  00000014  RWIX
  SYSTEM                00007010   00000020  00000020  00000000  RWIX
  SPIA                  00007040   00000010  00000010  00000000  RWIX
  SCIA                  00007050   00000010  00000010  00000000  RWIX
  NMIINTRUPT            00007060   00000010  00000010  00000000  RWIX
  XINTRUPT              00007070   00000010  00000010  00000000  RWIX
  ADC                   00007100   00000080  00000050  00000030  RWIX
  SPIB                  00007740   00000010  00000010  00000000  RWIX
  I2CA                  00007900   00000040  00000022  0000001e  RWIX
  dataRAM               00009800   00000800  00000594  0000026c  RWIX
  PARTID                003d7e80   00000001  00000001  00000000  RWIX
  CSM_PWL               003f7ff8   00000008  00000008  00000000  RWIX


SECTION ALLOCATION MAP

 output                                  attributes/
section   page    origin      length       input sections
--------  ----  ----------  ----------   ----------------
.cinit     0    00000050    00000231     
                  00000050    00000213     PM_Sensorless.obj (.cinit)
                  00000263    0000000e     rts2800_ml.lib : exit.obj (.cinit)
                  00000271    00000005                    : _lock.obj (.cinit:__lock)
                  00000276    00000005                    : _lock.obj (.cinit:__unlock)
                  0000027b    00000004                    : errno.obj (.cinit)
                  0000027f    00000002     --HOLE-- [fill = 0]

ramfuncs   0    00000281    00000004     
                  00000281    00000004     DSP2803x_usDelay.obj (ramfuncs)

.text      0    00008000    00001096     
                  00008000    00000687     PM_Sensorless.obj (.text)
                  00008687    000002bb     PM_Sensorless.obj (.text:retain)
                  00008942    000001c3     PM_Sensorless-DevInit_F2803x.obj (.text)
                  00008b05    0000014e     rts2800_ml.lib : e_expf.obj (.text)
                  00008c53    00000083                    : fd_mpy28.obj (.text)
                  00008cd6    00000083                    : fs_div28.obj (.text)
                  00008d59    00000078                    : fs_add28.obj (.text)
                  00008dd1    00000071     DRV8301_SPI.obj (.text)
                  00008e42    0000005a     rts2800_ml.lib : fs_mpy28.obj (.text)
                  00008e9c    00000054                    : boot28.obj (.text)
                  00008ef0    0000004b     DLOG4CHC.obj (.text)
                  00008f3b    00000029     rts2800_ml.lib : exit.obj (.text)
                  00008f64    00000029                    : fs_tol28.obj (.text)
                  00008f8d    00000024                    : cpy_tbl.obj (.text)
                  00008fb1    0000001f                    : fd_tol28.obj (.text)
                  00008fd0    0000001d                    : fs_tou28.obj (.text)
                  00008fed    0000001d                    : memcpy.obj (.text)
                  0000900a    0000001c                    : fs_tofd28.obj (.text)
                  00009026    0000001a                    : l_tofs28.obj (.text)
                  00009040    00000019                    : args_main.obj (.text)
                  00009059    00000017                    : fs_cmp28.obj (.text)
                  00009070    00000010                    : u_tofs28.obj (.text)
                  00009080    00000009                    : _lock.obj (.text)
                  00009089    00000005     PM_Sensorless-DevInit_F2803x.obj (.text:retain)
                  0000908e    00000005     rts2800_ml.lib : fs_neg28.obj (.text)
                  00009093    00000002                    : pre_init.obj (.text)
                  00009095    00000001                    : startup.obj (.text)

IQmath     0    00009096    00000050     
                  00009096    00000029     IQmath.lib : IQ24sinPU.obj (IQmath)
                  000090bf    00000027                : IQ24cosPU.obj (IQmath)

IQmathTables 
*          0    003fe000    00000b50     NOLOAD SECTION
                  003fe000    00000b50     IQmath.lib : IQmathTables.obj (IQmathTables)

.stack     1    00000480    00000380     UNINITIALIZED
                  00000480    00000380     --HOLE--

DevEmuRegsFile 
*          1    00000880    00000004     UNINITIALIZED
                  00000880    00000004     DSP2803x_GlobalVariableDefs.obj (DevEmuRegsFile)

SysPwrCtrlRegsFile 
*          1    00000985    00000003     UNINITIALIZED
                  00000985    00000003     DSP2803x_GlobalVariableDefs.obj (SysPwrCtrlRegsFile)

FlashRegsFile 
*          1    00000a80    00000008     UNINITIALIZED
                  00000a80    00000008     DSP2803x_GlobalVariableDefs.obj (FlashRegsFile)

CsmRegsFile 
*          1    00000ae0    00000010     UNINITIALIZED
                  00000ae0    00000010     DSP2803x_GlobalVariableDefs.obj (CsmRegsFile)

AdcResultFile 
*          1    00000b00    00000020     UNINITIALIZED
                  00000b00    00000020     DSP2803x_GlobalVariableDefs.obj (AdcResultFile)

CpuTimer0RegsFile 
*          1    00000c00    00000008     UNINITIALIZED
                  00000c00    00000008     DSP2803x_GlobalVariableDefs.obj (CpuTimer0RegsFile)

CpuTimer1RegsFile 
*          1    00000c08    00000008     UNINITIALIZED
                  00000c08    00000008     DSP2803x_GlobalVariableDefs.obj (CpuTimer1RegsFile)

CpuTimer2RegsFile 
*          1    00000c10    00000008     UNINITIALIZED
                  00000c10    00000008     DSP2803x_GlobalVariableDefs.obj (CpuTimer2RegsFile)

PieCtrlRegsFile 
*          1    00000ce0    0000001a     UNINITIALIZED
                  00000ce0    0000001a     DSP2803x_GlobalVariableDefs.obj (PieCtrlRegsFile)

PieVectTableFile 
*          1    00000d00    00000100     UNINITIALIZED
                  00000d00    00000100     DSP2803x_GlobalVariableDefs.obj (PieVectTableFile)

EmuKeyVar 
*          1    00000d00    00000001     UNINITIALIZED
                  00000d00    00000001     DSP2803x_GlobalVariableDefs.obj (EmuKeyVar)

EmuBModeVar 
*          1    00000d01    00000001     UNINITIALIZED
                  00000d01    00000001     DSP2803x_GlobalVariableDefs.obj (EmuBModeVar)

FlashCallbackVar 
*          1    00000d02    00000002     UNINITIALIZED
                  00000d02    00000002     DSP2803x_GlobalVariableDefs.obj (FlashCallbackVar)

FlashScalingVar 
*          1    00000d04    00000002     UNINITIALIZED
                  00000d04    00000002     DSP2803x_GlobalVariableDefs.obj (FlashScalingVar)

Cla1RegsFile 
*          1    00001400    00000040     UNINITIALIZED
                  00001400    00000040     DSP2803x_GlobalVariableDefs.obj (Cla1RegsFile)

ECanaRegsFile 
*          1    00006000    00000034     UNINITIALIZED
                  00006000    00000034     DSP2803x_GlobalVariableDefs.obj (ECanaRegsFile)

ECanaLAMRegsFile 
*          1    00006040    00000040     UNINITIALIZED
                  00006040    00000040     DSP2803x_GlobalVariableDefs.obj (ECanaLAMRegsFile)

ECanaMOTSRegsFile 
*          1    00006080    00000040     UNINITIALIZED
                  00006080    00000040     DSP2803x_GlobalVariableDefs.obj (ECanaMOTSRegsFile)

ECanaMOTORegsFile 
*          1    000060c0    00000040     UNINITIALIZED
                  000060c0    00000040     DSP2803x_GlobalVariableDefs.obj (ECanaMOTORegsFile)

ECanaMboxesFile 
*          1    00006100    00000100     UNINITIALIZED
                  00006100    00000100     DSP2803x_GlobalVariableDefs.obj (ECanaMboxesFile)

Comp1RegsFile 
*          1    00006400    00000011     UNINITIALIZED
                  00006400    00000011     DSP2803x_GlobalVariableDefs.obj (Comp1RegsFile)

Comp2RegsFile 
*          1    00006420    00000011     UNINITIALIZED
                  00006420    00000011     DSP2803x_GlobalVariableDefs.obj (Comp2RegsFile)

Comp3RegsFile 
*          1    00006440    00000011     UNINITIALIZED
                  00006440    00000011     DSP2803x_GlobalVariableDefs.obj (Comp3RegsFile)

EPwm1RegsFile 
*          1    00006800    00000040     UNINITIALIZED
                  00006800    00000040     DSP2803x_GlobalVariableDefs.obj (EPwm1RegsFile)

EPwm2RegsFile 
*          1    00006840    00000040     UNINITIALIZED
                  00006840    00000040     DSP2803x_GlobalVariableDefs.obj (EPwm2RegsFile)

EPwm3RegsFile 
*          1    00006880    00000040     UNINITIALIZED
                  00006880    00000040     DSP2803x_GlobalVariableDefs.obj (EPwm3RegsFile)

EPwm4RegsFile 
*          1    000068c0    00000040     UNINITIALIZED
                  000068c0    00000040     DSP2803x_GlobalVariableDefs.obj (EPwm4RegsFile)

EPwm5RegsFile 
*          1    00006900    00000040     UNINITIALIZED
                  00006900    00000040     DSP2803x_GlobalVariableDefs.obj (EPwm5RegsFile)

EPwm6RegsFile 
*          1    00006940    00000040     UNINITIALIZED
                  00006940    00000040     DSP2803x_GlobalVariableDefs.obj (EPwm6RegsFile)

EPwm7RegsFile 
*          1    00006980    00000040     UNINITIALIZED
                  00006980    00000040     DSP2803x_GlobalVariableDefs.obj (EPwm7RegsFile)

ECap1RegsFile 
*          1    00006a00    00000020     UNINITIALIZED
                  00006a00    00000020     DSP2803x_GlobalVariableDefs.obj (ECap1RegsFile)

EQep1RegsFile 
*          1    00006b00    00000040     UNINITIALIZED
                  00006b00    00000040     DSP2803x_GlobalVariableDefs.obj (EQep1RegsFile)

LinaRegsFile 
*          1    00006c00    0000004a     UNINITIALIZED
                  00006c00    0000004a     DSP2803x_GlobalVariableDefs.obj (LinaRegsFile)

GpioCtrlRegsFile 
*          1    00006f80    00000040     UNINITIALIZED
                  00006f80    00000040     DSP2803x_GlobalVariableDefs.obj (GpioCtrlRegsFile)

GpioDataRegsFile 
*          1    00006fc0    00000020     UNINITIALIZED
                  00006fc0    00000020     DSP2803x_GlobalVariableDefs.obj (GpioDataRegsFile)

GpioIntRegsFile 
*          1    00006fe0    0000000c     UNINITIALIZED
                  00006fe0    0000000c     DSP2803x_GlobalVariableDefs.obj (GpioIntRegsFile)

SysCtrlRegsFile 
*          1    00007010    00000020     UNINITIALIZED
                  00007010    00000020     DSP2803x_GlobalVariableDefs.obj (SysCtrlRegsFile)

SpiaRegsFile 
*          1    00007040    00000010     UNINITIALIZED
                  00007040    00000010     DSP2803x_GlobalVariableDefs.obj (SpiaRegsFile)

SciaRegsFile 
*          1    00007050    00000010     UNINITIALIZED
                  00007050    00000010     DSP2803x_GlobalVariableDefs.obj (SciaRegsFile)

NmiIntruptRegsFile 
*          1    00007060    00000010     UNINITIALIZED
                  00007060    00000010     DSP2803x_GlobalVariableDefs.obj (NmiIntruptRegsFile)

XIntruptRegsFile 
*          1    00007070    00000010     UNINITIALIZED
                  00007070    00000010     DSP2803x_GlobalVariableDefs.obj (XIntruptRegsFile)

AdcRegsFile 
*          1    00007100    00000050     UNINITIALIZED
                  00007100    00000050     DSP2803x_GlobalVariableDefs.obj (AdcRegsFile)

SpibRegsFile 
*          1    00007740    00000010     UNINITIALIZED
                  00007740    00000010     DSP2803x_GlobalVariableDefs.obj (SpibRegsFile)

I2caRegsFile 
*          1    00007900    00000022     UNINITIALIZED
                  00007900    00000022     DSP2803x_GlobalVariableDefs.obj (I2caRegsFile)

.ebss      1    00009b20    00000248     UNINITIALIZED
                  00009b20    00000006     rts2800_ml.lib : exit.obj (.ebss)
                  00009b26    00000002                    : _lock.obj (.ebss:__lock)
                  00009b28    00000002                    : _lock.obj (.ebss:__unlock)
                  00009b2a    00000001                    : errno.obj (.ebss)
                  00009b2b    00000015     --HOLE--
                  00009b40    00000228     PM_Sensorless.obj (.ebss)

.econst    1    00009d68    0000002c     
                  00009d68    00000010     PM_Sensorless.obj (.econst)
                  00009d78    00000010     rts2800_ml.lib : e_expf.obj (.econst)
                  00009d88    00000004                    : e_expf.obj (.econst:_halF)
                  00009d8c    00000004                    : e_expf.obj (.econst:_ln2HI)
                  00009d90    00000004                    : e_expf.obj (.econst:_ln2LO)

PartIdRegsFile 
*          1    003d7e80    00000001     UNINITIALIZED
                  003d7e80    00000001     DSP2803x_GlobalVariableDefs.obj (PartIdRegsFile)

CsmPwlFile 
*          1    003f7ff8    00000008     UNINITIALIZED
                  003f7ff8    00000008     DSP2803x_GlobalVariableDefs.obj (CsmPwlFile)

.pinit     0    00000050    00000000     UNINITIALIZED

.reset     0    003fffc0    00000002     DSECT
                  003fffc0    00000002     rts2800_ml.lib : boot28.obj (.reset)

DLOG       1    00009800    00000320     UNINITIALIZED
                  00009800    00000320     DLOG4CHC.obj (DLOG)

MODULE SUMMARY

       Module                             code   initialized data   uninitialized data
       ------                             ----   ----------------   ------------------
    .\
       PM_Sensorless.obj                  2370   547                552               
       DSP2803x_GlobalVariableDefs.obj    0      0                  1951              
       DLOG4CHC.obj                       75     0                  800               
       PM_Sensorless-DevInit_F2803x.obj   456    0                  0                 
       DRV8301_SPI.obj                    113    0                  0                 
       DSP2803x_usDelay.obj               4      0                  0                 
    +--+----------------------------------+------+------------------+--------------------+
       Total:                             3018   547                3303              
                                                                                      
    ../IQmath.lib
       IQmathTables.obj                   0      2896               0                 
       IQ24sinPU.obj                      0      41                 0                 
       IQ24cosPU.obj                      0      39                 0                 
    +--+----------------------------------+------+------------------+--------------------+
       Total:                             0      2976               0                 
                                                                                      
    C:\Program Files (x86)\Texas Instruments\ccsv7\tools\compiler\ti-cgt-c2000_16.9.6.LTS\lib\rts2800_ml.lib
       e_expf.obj                         334    28                 0                 
       fd_mpy28.obj                       131    0                  0                 
       fs_div28.obj                       131    0                  0                 
       fs_add28.obj                       120    0                  0                 
       fs_mpy28.obj                       90     0                  0                 
       boot28.obj                         84     0                  0                 
       exit.obj                           41     14                 6                 
       fs_tol28.obj                       41     0                  0                 
       cpy_tbl.obj                        36     0                  0                 
       fd_tol28.obj                       31     0                  0                 
       fs_tou28.obj                       29     0                  0                 
       memcpy.obj                         29     0                  0                 
       fs_tofd28.obj                      28     0                  0                 
       l_tofs28.obj                       26     0                  0                 
       args_main.obj                      25     0                  0                 
       _lock.obj                          9      10                 4                 
       fs_cmp28.obj                       23     0                  0                 
       u_tofs28.obj                       16     0                  0                 
       errno.obj                          0      4                  1                 
       fs_neg28.obj                       5      0                  0                 
       pre_init.obj                       2      0                  0                 
       startup.obj                        1      0                  0                 
    +--+----------------------------------+------+------------------+--------------------+
       Total:                             1232   56                 11                
                                                                                      
       Stack:                             0      0                  896               
    +--+----------------------------------+------+------------------+--------------------+
       Grand Total:                       4250   3579               4210              


GLOBAL DATA SYMBOLS: SORTED BY DATA PAGE

address     data page           name
--------    ----------------    ----
00000480      12 (00000480)     __stack

00000880      22 (00000880)     _DevEmuRegs

00000985      26 (00000980)     _SysPwrCtrlRegs

00000a80      2a (00000a80)     _FlashRegs

00000ae0      2b (00000ac0)     _CsmRegs

00000b00      2c (00000b00)     _AdcResult

00000c00      30 (00000c00)     _CpuTimer0Regs
00000c08      30 (00000c00)     _CpuTimer1Regs
00000c10      30 (00000c00)     _CpuTimer2Regs

00000ce0      33 (00000cc0)     _PieCtrlRegs

00000d00      34 (00000d00)     _EmuKey
00000d00      34 (00000d00)     _PieVectTable
00000d01      34 (00000d00)     _EmuBMode
00000d02      34 (00000d00)     _Flash_CallbackPtr
00000d04      34 (00000d00)     _Flash_CPUScaleFactor

00001400      50 (00001400)     _Cla1Regs

00006000     180 (00006000)     _ECanaRegs

00006040     181 (00006040)     _ECanaLAMRegs

00006080     182 (00006080)     _ECanaMOTSRegs

000060c0     183 (000060c0)     _ECanaMOTORegs

00006100     184 (00006100)     _ECanaMboxes

00006400     190 (00006400)     _Comp1Regs
00006420     190 (00006400)     _Comp2Regs

00006440     191 (00006440)     _Comp3Regs

00006800     1a0 (00006800)     _EPwm1Regs

00006840     1a1 (00006840)     _EPwm2Regs

00006880     1a2 (00006880)     _EPwm3Regs

000068c0     1a3 (000068c0)     _EPwm4Regs

00006900     1a4 (00006900)     _EPwm5Regs

00006940     1a5 (00006940)     _EPwm6Regs

00006980     1a6 (00006980)     _EPwm7Regs

00006a00     1a8 (00006a00)     _ECap1Regs

00006b00     1ac (00006b00)     _EQep1Regs

00006c00     1b0 (00006c00)     _LinaRegs

00006f80     1be (00006f80)     _GpioCtrlRegs

00006fc0     1bf (00006fc0)     _GpioDataRegs
00006fe0     1bf (00006fc0)     _GpioIntRegs

00007010     1c0 (00007000)     _SysCtrlRegs

00007040     1c1 (00007040)     _SpiaRegs
00007050     1c1 (00007040)     _SciaRegs
00007060     1c1 (00007040)     _NmiIntruptRegs
00007070     1c1 (00007040)     _XIntruptRegs

00007100     1c4 (00007100)     _AdcRegs

00007740     1dd (00007740)     _SpibRegs

00007900     1e4 (00007900)     _I2caRegs

00009096     242 (00009080)     __IQ24sinPU
000090bf     242 (00009080)     __IQ24cosPU

00009b20     26c (00009b00)     ___TI_enable_exit_profile_output
00009b22     26c (00009b00)     ___TI_cleanup_ptr
00009b24     26c (00009b00)     ___TI_dtors_ptr
00009b26     26c (00009b00)     __lock
00009b28     26c (00009b00)     __unlock
00009b2a     26c (00009b00)     _errno

00009b40     26d (00009b40)     _lsw
00009b41     26d (00009b40)     _PwmDacCh1
00009b42     26d (00009b40)     _SerialCommsTimer
00009b43     26d (00009b40)     _PwmDacCh3
00009b44     26d (00009b40)     _PwmDacCh4
00009b45     26d (00009b40)     _BackTicker
00009b46     26d (00009b40)     _PwmDacCh2
00009b47     26d (00009b40)     _DRV8301_cntrl_reg2
00009b48     26d (00009b40)     _MPeriod
00009b49     26d (00009b40)     _Sector
00009b4a     26d (00009b40)     _DRV8301_stat_reg2
00009b4b     26d (00009b40)     _DRV8301_stat_reg1
00009b4c     26d (00009b40)     _read_drv_status
00009b4d     26d (00009b40)     _LockRotorFlag
00009b4e     26d (00009b40)     _SpeedLoopPrescaler
00009b4f     26d (00009b40)     _EnableFlag
00009b50     26d (00009b40)     _RunMotor
00009b51     26d (00009b40)     _DlogCh2
00009b52     26d (00009b40)     _DlogCh3
00009b53     26d (00009b40)     _DlogCh1
00009b54     26d (00009b40)     _DRV_RESET
00009b55     26d (00009b40)     _SpeedLoopCount
00009b56     26d (00009b40)     _DRV8301_cntrl_reg1
00009b57     26d (00009b40)     _DlogCh4
00009b58     26d (00009b40)     _B_Task_Ptr
00009b5a     26d (00009b40)     _Alpha_State_Ptr
00009b5c     26d (00009b40)     _A_Task_Ptr
00009b5e     26d (00009b40)     _C_Task_Ptr
00009b60     26d (00009b40)     _cal_offset_B
00009b62     26d (00009b40)     _cal_offset_A
00009b64     26d (00009b40)     _T
00009b66     26d (00009b40)     _cal_filt_gain
00009b68     26d (00009b40)     _IsrTicker
00009b6a     26d (00009b40)     _VqTesting
00009b6c     26d (00009b40)     _VdTesting
00009b6e     26d (00009b40)     _IqRef
00009b70     26d (00009b40)     _IdRef
00009b72     26d (00009b40)     _invE0
00009b74     26d (00009b40)     _E0
00009b76     26d (00009b40)     _Va
00009b78     26d (00009b40)     _Vc
00009b7a     26d (00009b40)     _Vb
00009b7c     26d (00009b40)     _t1
00009b7e     26d (00009b40)     _Temp1

00009b80     26e (00009b80)     _rc_tmp
00009b82     26e (00009b80)     _Tmp_fr
00009b84     26e (00009b80)     _TmpD
00009b86     26e (00009b80)     _Tmp
00009b88     26e (00009b80)     _SpeedRef
00009b8a     26e (00009b80)     _temp_sv1
00009b8c     26e (00009b80)     _temp_sv2
00009b8e     26e (00009b80)     _t2
00009b90     26e (00009b80)     _VTimer1
00009b94     26e (00009b80)     _VTimer2
00009b98     26e (00009b80)     _VTimer0
00009b9c     26e (00009b80)     _pwm1
00009ba4     26e (00009b80)     _clarke1
00009bac     26e (00009b80)     _svgen_dq1
00009bb6     26e (00009b80)     _pwmdac1

00009bc0     26f (00009bc0)     _rg1
00009bcc     26f (00009bc0)     _park1
00009bda     26f (00009bc0)     _ipark1
00009be8     26f (00009bc0)     _rc1

00009c00     270 (00009c00)     _smo1_const
00009c0e     270 (00009c00)     _speed3
00009c1e     270 (00009c00)     _qep1

00009c40     271 (00009c40)     _speed1
00009c52     271 (00009c40)     _volt1
00009c66     271 (00009c40)     _dlog

00009c80     272 (00009c80)     _smo1

00009cc0     273 (00009cc0)     _pid1_id

00009d00     274 (00009d00)     _pid1_spd

00009d40     275 (00009d40)     _pid1_iq

003d7e80    f5fa (003d7e80)     _PartIdRegs

003f7ff8    fdff (003f7fc0)     _CsmPwl

003fe000    ff80 (003fe000)     _IQsinTable

003fe100    ff84 (003fe100)     _IQcosTable

003fe400    ff90 (003fe400)     _IQsinTableEnd

003fe502    ff94 (003fe500)     _IQcosTableEnd
003fe502    ff94 (003fe500)     _IQdivRoundSatTable
003fe510    ff94 (003fe500)     _IQdivTable

003fe712    ff9c (003fe700)     _IQdivTableEnd
003fe712    ff9c (003fe700)     _IQisqrtRoundSatTable
003fe712    ff9c (003fe700)     _IQsqrtRoundSatTable
003fe722    ff9c (003fe700)     _IQisqrtTable
003fe722    ff9c (003fe700)     _IQsqrtTable

003fe824    ffa0 (003fe800)     _IQatan2HalfPITable
003fe824    ffa0 (003fe800)     _IQisqrtTableEnd
003fe824    ffa0 (003fe800)     _IQsqrtTableEnd

003fe862    ffa1 (003fe840)     _IQatan2Table

003fe9e8    ffa7 (003fe9c0)     _IQ30mpyRndSatTable
003fe9e8    ffa7 (003fe9c0)     _IQatan2TableEnd
003fe9e8    ffa7 (003fe9c0)     _IQmpyRndSatTable
003fe9f4    ffa7 (003fe9c0)     _IQ29mpyRndSatTable

003fea00    ffa8 (003fea00)     _IQ28mpyRndSatTable
003fea0c    ffa8 (003fea00)     _IQ27mpyRndSatTable
003fea18    ffa8 (003fea00)     _IQ26mpyRndSatTable
003fea24    ffa8 (003fea00)     _IQ25mpyRndSatTable
003fea30    ffa8 (003fea00)     _IQ24mpyRndSatTable
003fea3c    ffa8 (003fea00)     _IQ23mpyRndSatTable

003fea48    ffa9 (003fea40)     _IQ22mpyRndSatTable
003fea54    ffa9 (003fea40)     _IQ21mpyRndSatTable
003fea60    ffa9 (003fea40)     _IQ20mpyRndSatTable
003fea6c    ffa9 (003fea40)     _IQ19mpyRndSatTable
003fea78    ffa9 (003fea40)     _IQ18mpyRndSatTable

003fea84    ffaa (003fea80)     _IQ17mpyRndSatTable
003fea90    ffaa (003fea80)     _IQ16mpyRndSatTable
003fea9c    ffaa (003fea80)     _IQ15mpyRndSatTable
003feaa8    ffaa (003fea80)     _IQ14mpyRndSatTable
003feab4    ffaa (003fea80)     _IQ13mpyRndSatTable

003feac0    ffab (003feac0)     _IQ12mpyRndSatTable
003feacc    ffab (003feac0)     _IQ11mpyRndSatTable
003fead8    ffab (003feac0)     _IQ10mpyRndSatTable
003feae4    ffab (003feac0)     _IQ9mpyRndSatTable
003feaf0    ffab (003feac0)     _IQ8mpyRndSatTable
003feafc    ffab (003feac0)     _IQ7mpyRndSatTable

003feb08    ffac (003feb00)     _IQ6mpyRndSatTable
003feb14    ffac (003feb00)     _IQ5mpyRndSatTable
003feb20    ffac (003feb00)     _IQ4mpyRndSatTable
003feb2c    ffac (003feb00)     _IQ3mpyRndSatTable
003feb38    ffac (003feb00)     _IQ2mpyRndSatTable

003feb44    ffad (003feb40)     _IQ1mpyRndSatTable
003feb50    ffad (003feb40)     _IQmpyRndSatTableEnd


GLOBAL SYMBOLS: SORTED ALPHABETICALLY BY Name 

page  address   name                            
----  -------   ----                            
0     00008000  .text                           
0     00008f3b  C$$EXIT                         
0     00008c53  FD$$MPY                         
0     00008fb1  FD$$TOL                         
0     00008d5e  FS$$ADD                         
0     00009059  FS$$CMP                         
0     00008cd6  FS$$DIV                         
0     00008e42  FS$$MPY                         
0     0000908e  FS$$NEG                         
0     00008d59  FS$$SUB                         
0     0000900a  FS$$TOFD                        
0     00008f64  FS$$TOL                         
0     00008fd0  FS$$TOU                         
0     00009026  L$$TOFS                         
0     00009070  U$$TOFS                         
0     0000855e  _A0                             
0     000085a3  _A1                             
0     00008653  _A2                             
0     00008659  _A3                             
1     00009b5c  _A_Task_Ptr                     
1     00007100  _AdcRegs                        
1     00000b00  _AdcResult                      
1     00009b5a  _Alpha_State_Ptr                
0     00008577  _B0                             
0     0000865f  _B1                             
0     00008665  _B2                             
0     0000866b  _B3                             
1     00009b58  _B_Task_Ptr                     
1     00009b45  _BackTicker                     
0     0000858d  _C0                             
0     00008671  _C1                             
0     0000867b  _C2                             
0     00008681  _C3                             
1     00009b5e  _C_Task_Ptr                     
1     00001400  _Cla1Regs                       
1     00006400  _Comp1Regs                      
1     00006420  _Comp2Regs                      
1     00006440  _Comp3Regs                      
1     00000c00  _CpuTimer0Regs                  
1     00000c08  _CpuTimer1Regs                  
1     00000c10  _CpuTimer2Regs                  
1     003f7ff8  _CsmPwl                         
1     00000ae0  _CsmRegs                        
0     00008ef0  _DLOG_4CH_init                  
0     00008efb  _DLOG_4CH_update                
0     00008dd1  _DRV8301_SPI_Init               
0     00008df4  _DRV8301_SPI_Read               
0     00008e23  _DRV8301_SPI_Write              
1     00009b56  _DRV8301_cntrl_reg1             
1     00009b47  _DRV8301_cntrl_reg2             
1     00009b4b  _DRV8301_stat_reg1              
1     00009b4a  _DRV8301_stat_reg2              
1     00009b54  _DRV_RESET                      
0     00000281  _DSP28x_usDelay                 
1     00000880  _DevEmuRegs                     
0     00008942  _DeviceInit                     
1     00009b53  _DlogCh1                        
1     00009b51  _DlogCh2                        
1     00009b52  _DlogCh3                        
1     00009b57  _DlogCh4                        
1     00009b74  _E0                             
1     00006040  _ECanaLAMRegs                   
1     000060c0  _ECanaMOTORegs                  
1     00006080  _ECanaMOTSRegs                  
1     00006100  _ECanaMboxes                    
1     00006000  _ECanaRegs                      
1     00006a00  _ECap1Regs                      
1     00006800  _EPwm1Regs                      
1     00006840  _EPwm2Regs                      
1     00006880  _EPwm3Regs                      
1     000068c0  _EPwm4Regs                      
1     00006900  _EPwm5Regs                      
1     00006940  _EPwm6Regs                      
1     00006980  _EPwm7Regs                      
1     00006b00  _EQep1Regs                      
1     00000d01  _EmuBMode                       
1     00000d00  _EmuKey                         
1     00009b4f  _EnableFlag                     
1     00000a80  _FlashRegs                      
1     00000d04  _Flash_CPUScaleFactor           
1     00000d02  _Flash_CallbackPtr              
1     00006f80  _GpioCtrlRegs                   
1     00006fc0  _GpioDataRegs                   
1     00006fe0  _GpioIntRegs                    
1     00007900  _I2caRegs                       
0     003fead8  _IQ10mpyRndSatTable             
0     003feacc  _IQ11mpyRndSatTable             
0     003feac0  _IQ12mpyRndSatTable             
0     003feab4  _IQ13mpyRndSatTable             
0     003feaa8  _IQ14mpyRndSatTable             
0     003fea9c  _IQ15mpyRndSatTable             
0     003fea90  _IQ16mpyRndSatTable             
0     003fea84  _IQ17mpyRndSatTable             
0     003fea78  _IQ18mpyRndSatTable             
0     003fea6c  _IQ19mpyRndSatTable             
0     003feb44  _IQ1mpyRndSatTable              
0     003fea60  _IQ20mpyRndSatTable             
0     003fea54  _IQ21mpyRndSatTable             
0     003fea48  _IQ22mpyRndSatTable             
0     003fea3c  _IQ23mpyRndSatTable             
0     003fea30  _IQ24mpyRndSatTable             
0     003fea24  _IQ25mpyRndSatTable             
0     003fea18  _IQ26mpyRndSatTable             
0     003fea0c  _IQ27mpyRndSatTable             
0     003fea00  _IQ28mpyRndSatTable             
0     003fe9f4  _IQ29mpyRndSatTable             
0     003feb38  _IQ2mpyRndSatTable              
0     003fe9e8  _IQ30mpyRndSatTable             
0     003feb2c  _IQ3mpyRndSatTable              
0     003feb20  _IQ4mpyRndSatTable              
0     003feb14  _IQ5mpyRndSatTable              
0     003feb08  _IQ6mpyRndSatTable              
0     003feafc  _IQ7mpyRndSatTable              
0     003feaf0  _IQ8mpyRndSatTable              
0     003feae4  _IQ9mpyRndSatTable              
0     003fe824  _IQatan2HalfPITable             
0     003fe862  _IQatan2Table                   
0     003fe9e8  _IQatan2TableEnd                
0     003fe100  _IQcosTable                     
0     003fe502  _IQcosTableEnd                  
0     003fe502  _IQdivRoundSatTable             
0     003fe510  _IQdivTable                     
0     003fe712  _IQdivTableEnd                  
0     003fe712  _IQisqrtRoundSatTable           
0     003fe722  _IQisqrtTable                   
0     003fe824  _IQisqrtTableEnd                
0     003fe9e8  _IQmpyRndSatTable               
0     003feb50  _IQmpyRndSatTableEnd            
0     003fe000  _IQsinTable                     
0     003fe400  _IQsinTableEnd                  
0     003fe712  _IQsqrtRoundSatTable            
0     003fe722  _IQsqrtTable                    
0     003fe824  _IQsqrtTableEnd                 
0     00009089  _ISR_ILLEGAL                    
1     00009b70  _IdRef                          
1     00009b6e  _IqRef                          
1     00009b68  _IsrTicker                      
1     00006c00  _LinaRegs                       
1     00009b4d  _LockRotorFlag                  
1     00009b48  _MPeriod                        
0     00008687  _MainISR                        
0     00008af2  _MemCopy                        
1     00007060  _NmiIntruptRegs                 
0     00008a7d  _PLLset                         
1     003d7e80  _PartIdRegs                     
0     00008ab7  _PieCntlInit                    
1     00000ce0  _PieCtrlRegs                    
1     00000d00  _PieVectTable                   
0     00008ad6  _PieVectTableInit               
1     00009b41  _PwmDacCh1                      
1     00009b46  _PwmDacCh2                      
1     00009b43  _PwmDacCh3                      
1     00009b44  _PwmDacCh4                      
1     00009b50  _RunMotor                       
1     00007050  _SciaRegs                       
1     00009b49  _Sector                         
1     00009b42  _SerialCommsTimer               
1     00009b55  _SpeedLoopCount                 
1     00009b4e  _SpeedLoopPrescaler             
1     00009b88  _SpeedRef                       
1     00007040  _SpiaRegs                       
1     00007740  _SpibRegs                       
1     00007010  _SysCtrlRegs                    
1     00000985  _SysPwrCtrlRegs                 
1     00009b64  _T                              
1     00009b7e  _Temp1                          
1     00009b86  _Tmp                            
1     00009b84  _TmpD                           
1     00009b82  _Tmp_fr                         
1     00009b98  _VTimer0                        
1     00009b90  _VTimer1                        
1     00009b94  _VTimer2                        
1     00009b76  _Va                             
1     00009b7a  _Vb                             
1     00009b78  _Vc                             
1     00009b6c  _VdTesting                      
1     00009b6a  _VqTesting                      
0     00008a75  _WDogDisable                    
1     00007070  _XIntruptRegs                   
0     000090bf  __IQ24cosPU                     
0     00009096  __IQ24sinPU                     
1     00000800  __STACK_END                     
abs   00000380  __STACK_SIZE                    
1     00009b22  ___TI_cleanup_ptr               
1     00009b24  ___TI_dtors_ptr                 
1     00009b20  ___TI_enable_exit_profile_output
abs   ffffffff  ___TI_pprof_out_hndl            
abs   ffffffff  ___TI_prof_data_size            
abs   ffffffff  ___TI_prof_data_start           
abs   ffffffff  ___binit__                      
abs   ffffffff  ___c_args__                     
0     00000050  ___cinit__                      
0     00009096  ___etext__                      
abs   ffffffff  ___pinit__                      
0     00008000  ___text__                       
0     00009040  __args_main                     
1     00009b26  __lock                          
0     00009088  __nop                           
0     00009084  __register_lock                 
0     00009080  __register_unlock               
1     00000480  __stack                         
0     00009095  __system_post_cinit             
0     00009093  __system_pre_init               
1     00009b28  __unlock                        
0     00008f3b  _abort                          
0     00008e9c  _c_int00                        
1     00009b66  _cal_filt_gain                  
1     00009b62  _cal_offset_A                   
1     00009b60  _cal_offset_B                   
1     00009ba4  _clarke1                        
0     00008f8d  _copy_in                        
1     00009c66  _dlog                           
1     00009b2a  _errno                          
0     00008f3d  _exit                           
0     00008b05  _exp                            
0     00008b05  _expf                           
1     00009b72  _invE0                          
1     00009bda  _ipark1                         
1     00009b40  _lsw                            
0     00008000  _main                           
0     00008fed  _memcpy                         
1     00009bcc  _park1                          
1     00009cc0  _pid1_id                        
1     00009d40  _pid1_iq                        
1     00009d00  _pid1_spd                       
1     00009b9c  _pwm1                           
1     00009bb6  _pwmdac1                        
1     00009c1e  _qep1                           
1     00009be8  _rc1                            
1     00009b80  _rc_tmp                         
1     00009b4c  _read_drv_status                
1     00009bc0  _rg1                            
1     00009c80  _smo1                           
1     00009c00  _smo1_const                     
1     00009c40  _speed1                         
1     00009c0e  _speed3                         
1     00009bac  _svgen_dq1                      
1     00009b7c  _t1                             
1     00009b8e  _t2                             
1     00009b8a  _temp_sv1                       
1     00009b8c  _temp_sv2                       
1     00009c52  _volt1                          
abs   ffffffff  binit                           
0     00000050  cinit                           
0     00009096  etext                           
abs   ffffffff  pinit                           


GLOBAL SYMBOLS: SORTED BY Symbol Address 

page  address   name                            
----  -------   ----                            
0     00000050  ___cinit__                      
0     00000050  cinit                           
0     00000281  _DSP28x_usDelay                 
0     00008000  .text                           
0     00008000  ___text__                       
0     00008000  _main                           
0     0000855e  _A0                             
0     00008577  _B0                             
0     0000858d  _C0                             
0     000085a3  _A1                             
0     00008653  _A2                             
0     00008659  _A3                             
0     0000865f  _B1                             
0     00008665  _B2                             
0     0000866b  _B3                             
0     00008671  _C1                             
0     0000867b  _C2                             
0     00008681  _C3                             
0     00008687  _MainISR                        
0     00008942  _DeviceInit                     
0     00008a75  _WDogDisable                    
0     00008a7d  _PLLset                         
0     00008ab7  _PieCntlInit                    
0     00008ad6  _PieVectTableInit               
0     00008af2  _MemCopy                        
0     00008b05  _exp                            
0     00008b05  _expf                           
0     00008c53  FD$$MPY                         
0     00008cd6  FS$$DIV                         
0     00008d59  FS$$SUB                         
0     00008d5e  FS$$ADD                         
0     00008dd1  _DRV8301_SPI_Init               
0     00008df4  _DRV8301_SPI_Read               
0     00008e23  _DRV8301_SPI_Write              
0     00008e42  FS$$MPY                         
0     00008e9c  _c_int00                        
0     00008ef0  _DLOG_4CH_init                  
0     00008efb  _DLOG_4CH_update                
0     00008f3b  C$$EXIT                         
0     00008f3b  _abort                          
0     00008f3d  _exit                           
0     00008f64  FS$$TOL                         
0     00008f8d  _copy_in                        
0     00008fb1  FD$$TOL                         
0     00008fd0  FS$$TOU                         
0     00008fed  _memcpy                         
0     0000900a  FS$$TOFD                        
0     00009026  L$$TOFS                         
0     00009040  __args_main                     
0     00009059  FS$$CMP                         
0     00009070  U$$TOFS                         
0     00009080  __register_unlock               
0     00009084  __register_lock                 
0     00009088  __nop                           
0     00009089  _ISR_ILLEGAL                    
0     0000908e  FS$$NEG                         
0     00009093  __system_pre_init               
0     00009095  __system_post_cinit             
0     00009096  __IQ24sinPU                     
0     00009096  ___etext__                      
0     00009096  etext                           
0     000090bf  __IQ24cosPU                     
0     003fe000  _IQsinTable                     
0     003fe100  _IQcosTable                     
0     003fe400  _IQsinTableEnd                  
0     003fe502  _IQcosTableEnd                  
0     003fe502  _IQdivRoundSatTable             
0     003fe510  _IQdivTable                     
0     003fe712  _IQdivTableEnd                  
0     003fe712  _IQisqrtRoundSatTable           
0     003fe712  _IQsqrtRoundSatTable            
0     003fe722  _IQisqrtTable                   
0     003fe722  _IQsqrtTable                    
0     003fe824  _IQatan2HalfPITable             
0     003fe824  _IQisqrtTableEnd                
0     003fe824  _IQsqrtTableEnd                 
0     003fe862  _IQatan2Table                   
0     003fe9e8  _IQ30mpyRndSatTable             
0     003fe9e8  _IQatan2TableEnd                
0     003fe9e8  _IQmpyRndSatTable               
0     003fe9f4  _IQ29mpyRndSatTable             
0     003fea00  _IQ28mpyRndSatTable             
0     003fea0c  _IQ27mpyRndSatTable             
0     003fea18  _IQ26mpyRndSatTable             
0     003fea24  _IQ25mpyRndSatTable             
0     003fea30  _IQ24mpyRndSatTable             
0     003fea3c  _IQ23mpyRndSatTable             
0     003fea48  _IQ22mpyRndSatTable             
0     003fea54  _IQ21mpyRndSatTable             
0     003fea60  _IQ20mpyRndSatTable             
0     003fea6c  _IQ19mpyRndSatTable             
0     003fea78  _IQ18mpyRndSatTable             
0     003fea84  _IQ17mpyRndSatTable             
0     003fea90  _IQ16mpyRndSatTable             
0     003fea9c  _IQ15mpyRndSatTable             
0     003feaa8  _IQ14mpyRndSatTable             
0     003feab4  _IQ13mpyRndSatTable             
0     003feac0  _IQ12mpyRndSatTable             
0     003feacc  _IQ11mpyRndSatTable             
0     003fead8  _IQ10mpyRndSatTable             
0     003feae4  _IQ9mpyRndSatTable              
0     003feaf0  _IQ8mpyRndSatTable              
0     003feafc  _IQ7mpyRndSatTable              
0     003feb08  _IQ6mpyRndSatTable              
0     003feb14  _IQ5mpyRndSatTable              
0     003feb20  _IQ4mpyRndSatTable              
0     003feb2c  _IQ3mpyRndSatTable              
0     003feb38  _IQ2mpyRndSatTable              
0     003feb44  _IQ1mpyRndSatTable              
0     003feb50  _IQmpyRndSatTableEnd            
1     00000480  __stack                         
1     00000800  __STACK_END                     
1     00000880  _DevEmuRegs                     
1     00000985  _SysPwrCtrlRegs                 
1     00000a80  _FlashRegs                      
1     00000ae0  _CsmRegs                        
1     00000b00  _AdcResult                      
1     00000c00  _CpuTimer0Regs                  
1     00000c08  _CpuTimer1Regs                  
1     00000c10  _CpuTimer2Regs                  
1     00000ce0  _PieCtrlRegs                    
1     00000d00  _EmuKey                         
1     00000d00  _PieVectTable                   
1     00000d01  _EmuBMode                       
1     00000d02  _Flash_CallbackPtr              
1     00000d04  _Flash_CPUScaleFactor           
1     00001400  _Cla1Regs                       
1     00006000  _ECanaRegs                      
1     00006040  _ECanaLAMRegs                   
1     00006080  _ECanaMOTSRegs                  
1     000060c0  _ECanaMOTORegs                  
1     00006100  _ECanaMboxes                    
1     00006400  _Comp1Regs                      
1     00006420  _Comp2Regs                      
1     00006440  _Comp3Regs                      
1     00006800  _EPwm1Regs                      
1     00006840  _EPwm2Regs                      
1     00006880  _EPwm3Regs                      
1     000068c0  _EPwm4Regs                      
1     00006900  _EPwm5Regs                      
1     00006940  _EPwm6Regs                      
1     00006980  _EPwm7Regs                      
1     00006a00  _ECap1Regs                      
1     00006b00  _EQep1Regs                      
1     00006c00  _LinaRegs                       
1     00006f80  _GpioCtrlRegs                   
1     00006fc0  _GpioDataRegs                   
1     00006fe0  _GpioIntRegs                    
1     00007010  _SysCtrlRegs                    
1     00007040  _SpiaRegs                       
1     00007050  _SciaRegs                       
1     00007060  _NmiIntruptRegs                 
1     00007070  _XIntruptRegs                   
1     00007100  _AdcRegs                        
1     00007740  _SpibRegs                       
1     00007900  _I2caRegs                       
1     00009b20  ___TI_enable_exit_profile_output
1     00009b22  ___TI_cleanup_ptr               
1     00009b24  ___TI_dtors_ptr                 
1     00009b26  __lock                          
1     00009b28  __unlock                        
1     00009b2a  _errno                          
1     00009b40  _lsw                            
1     00009b41  _PwmDacCh1                      
1     00009b42  _SerialCommsTimer               
1     00009b43  _PwmDacCh3                      
1     00009b44  _PwmDacCh4                      
1     00009b45  _BackTicker                     
1     00009b46  _PwmDacCh2                      
1     00009b47  _DRV8301_cntrl_reg2             
1     00009b48  _MPeriod                        
1     00009b49  _Sector                         
1     00009b4a  _DRV8301_stat_reg2              
1     00009b4b  _DRV8301_stat_reg1              
1     00009b4c  _read_drv_status                
1     00009b4d  _LockRotorFlag                  
1     00009b4e  _SpeedLoopPrescaler             
1     00009b4f  _EnableFlag                     
1     00009b50  _RunMotor                       
1     00009b51  _DlogCh2                        
1     00009b52  _DlogCh3                        
1     00009b53  _DlogCh1                        
1     00009b54  _DRV_RESET                      
1     00009b55  _SpeedLoopCount                 
1     00009b56  _DRV8301_cntrl_reg1             
1     00009b57  _DlogCh4                        
1     00009b58  _B_Task_Ptr                     
1     00009b5a  _Alpha_State_Ptr                
1     00009b5c  _A_Task_Ptr                     
1     00009b5e  _C_Task_Ptr                     
1     00009b60  _cal_offset_B                   
1     00009b62  _cal_offset_A                   
1     00009b64  _T                              
1     00009b66  _cal_filt_gain                  
1     00009b68  _IsrTicker                      
1     00009b6a  _VqTesting                      
1     00009b6c  _VdTesting                      
1     00009b6e  _IqRef                          
1     00009b70  _IdRef                          
1     00009b72  _invE0                          
1     00009b74  _E0                             
1     00009b76  _Va                             
1     00009b78  _Vc                             
1     00009b7a  _Vb                             
1     00009b7c  _t1                             
1     00009b7e  _Temp1                          
1     00009b80  _rc_tmp                         
1     00009b82  _Tmp_fr                         
1     00009b84  _TmpD                           
1     00009b86  _Tmp                            
1     00009b88  _SpeedRef                       
1     00009b8a  _temp_sv1                       
1     00009b8c  _temp_sv2                       
1     00009b8e  _t2                             
1     00009b90  _VTimer1                        
1     00009b94  _VTimer2                        
1     00009b98  _VTimer0                        
1     00009b9c  _pwm1                           
1     00009ba4  _clarke1                        
1     00009bac  _svgen_dq1                      
1     00009bb6  _pwmdac1                        
1     00009bc0  _rg1                            
1     00009bcc  _park1                          
1     00009bda  _ipark1                         
1     00009be8  _rc1                            
1     00009c00  _smo1_const                     
1     00009c0e  _speed3                         
1     00009c1e  _qep1                           
1     00009c40  _speed1                         
1     00009c52  _volt1                          
1     00009c66  _dlog                           
1     00009c80  _smo1                           
1     00009cc0  _pid1_id                        
1     00009d00  _pid1_spd                       
1     00009d40  _pid1_iq                        
1     003d7e80  _PartIdRegs                     
1     003f7ff8  _CsmPwl                         
abs   00000380  __STACK_SIZE                    
abs   ffffffff  ___TI_pprof_out_hndl            
abs   ffffffff  ___TI_prof_data_size            
abs   ffffffff  ___TI_prof_data_start           
abs   ffffffff  ___binit__                      
abs   ffffffff  ___c_args__                     
abs   ffffffff  ___pinit__                      
abs   ffffffff  binit                           
abs   ffffffff  pinit                           

[246 symbols]
